START PHYSICAL_TASK_DETAIL_RECOVERY inherited_real_worker_session
CHECKPOINT THREE_ZONES intent=worker labels=('Prijave', 'Zadaci', 'Dogovori')
CHECKPOINT THREE_ZONES intent=worker labels=('Prijave', 'Zadaci', 'Dogovori')
CHECKPOINT W04_LOCAL_REST_STOPPED id=5f313d19a903a4bcd99e0a8c56e066cf1ac10ce92122c9d65fb91b977d3e522c
EVIDENCE W04_cold_read_error
CHECKPOINT THREE_ZONES intent=worker labels=('Prijave', 'Zadaci', 'Dogovori')
EVIDENCE W04_error_back_to_discovery
CHECKPOINT W04_LOCAL_REST_RESTORED id=5f313d19a903a4bcd99e0a8c56e066cf1ac10ce92122c9d65fb91b977d3e522c
CHECKPOINT THREE_ZONES intent=worker labels=('Prijave', 'Zadaci', 'Dogovori')
EVIDENCE W04_recovered_detail
CHECKPOINT W04_LOCAL_REST_STOPPED id=5f313d19a903a4bcd99e0a8c56e066cf1ac10ce92122c9d65fb91b977d3e522c
EVIDENCE W04_cached_transport_error
EVIDENCE W04_offline_retry_no_cta
CHECKPOINT W04_LOCAL_REST_RESTORED id=5f313d19a903a4bcd99e0a8c56e066cf1ac10ce92122c9d65fb91b977d3e522c
EVIDENCE W04_retry_restored
CHECKPOINT W04_LOCAL_REST_STOPPED id=5f313d19a903a4bcd99e0a8c56e066cf1ac10ce92122c9d65fb91b977d3e522c
EVIDENCE W05_read_error
EVIDENCE W05_error_back_to_detail
CHECKPOINT W04_LOCAL_REST_RESTORED id=5f313d19a903a4bcd99e0a8c56e066cf1ac10ce92122c9d65fb91b977d3e522c
EVIDENCE W04_after_composer_back
CHECKPOINT W04_LOCAL_REST_STOPPED id=5f313d19a903a4bcd99e0a8c56e066cf1ac10ce92122c9d65fb91b977d3e522c
EVIDENCE W05_second_read_error
CHECKPOINT W04_LOCAL_REST_RESTORED id=5f313d19a903a4bcd99e0a8c56e066cf1ac10ce92122c9d65fb91b977d3e522c
Traceback (most recent call last):
  File "/home/runner/work/USKOCI-CLEAN/USKOCI-CLEAN/scripts/task_detail_android_journey.py", line 110, in <module>
    root, _ = wait_surface(desc='Pošalji prijavu', timeout=45)
              ^^^^^^^^^^^^^^^^^^^^^^^^^^^^^^^^^^^^^^^^^^^^^^^^
  File "/home/runner/work/USKOCI-CLEAN/USKOCI-CLEAN/scripts/ru5_android_device_ui_journey.py", line 212, in wait_surface
    nodes, parent = wait_nodes(timeout=timeout, **criteria)
                    ^^^^^^^^^^^^^^^^^^^^^^^^^^^^^^^^^^^^^^^
  File "/home/runner/work/USKOCI-CLEAN/USKOCI-CLEAN/scripts/ru5_android_device_ui_journey.py", line 158, in wait_nodes
    raise RuntimeError(
RuntimeError: Timeout criteria={'desc': 'Pošalji prijavu'} minimum=1; last=0 visible=[('', 'Nazad na zadatak', 'android.widget.Button'), ('Nazad na zadatak', '', 'android.widget.TextView'), ('Podatke za prijavu trenutno nije moguće učitati.', '', 'android.widget.TextView'), ('Proverite vezu i pokušajte ponovo ili se vratite na zadatak.', '', 'android.widget.TextView'), ('', 'Pokušajte ponovo', 'android.widget.Button'), ('Pokušajte ponovo', '', 'android.widget.TextView'), ('', 'Prijave', 'android.view.View'), ('Prijave', '', 'android.widget.TextView'), ('', 'Zadaci', 'android.view.View'), ('Zadaci', '', 'android.widget.TextView'), ('', 'Dogovori', 'android.view.View'), ('Dogovori', '', 'android.widget.TextView')] xml_tail=" clickable="false" enabled="true" focusable="false" focused="false" scrollable="false" long-clickable="false" password="false" selected="false" bounds="[870,2170][930,2213]" /></node></node></node><node index="2" text="Dogovori" resource-id="" class="android.widget.TextView" package="rs.uskoci.n04proof" content-desc="" checkable="false" checked="false" clickable="false" enabled="true" focusable="false" focused="false" scrollable="false" long-clickable="false" password="false" selected="false" bounds="[833,2235][967,2259]" /></node></node></node></node></node></node></node></node></node></node></node></node></node></node><node index="1" text="" resource-id="android:id/navigationBarBackground" class="android.view.View" package="rs.uskoci.n04proof" content-desc="" checkable="false" checked="false" clickable="false" enabled="true" focusable="false" focused="false" scrollable="false" long-clickable="false" password="false" selected="false" bounds="[0,2274][1080,2400]" /></node></hierarchy>
