PUBLIC NORMALIZED LOG COPY - credential values redacted where detected.
Original raw log retained outside Git in the workspace evidence archive.
Original SHA256: fb4f08dcec19883759004eebffaaf8fc501a31da63c2f21917629b84d12ee5d3

﻿2026-09-07T21:32:40.0392243Z Current runner version: '2.337.0'
2026-09-07T21:32:40.0428209Z ##[group]Runner Image Provisioner
2026-09-07T21:32:40.0429914Z Hosted Compute Agent
2026-09-07T21:32:40.0430863Z Version: 20260828.587
2026-09-07T21:32:40.0431867Z Commit: abac92662cab4cc7352de4f9f9d2e2419aad9c29
2026-09-07T21:32:40.0433183Z Build Date: 2026-08-28T16:44:25Z
2026-09-07T21:32:40.0434287Z Worker ID: {d6d114e7-37be-4fb3-a885-07d5a57c252a}
2026-09-07T21:32:40.0435513Z Azure Region: eastus
2026-09-07T21:32:40.0436379Z ##[endgroup]
2026-09-07T21:32:40.0439338Z ##[group]Operating System
2026-09-07T21:32:40.0440390Z Ubuntu
2026-09-07T21:32:40.0441216Z 24.04.4
2026-09-07T21:32:40.0442203Z LTS
2026-09-07T21:32:40.0443053Z ##[endgroup]
2026-09-07T21:32:40.0444020Z ##[group]Runner Image
2026-09-07T21:32:40.0444971Z Image: ubuntu-24.04
2026-09-07T21:32:40.0445832Z Version: 20260831.293.1
2026-09-07T21:32:40.0448015Z Included Software: https://github.com/actions/runner-images/blob/ubuntu24/20260831.293/images/ubuntu/Ubuntu2404-Readme.md
2026-09-07T21:32:40.0450886Z Image Release: https://github.com/actions/runner-images/releases/tag/ubuntu24%2F20260831.293
2026-09-07T21:32:40.0452437Z ##[endgroup]
2026-09-07T21:32:40.0454302Z ##[group]GITHUB_TOKEN Permissions
2026-09-07T21:32:40.0457247Z Contents: read
2026-09-07T21:32:40.0458401Z Metadata: read
2026-09-07T21:32:40.0459486Z ##[endgroup]
2026-09-07T21:32:40.0462873Z Secret source: Actions
2026-09-07T21:32:40.0464409Z Prepare workflow directory
2026-09-07T21:32:40.0934318Z Prepare all required actions
2026-09-07T21:32:40.1005501Z Getting action download info
2026-09-07T21:32:40.2748032Z Download action repository 'actions/checkout@v4' (SHA:11d5960a326750d5838078e36cf38b85af677262)
2026-09-07T21:32:40.3919374Z Download action repository 'actions/setup-python@v5' (SHA:a26af69be951a213d495a4c3e4e4022e16d87065)
2026-09-07T21:32:40.4733574Z Download action repository 'actions/setup-node@v4' (SHA:49933ea5288caeca8642d1e84afbd3f7d6820020)
2026-09-07T21:32:40.6672078Z Complete job name: pre-p4-integrity
2026-09-07T21:32:40.7445398Z Node 20 is being deprecated. This workflow is running with Node 24 by default. If you need to temporarily use Node 20, you can set the ACTIONS_ALLOW_USE_UNSECURE_NODE_VERSION=true environment variable. For more information see: https://github.blog/changelog/2025-09-19-deprecation-of-node-20-on-github-actions-runners/
2026-09-07T21:32:40.7454478Z ##[group]Run actions/checkout@v4
2026-09-07T21:32:40.7455179Z with:
2026-09-07T21:32:40.7455631Z   repository: Uskoci1/USKOCI-CLEAN
2026-09-07T21:32:40.7460030Z   token: ***
2026-09-07T21:32:40.7460477Z   ssh-strict: true
2026-09-07T21:32:40.7460929Z   ssh-user: git
2026-09-07T21:32:40.7461387Z   persist-credentials: true
2026-09-07T21:32:40.7461884Z   clean: true
2026-09-07T21:32:40.7462338Z   sparse-checkout-cone-mode: true
2026-09-07T21:32:40.7462874Z   fetch-depth: 1
2026-09-07T21:32:40.7463313Z   fetch-tags: false
2026-09-07T21:32:40.7463755Z   show-progress: true
2026-09-07T21:32:40.7464204Z   lfs: false
2026-09-07T21:32:40.7464687Z   submodules: false
2026-09-07T21:32:40.7465159Z   set-safe-directory: true
2026-09-07T21:32:40.7465667Z   allow-unsafe-pr-checkout: false
2026-09-07T21:32:40.7466357Z ##[endgroup]
2026-09-07T21:32:40.8502152Z Syncing repository: Uskoci1/USKOCI-CLEAN
2026-09-07T21:32:40.8504831Z ##[group]Getting Git version info
2026-09-07T21:32:40.8506046Z Working directory is '/home/runner/work/USKOCI-CLEAN/USKOCI-CLEAN'
2026-09-07T21:32:40.8507823Z [command]/usr/bin/git version
2026-09-07T21:32:40.8531729Z git version 2.55.0
2026-09-07T21:32:40.8554474Z ##[endgroup]
2026-09-07T21:32:40.8571534Z Temporarily overriding HOME='/home/runner/work/_temp/791d3048-0352-4088-8f3a-392ec0dab04b' before making global git config changes
2026-09-07T21:32:40.8573760Z Adding repository directory to the temporary git global config as a safe directory
2026-09-07T21:32:40.8577005Z [command]/usr/bin/git config --global --add safe.directory /home/runner/work/USKOCI-CLEAN/USKOCI-CLEAN
2026-09-07T21:32:40.8629296Z Deleting the contents of '/home/runner/work/USKOCI-CLEAN/USKOCI-CLEAN'
2026-09-07T21:32:40.8632954Z ##[group]Initializing the repository
2026-09-07T21:32:40.8638317Z [command]/usr/bin/git init /home/runner/work/USKOCI-CLEAN/USKOCI-CLEAN
2026-09-07T21:32:40.8717150Z hint: Using 'master' as the name for the initial branch. This default branch name
2026-09-07T21:32:40.8719404Z hint: will change to "main" in Git 3.0. To configure the initial branch name
2026-09-07T21:32:40.8722501Z hint: to use in all of your new repositories, which will suppress this warning,
2026-09-07T21:32:40.8723878Z hint: call:
2026-09-07T21:32:40.8724749Z hint:
2026-09-07T21:32:40.8725632Z hint: 	git config --global init.defaultBranch <name>
2026-09-07T21:32:40.8726436Z hint:
2026-09-07T21:32:40.8727048Z hint: Names commonly chosen instead of 'master' are 'main', 'trunk' and
2026-09-07T21:32:40.8728066Z hint: 'development'. The just-created branch can be renamed via this command:
2026-09-07T21:32:40.8729659Z hint:
2026-09-07T21:32:40.8730326Z hint: 	git branch -m <name>
2026-09-07T21:32:40.8731183Z hint:
2026-09-07T21:32:40.8732014Z hint: Disable this message with "git config set advice.defaultBranchName false"
2026-09-07T21:32:40.8733045Z Initialized empty Git repository in /home/runner/work/USKOCI-CLEAN/USKOCI-CLEAN/.git/
2026-09-07T21:32:40.8734867Z [command]/usr/bin/git remote add origin https://github.com/Uskoci1/USKOCI-CLEAN
2026-09-07T21:32:40.8775761Z ##[endgroup]
2026-09-07T21:32:40.8776750Z ##[group]Disabling automatic garbage collection
2026-09-07T21:32:40.8780312Z [command]/usr/bin/git config --local gc.auto 0
2026-09-07T21:32:40.8815773Z ##[endgroup]
2026-09-07T21:32:40.8816712Z ##[group]Setting up auth
2026-09-07T21:32:40.8823696Z [command]/usr/bin/git config --local --name-only --get-regexp core\.sshCommand
2026-09-07T21:32:40.8861534Z [command]/usr/bin/git submodule foreach --recursive sh -c "git config --local --name-only --get-regexp 'core\.sshCommand' && git config --local --unset-all 'core.sshCommand' || :"
2026-09-07T21:32:40.9224017Z [command]/usr/bin/git config --local --name-only --get-regexp http\.https\:\/\/github\.com\/\.extraheader
2026-09-07T21:32:40.9265996Z [command]/usr/bin/git submodule foreach --recursive sh -c "git config --local --name-only --get-regexp 'http\.https\:\/\/github\.com\/\.extraheader' && git config --local --unset-all 'http.https://github.com/.extraheader' || :"
2026-09-07T21:32:40.9538355Z [command]/usr/bin/git config --local --name-only --get-regexp ^includeIf\.gitdir:
2026-09-07T21:32:40.9579596Z [command]/usr/bin/git submodule foreach --recursive git config --local --show-origin --name-only --get-regexp remote.origin.url
2026-09-07T21:32:40.9823571Z [command]/usr/bin/git config --local http.https://github.com/.extraheader AUTHORIZATION: basic ***
2026-09-07T21:32:40.9865952Z ##[endgroup]
2026-09-07T21:32:40.9866954Z ##[group]Fetching the repository
2026-09-07T21:32:40.9876126Z [command]/usr/bin/git -c protocol.version=2 fetch --no-tags --prune --no-recurse-submodules --depth=1 origin +3fabff91036a4941077d9e1eacb9e9abf8de8093:refs/remotes/pull/66/merge
2026-09-07T21:32:42.6268293Z From https://github.com/Uskoci1/USKOCI-CLEAN
2026-09-07T21:32:42.6270376Z  * [new ref]         3fabff91036a4941077d9e1eacb9e9abf8de8093 -> pull/66/merge
2026-09-07T21:32:42.6274751Z ##[endgroup]
2026-09-07T21:32:42.6277442Z ##[group]Determining the checkout info
2026-09-07T21:32:42.6279129Z ##[endgroup]
2026-09-07T21:32:42.6283387Z [command]/usr/bin/git sparse-checkout disable
2026-09-07T21:32:42.6342158Z [command]/usr/bin/git config --local --unset-all extensions.worktreeConfig
2026-09-07T21:32:42.6382677Z ##[group]Checking out the ref
2026-09-07T21:32:42.6389601Z [command]/usr/bin/git checkout --progress --force refs/remotes/pull/66/merge
2026-09-07T21:32:42.8952509Z Note: switching to 'refs/remotes/pull/66/merge'.
2026-09-07T21:32:42.8953575Z
2026-09-07T21:32:42.8954362Z You are in 'detached HEAD' state. You can look around, make experimental
2026-09-07T21:32:42.8956057Z changes and commit them, and you can discard any commits you make in this
2026-09-07T21:32:42.8957719Z state without impacting any branches by switching back to a branch.
2026-09-07T21:32:42.8958401Z
2026-09-07T21:32:42.8959230Z If you want to create a new branch to retain commits you create, you may
2026-09-07T21:32:42.8960496Z do so (now or later) by using -c with the switch command. Example:
2026-09-07T21:32:42.8961243Z
2026-09-07T21:32:42.8961614Z   git switch -c <new-branch-name>
2026-09-07T21:32:42.8962173Z
2026-09-07T21:32:42.8962525Z Or undo this operation with:
2026-09-07T21:32:42.8963024Z
2026-09-07T21:32:42.8963344Z   git switch -
2026-09-07T21:32:42.8963749Z
2026-09-07T21:32:42.8964632Z Turn off this advice by setting config variable advice.detachedHead to false
2026-09-07T21:32:42.8966022Z
2026-09-07T21:32:42.8967485Z HEAD is now at 3fabff9 Merge 82a99fc115ff813327e9548c66fedd8413d29bff into 80e091ee31930b28cc5c2e0af6b6e876a4926362
2026-09-07T21:32:42.8972518Z ##[endgroup]
2026-09-07T21:32:42.9019942Z [command]/usr/bin/git log -1 --format=%H
2026-09-07T21:32:42.9049220Z 3fabff91036a4941077d9e1eacb9e9abf8de8093
2026-09-07T21:32:42.9457548Z Node 20 is being deprecated. This workflow is running with Node 24 by default. If you need to temporarily use Node 20, you can set the ACTIONS_ALLOW_USE_UNSECURE_NODE_VERSION=true environment variable. For more information see: https://github.blog/changelog/2025-09-19-deprecation-of-node-20-on-github-actions-runners/
2026-09-07T21:32:42.9462531Z ##[group]Run actions/setup-python@v5
2026-09-07T21:32:42.9463688Z with:
2026-09-07T21:32:42.9464571Z   python-version: 3.13
2026-09-07T21:32:42.9465581Z   check-latest: false
2026-09-07T21:32:42.9474698Z   token: ***
2026-09-07T21:32:42.9475655Z   update-environment: true
2026-09-07T21:32:42.9476757Z   allow-prereleases: false
2026-09-07T21:32:42.9477795Z   freethreaded: false
2026-09-07T21:32:42.9478858Z ##[endgroup]
2026-09-07T21:32:43.0832989Z ##[group]Installed versions
2026-09-07T21:32:43.0915794Z Successfully set up CPython (3.13.15)
2026-09-07T21:32:43.0935265Z ##[endgroup]
2026-09-07T21:32:43.0937516Z (node:2251) [DEP0040] DeprecationWarning: The `punycode` module is deprecated. Please use a userland alternative instead.
2026-09-07T21:32:43.0938955Z (Use `node --trace-deprecation ...` to show where the warning was created)
2026-09-07T21:32:43.1096127Z ##[group]Run sh supabase/migrations/check_md5.sh
2026-09-07T21:32:43.1096725Z sh supabase/migrations/check_md5.sh
2026-09-07T21:32:43.1267584Z shell: /usr/bin/bash -e {0}
2026-09-07T21:32:43.1268303Z env:
2026-09-07T21:32:43.1269105Z   pythonLocation: /opt/hostedtoolcache/Python/3.13.15/x64
2026-09-07T21:32:43.1269870Z   PKG_CONFIG_PATH: /opt/hostedtoolcache/Python/3.13.15/x64/lib/pkgconfig
2026-09-07T21:32:43.1270485Z   Python_ROOT_DIR: /opt/hostedtoolcache/Python/3.13.15/x64
2026-09-07T21:32:43.1271007Z   Python2_ROOT_DIR: /opt/hostedtoolcache/Python/3.13.15/x64
2026-09-07T21:32:43.1271443Z   Python3_ROOT_DIR: /opt/hostedtoolcache/Python/3.13.15/x64
2026-09-07T21:32:43.1271880Z   LD_LIBRARY_PATH: /opt/hostedtoolcache/Python/3.13.15/x64/lib
2026-09-07T21:32:43.1272303Z ##[endgroup]
2026-09-07T21:32:43.5762877Z PASS migration_integrity files=87 live_snapshot=87 pending=0 191500=RECORDED_STATEMENT_RECONSTRUCTION exact_byte_mirror=false participant_contract=PASS
2026-09-07T21:32:43.5920062Z Node 20 is being deprecated. This workflow is running with Node 24 by default. If you need to temporarily use Node 20, you can set the ACTIONS_ALLOW_USE_UNSECURE_NODE_VERSION=true environment variable. For more information see: https://github.blog/changelog/2025-09-19-deprecation-of-node-20-on-github-actions-runners/
2026-09-07T21:32:43.5921378Z ##[group]Run actions/setup-node@v4
2026-09-07T21:32:43.5921691Z with:
2026-09-07T21:32:43.5921945Z   node-version: 24
2026-09-07T21:32:43.5922211Z   cache: npm
2026-09-07T21:32:43.5922475Z   always-auth: false
2026-09-07T21:32:43.5922748Z   check-latest: false
2026-09-07T21:32:43.5925447Z   token: ***
2026-09-07T21:32:43.5925706Z env:
2026-09-07T21:32:43.5926029Z   pythonLocation: /opt/hostedtoolcache/Python/3.13.15/x64
2026-09-07T21:32:43.5926782Z   PKG_CONFIG_PATH: /opt/hostedtoolcache/Python/3.13.15/x64/lib/pkgconfig
2026-09-07T21:32:43.5927265Z   Python_ROOT_DIR: /opt/hostedtoolcache/Python/3.13.15/x64
2026-09-07T21:32:43.5927736Z   Python2_ROOT_DIR: /opt/hostedtoolcache/Python/3.13.15/x64
2026-09-07T21:32:43.5928177Z   Python3_ROOT_DIR: /opt/hostedtoolcache/Python/3.13.15/x64
2026-09-07T21:32:43.5928623Z   LD_LIBRARY_PATH: /opt/hostedtoolcache/Python/3.13.15/x64/lib
2026-09-07T21:32:43.5929223Z ##[endgroup]
2026-09-07T21:32:43.7376738Z Found in cache @ /opt/hostedtoolcache/node/24.20.0/x64
2026-09-07T21:32:43.7381072Z (node:2263) [DEP0040] DeprecationWarning: The `punycode` module is deprecated. Please use a userland alternative instead.
2026-09-07T21:32:43.7381833Z (Use `node --trace-deprecation ...` to show where the warning was created)
2026-09-07T21:32:43.7384220Z ##[group]Environment details
2026-09-07T21:32:44.0907987Z node: v24.20.0
2026-09-07T21:32:44.0908539Z npm: 11.19.0
2026-09-07T21:32:44.0909350Z yarn: 1.22.22
2026-09-07T21:32:44.0910135Z ##[endgroup]
2026-09-07T21:32:44.0931370Z [command]/opt/hostedtoolcache/node/24.20.0/x64/bin/npm config get cache
2026-09-07T21:32:44.2020381Z /home/runner/.npm
2026-09-07T21:32:44.2741833Z Cache hit for: node-cache-Linux-x64-npm-8397ea54b5b80fda2980aa993dfe2420b89679f27acfefdcdfd110c26b03facb
2026-09-07T21:32:44.2865129Z (node:2263) [DEP0169] DeprecationWarning: `url.parse()` behavior is not standardized and prone to errors that have security implications. Use the WHATWG URL API instead. CVEs are not issued for `url.parse()` vulnerabilities.
2026-09-07T21:32:45.3390306Z Received 186921868 of 195310476 (95.7%), 178.4 MBs/sec
2026-09-07T21:32:45.4290368Z Received 195310476 of 195310476 (100.0%), 171.8 MBs/sec
2026-09-07T21:32:45.4293415Z Cache Size: ~186 MB (195310476 B)
2026-09-07T21:32:45.4353142Z [command]/usr/bin/tar -xf /home/runner/work/_temp/587e8aff-357a-4784-aa12-2520713fedbb/cache.tzst -P -C /home/runner/work/USKOCI-CLEAN/USKOCI-CLEAN --use-compress-program unzstd
2026-09-07T21:32:45.8018643Z Cache restored successfully
2026-09-07T21:32:45.8118324Z Cache restored from key: node-cache-Linux-x64-npm-8397ea54b5b80fda2980aa993dfe2420b89679f27acfefdcdfd110c26b03facb
2026-09-07T21:32:45.8315826Z ##[group]Run npm ci
2026-09-07T21:32:45.8316089Z npm ci
2026-09-07T21:32:45.8365341Z shell: /usr/bin/bash -e {0}
2026-09-07T21:32:45.8365611Z env:
2026-09-07T21:32:45.8365891Z   pythonLocation: /opt/hostedtoolcache/Python/3.13.15/x64
2026-09-07T21:32:45.8366338Z   PKG_CONFIG_PATH: /opt/hostedtoolcache/Python/3.13.15/x64/lib/pkgconfig
2026-09-07T21:32:45.8366771Z   Python_ROOT_DIR: /opt/hostedtoolcache/Python/3.13.15/x64
2026-09-07T21:32:45.8367168Z   Python2_ROOT_DIR: /opt/hostedtoolcache/Python/3.13.15/x64
2026-09-07T21:32:45.8367549Z   Python3_ROOT_DIR: /opt/hostedtoolcache/Python/3.13.15/x64
2026-09-07T21:32:45.8367931Z   LD_LIBRARY_PATH: /opt/hostedtoolcache/Python/3.13.15/x64/lib
2026-09-07T21:32:45.8368265Z ##[endgroup]
2026-09-07T21:32:50.7268346Z npm warn deprecated inflight@1.0.6: This module is not supported, and leaks memory. Do not use it. Check out lru-cache if you want a good and tested way to coalesce async requests by a key value, which is much more comprehensive and powerful.
2026-09-07T21:32:50.8757724Z npm warn deprecated abab@2.0.6: Use your platform's native atob() and btoa() methods instead
2026-09-07T21:32:50.8954434Z npm warn deprecated glob@7.2.3: Old versions of glob are not supported, and contain widely publicized security vulnerabilities, which have been fixed in the current version. Please update. Support for old versions may be purchased (at exorbitant rates) by contacting i@izs.me
2026-09-07T21:32:50.8972672Z npm warn deprecated glob@7.2.3: Old versions of glob are not supported, and contain widely publicized security vulnerabilities, which have been fixed in the current version. Please update. Support for old versions may be purchased (at exorbitant rates) by contacting i@izs.me
2026-09-07T21:32:50.8982873Z npm warn deprecated glob@7.2.3: Old versions of glob are not supported, and contain widely publicized security vulnerabilities, which have been fixed in the current version. Please update. Support for old versions may be purchased (at exorbitant rates) by contacting i@izs.me
2026-09-07T21:32:50.9012739Z npm warn deprecated glob@7.2.3: Old versions of glob are not supported, and contain widely publicized security vulnerabilities, which have been fixed in the current version. Please update. Support for old versions may be purchased (at exorbitant rates) by contacting i@izs.me
2026-09-07T21:32:50.9020362Z npm warn deprecated whatwg-encoding@2.0.0: Use @exodus/bytes instead for a more spec-conformant and faster implementation
2026-09-07T21:32:51.0639670Z npm warn deprecated domexception@4.0.0: Use your platform's native DOMException instead
2026-09-07T21:33:02.4384017Z
2026-09-07T21:33:02.4384644Z > uskoci-app@1.0.0 postinstall
2026-09-07T21:33:02.4385137Z > node ./scripts/sync-entry-reference-assets.cjs
2026-09-07T21:33:02.4385385Z
2026-09-07T21:33:02.5088417Z [entry-reference] city 64388 bytes mime=image/webp sha256=ad4c57566f3a69b269f6371f2ed516146e583e820c2ce8051c3dcaf870193f01
2026-09-07T21:33:02.5094301Z [entry-reference] font 134916 bytes header=00010000 sha256=0b82ab5fdba8e0147e38e89237ea4a430f0d7017c313d9b8e56a309acde756c0
2026-09-07T21:33:02.5095493Z [entry-reference] animation data generated from canonical HTML
2026-09-07T21:33:02.5942160Z
2026-09-07T21:33:02.5943375Z added 855 packages, and audited 857 packages in 17s
2026-09-07T21:33:02.5943803Z
2026-09-07T21:33:02.5943978Z 82 packages are looking for funding
2026-09-07T21:33:02.5944299Z   run `npm fund` for details
2026-09-07T21:33:02.5955808Z
2026-09-07T21:33:02.5956031Z found 0 vulnerabilities
2026-09-07T21:33:02.7284030Z ##[group]Run node --test scripts/metro-cache-concurrency.test.cjs
2026-09-07T21:33:02.7284544Z node --test scripts/metro-cache-concurrency.test.cjs
2026-09-07T21:33:02.7338597Z shell: /usr/bin/bash -e {0}
2026-09-07T21:33:02.7339070Z env:
2026-09-07T21:33:02.7339390Z   pythonLocation: /opt/hostedtoolcache/Python/3.13.15/x64
2026-09-07T21:33:02.7339840Z   PKG_CONFIG_PATH: /opt/hostedtoolcache/Python/3.13.15/x64/lib/pkgconfig
2026-09-07T21:33:02.7340278Z   Python_ROOT_DIR: /opt/hostedtoolcache/Python/3.13.15/x64
2026-09-07T21:33:02.7340665Z   Python2_ROOT_DIR: /opt/hostedtoolcache/Python/3.13.15/x64
2026-09-07T21:33:02.7341055Z   Python3_ROOT_DIR: /opt/hostedtoolcache/Python/3.13.15/x64
2026-09-07T21:33:02.7341443Z   LD_LIBRARY_PATH: /opt/hostedtoolcache/Python/3.13.15/x64/lib
2026-09-07T21:33:02.7341780Z ##[endgroup]
2026-09-07T21:33:03.2091404Z ✔ Windows bounds concurrent warm reads and writes across all stores and preserves values (62.628521ms)
2026-09-07T21:33:03.2092896Z ✔ sync throws and async rejections release their slot without changing errors or stalling later work (5.562ms)
2026-09-07T21:33:03.2094151Z ✔ clear keeps the original store receiver, return value, and synchronous errors (1.422205ms)
2026-09-07T21:33:03.2094870Z ✔ linux keeps the exact default cache array and store objects (0.705618ms)
2026-09-07T21:33:03.2095591Z ✔ darwin keeps the exact default cache array and store objects (0.668885ms)
2026-09-07T21:33:03.2096285Z ✔ installed Metro discovers the CommonJS config and loads Expo defaults (284.716667ms)
2026-09-07T21:33:03.9563750Z ✔ installed Expo binary store survives controlled descriptor pressure with unchanged disk values (775.19569ms)
2026-09-07T21:33:03.9566154Z ℹ Expo 57.0.18; linux; BinaryFileStore; 1200 disk writes + 3600 warm reads; injected baseline EMFILE refusals=1136; wrapped refusals=0; wrapped peak=32; completed disk operations=4869
2026-09-07T21:33:03.9850917Z ℹ tests 7
2026-09-07T21:33:03.9851328Z ℹ suites 0
2026-09-07T21:33:03.9851718Z ℹ pass 7
2026-09-07T21:33:03.9852034Z ℹ fail 0
2026-09-07T21:33:03.9852483Z ℹ cancelled 0
2026-09-07T21:33:03.9852853Z ℹ skipped 0
2026-09-07T21:33:03.9853270Z ℹ todo 0
2026-09-07T21:33:03.9853676Z ℹ duration_ms 1206.670557
2026-09-07T21:33:03.9947046Z ##[group]Run npx tsc --noEmit
2026-09-07T21:33:03.9947547Z npx tsc --noEmit
2026-09-07T21:33:03.9989624Z shell: /usr/bin/bash -e {0}
2026-09-07T21:33:03.9989900Z env:
2026-09-07T21:33:03.9990192Z   pythonLocation: /opt/hostedtoolcache/Python/3.13.15/x64
2026-09-07T21:33:03.9990650Z   PKG_CONFIG_PATH: /opt/hostedtoolcache/Python/3.13.15/x64/lib/pkgconfig
2026-09-07T21:33:03.9991112Z   Python_ROOT_DIR: /opt/hostedtoolcache/Python/3.13.15/x64
2026-09-07T21:33:03.9991504Z   Python2_ROOT_DIR: /opt/hostedtoolcache/Python/3.13.15/x64
2026-09-07T21:33:03.9991895Z   Python3_ROOT_DIR: /opt/hostedtoolcache/Python/3.13.15/x64
2026-09-07T21:33:03.9992277Z   LD_LIBRARY_PATH: /opt/hostedtoolcache/Python/3.13.15/x64/lib
2026-09-07T21:33:03.9992617Z ##[endgroup]
2026-09-07T21:33:09.1651377Z ##[group]Run npm test -- --runInBand
2026-09-07T21:33:09.1651919Z npm test -- --runInBand
2026-09-07T21:33:09.1707578Z shell: /usr/bin/bash -e {0}
2026-09-07T21:33:09.1708011Z env:
2026-09-07T21:33:09.1708444Z   pythonLocation: /opt/hostedtoolcache/Python/3.13.15/x64
2026-09-07T21:33:09.1709468Z   PKG_CONFIG_PATH: /opt/hostedtoolcache/Python/3.13.15/x64/lib/pkgconfig
2026-09-07T21:33:09.1710154Z   Python_ROOT_DIR: /opt/hostedtoolcache/Python/3.13.15/x64
2026-09-07T21:33:09.1710785Z   Python2_ROOT_DIR: /opt/hostedtoolcache/Python/3.13.15/x64
2026-09-07T21:33:09.1711401Z   Python3_ROOT_DIR: /opt/hostedtoolcache/Python/3.13.15/x64
2026-09-07T21:33:09.1712018Z   LD_LIBRARY_PATH: /opt/hostedtoolcache/Python/3.13.15/x64/lib
2026-09-07T21:33:09.1712533Z ##[endgroup]
2026-09-07T21:33:09.2786771Z
2026-09-07T21:33:09.2787306Z > uskoci-app@1.0.0 test
2026-09-07T21:33:09.2787666Z > jest --runInBand
2026-09-07T21:33:09.2787814Z
2026-09-07T21:33:12.2291920Z PASS src/data/__tests__/agreement-outbox.test.ts
2026-09-07T21:33:12.6160553Z PASS src/data/__tests__/task-detail-screen.test.tsx
2026-09-07T21:33:13.4186889Z PASS src/data/__tests__/auth-entry-surface.test.tsx
2026-09-07T21:33:13.6090865Z PASS src/store/__tests__/session-epoch.test.ts
2026-09-07T21:33:13.8727562Z PASS src/data/__tests__/agreement-screen-recovery.test.tsx
2026-09-07T21:33:13.9999344Z PASS src/data/__tests__/auth-entry-hooks.test.tsx
2026-09-07T21:33:20.5721579Z PASS src/store/__tests__/session-layout.test.tsx (6.556 s)
2026-09-07T21:33:20.6866867Z PASS src/data/__tests__/cdl-a09-worker-profile-equivalence.test.ts
2026-09-07T21:33:20.8652753Z PASS src/data/__tests__/profile-hub.test.tsx
2026-09-07T21:33:21.0378036Z PASS src/data/__tests__/agreement-chat-ui.test.tsx
2026-09-07T21:33:21.1446486Z PASS src/store/__tests__/return-target-ownership.test.ts
2026-09-07T21:33:21.2481686Z PASS src/data/__tests__/cdl-a03-need-read-equivalence.test.ts
2026-09-07T21:33:21.3710866Z PASS src/data/__tests__/cdl-a02-agreement-mutation-equivalence.test.ts
2026-09-07T21:33:21.6068213Z PASS scripts/__tests__/eas-preview-guard.test.ts
2026-09-07T21:33:24.4596511Z PASS src/data/__tests__/m02-atomski-izbor.test.ts
2026-09-07T21:33:24.5499407Z PASS src/data/__tests__/cdl-a01-agreement-read-equivalence.test.ts
2026-09-07T21:33:27.9457347Z PASS src/data/__tests__/r02-ai-nacrt.test.ts
2026-09-07T21:33:28.0648011Z PASS src/data/__tests__/notification-preferences-client.test.ts
2026-09-07T21:33:28.1879652Z PASS src/data/__tests__/inbox-model.test.ts
2026-09-07T21:33:28.3562063Z PASS src/data/__tests__/application-composer-read.test.tsx
2026-09-07T21:33:28.4655892Z PASS src/data/__tests__/auth-client.test.ts
2026-09-07T21:33:28.5678461Z PASS src/data/__tests__/task-detail-read.test.ts
2026-09-07T21:33:28.6414740Z PASS src/data/__tests__/ru5-p0c03-application-client.test.ts
2026-09-07T21:33:28.7390383Z PASS src/data/__tests__/cdl-a10-ai-command-shadow-equivalence.test.ts
2026-09-07T21:33:30.1909758Z PASS scripts/__tests__/firebase-config.test.ts
2026-09-07T21:33:30.3137042Z PASS src/data/__tests__/entry-intro-hook.test.tsx
2026-09-07T21:33:30.4316965Z PASS src/data/__tests__/entry-splash-ready-hook.test.tsx
2026-09-07T21:33:30.5406737Z PASS src/data/__tests__/auth-availability-client.test.ts
2026-09-07T21:33:30.6266100Z PASS src/data/__tests__/own-profile-client.test.ts
2026-09-07T21:33:30.7056764Z PASS src/data/__tests__/ru5-p0c01-public-profile.test.ts
2026-09-07T21:33:30.7673360Z PASS __tests__/notificationMessageEventContract.test.ts
2026-09-07T21:33:30.8695670Z PASS src/data/__tests__/agreement-message-client.test.ts
2026-09-07T21:33:30.9631801Z PASS src/data/__tests__/agreement-message-read.test.ts
2026-09-07T21:33:31.0267619Z PASS src/data/__tests__/cdl-a12-ai-publish-shadow-equivalence.test.ts
2026-09-07T21:33:31.1262659Z PASS __tests__/tabLayoutSafeAreaContract.test.ts
2026-09-07T21:33:33.7394420Z PASS src/data/__tests__/m07-zavrsetak.test.ts
2026-09-07T21:33:33.8153190Z PASS src/data/__tests__/cdl-a05-phone-grant-equivalence.test.ts
2026-09-07T21:33:36.1973002Z PASS src/data/__tests__/m04-privatnost-kontakt.test.ts
2026-09-07T21:33:36.3809021Z PASS __tests__/routerDecoderDependencyContract.test.ts
2026-09-07T21:33:36.4516810Z PASS __tests__/notificationSelectionEventContract.test.ts
2026-09-07T21:33:36.5165554Z PASS src/data/__tests__/cdl-a08-exact-location-equivalence.test.ts
2026-09-07T21:33:36.5917873Z PASS src/data/__tests__/cdl-a07-completion-mark-equivalence.test.ts
2026-09-07T21:33:36.6724084Z PASS src/data/__tests__/focused-resource-hook.test.tsx
2026-09-07T21:33:36.7611041Z PASS src/data/__tests__/opportunities-read.test.ts
2026-09-07T21:33:36.8359224Z PASS src/data/__tests__/ru2-ai-v2-ui.test.ts
2026-09-07T21:33:36.9163797Z PASS src/data/__tests__/cdl-a06-problem-report-equivalence.test.ts
2026-09-07T21:33:37.1270159Z PASS src/data/__tests__/entry-brand-scene-clock.test.tsx
2026-09-07T21:33:37.1922701Z PASS src/data/__tests__/cdl-a11-ai-conversation-shadow-equivalence.test.ts
2026-09-07T21:33:37.2745991Z PASS src/data/__tests__/cdl-a04-response-viewed-equivalence.test.ts
2026-09-07T21:33:37.3661785Z PASS src/store/__tests__/auth-runtime.test.ts
2026-09-07T21:33:37.4574127Z PASS src/data/__tests__/inbox-client.test.ts
2026-09-07T21:33:37.5350770Z PASS src/data/__tests__/focused-resource.test.ts
2026-09-07T21:33:37.6175440Z PASS src/data/__tests__/entry-intent-client.test.ts
2026-09-07T21:33:37.6936706Z PASS __tests__/ru5DevicePostflightSqlContract.test.ts
2026-09-07T21:33:37.7721413Z PASS src/data/__tests__/agreement-outbox-hook.test.tsx
2026-09-07T21:33:37.8519208Z PASS __tests__/notificationForwardAdmissionContract.test.ts
2026-09-07T21:33:37.9120227Z PASS __tests__/inboxBackendContract.test.ts
2026-09-07T21:33:37.9841819Z PASS src/data/__tests__/ru5-p0d01-candidate-projection-contract.test.ts
2026-09-07T21:33:38.0490265Z PASS __tests__/entrySafeAreaContract.test.ts
2026-09-07T21:33:38.1672866Z PASS __tests__/notificationPushRegistryContract.test.ts
2026-09-07T21:33:38.2260268Z PASS __tests__/notificationAgreementChangeContract.test.ts
2026-09-07T21:33:38.3048617Z PASS src/lib/__tests__/selectionIdempotency.test.ts
2026-09-07T21:33:38.4518066Z PASS __tests__/nativeBuildDependencyContract.test.ts
2026-09-07T21:33:38.5259873Z PASS src/data/__tests__/aiNeedV2Ui.test.ts
2026-09-07T21:33:38.5277029Z
2026-09-07T21:33:38.5285764Z Test Suites: 64 passed, 64 total
2026-09-07T21:33:38.5286395Z Tests:       600 passed, 600 total
2026-09-07T21:33:38.5286803Z Snapshots:   0 total
2026-09-07T21:33:38.5289477Z Time:        28.556 s
2026-09-07T21:33:38.5290246Z Ran all test suites.
2026-09-07T21:33:38.6727001Z Node 20 is being deprecated. This workflow is running with Node 24 by default. If you need to temporarily use Node 20, you can set the ACTIONS_ALLOW_USE_UNSECURE_NODE_VERSION=true environment variable. For more information see: https://github.blog/changelog/2025-09-19-deprecation-of-node-20-on-github-actions-runners/
2026-09-07T21:33:38.6728169Z Post job cleanup.
2026-09-07T21:33:38.8010766Z (node:2508) [DEP0040] DeprecationWarning: The `punycode` module is deprecated. Please use a userland alternative instead.
2026-09-07T21:33:38.8012305Z (Use `node --trace-deprecation ...` to show where the warning was created)
2026-09-07T21:33:38.8014784Z Cache hit occurred on the primary key node-cache-Linux-x64-npm-8397ea54b5b80fda2980aa993dfe2420b89679f27acfefdcdfd110c26b03facb, not saving cache.
2026-09-07T21:33:38.8183442Z Node 20 is being deprecated. This workflow is running with Node 24 by default. If you need to temporarily use Node 20, you can set the ACTIONS_ALLOW_USE_UNSECURE_NODE_VERSION=true environment variable. For more information see: https://github.blog/changelog/2025-09-19-deprecation-of-node-20-on-github-actions-runners/
2026-09-07T21:33:38.8185478Z Post job cleanup.
2026-09-07T21:33:38.9475072Z (node:2517) [DEP0040] DeprecationWarning: The `punycode` module is deprecated. Please use a userland alternative instead.
2026-09-07T21:33:38.9476358Z (Use `node --trace-deprecation ...` to show where the warning was created)
2026-09-07T21:33:38.9664129Z Node 20 is being deprecated. This workflow is running with Node 24 by default. If you need to temporarily use Node 20, you can set the ACTIONS_ALLOW_USE_UNSECURE_NODE_VERSION=true environment variable. For more information see: https://github.blog/changelog/2025-09-19-deprecation-of-node-20-on-github-actions-runners/
2026-09-07T21:33:38.9665366Z Post job cleanup.
2026-09-07T21:33:39.0580815Z [command]/usr/bin/git version
2026-09-07T21:33:39.0634981Z git version 2.55.0
2026-09-07T21:33:39.0673726Z Temporarily overriding HOME='/home/runner/work/_temp/b1adb285-393e-40b2-9b89-1a475720df42' before making global git config changes
2026-09-07T21:33:39.0675205Z Adding repository directory to the temporary git global config as a safe directory
2026-09-07T21:33:39.0680671Z [command]/usr/bin/git config --global --add safe.directory /home/runner/work/USKOCI-CLEAN/USKOCI-CLEAN
2026-09-07T21:33:39.0726198Z [command]/usr/bin/git config --local --name-only --get-regexp core\.sshCommand
2026-09-07T21:33:39.0766887Z [command]/usr/bin/git submodule foreach --recursive sh -c "git config --local --name-only --get-regexp 'core\.sshCommand' && git config --local --unset-all 'core.sshCommand' || :"
2026-09-07T21:33:39.1043768Z [command]/usr/bin/git config --local --name-only --get-regexp http\.https\:\/\/github\.com\/\.extraheader
2026-09-07T21:33:39.1075404Z http.https://github.com/.extraheader
2026-09-07T21:33:39.1089376Z [command]/usr/bin/git config --local --unset-all http.https://github.com/.extraheader
2026-09-07T21:33:39.1132998Z [command]/usr/bin/git submodule foreach --recursive sh -c "git config --local --name-only --get-regexp 'http\.https\:\/\/github\.com\/\.extraheader' && git config --local --unset-all 'http.https://github.com/.extraheader' || :"
2026-09-07T21:33:39.1416331Z [command]/usr/bin/git config --local --name-only --get-regexp ^includeIf\.gitdir:
2026-09-07T21:33:39.1461678Z [command]/usr/bin/git submodule foreach --recursive git config --local --show-origin --name-only --get-regexp remote.origin.url
2026-09-07T21:33:39.1877660Z Cleaning up orphan processes
2026-09-07T21:33:39.2189475Z ##[warning]Node.js 20 is deprecated. The following actions target Node.js 20 but are being forced to run on Node.js 24: actions/checkout@v4, actions/setup-node@v4, actions/setup-python@v5. For more information see: https://github.blog/changelog/2025-09-19-deprecation-of-node-20-on-github-actions-runners/
