         1790450923.049 15681 15761 I ReactNativeJS: [USKOCI_DISCOVERY_TRACE] [1,"seed",1,0,0,true,false,1]
         1790450924.144 15681 15761 I ReactNativeJS: [USKOCI_DISCOVERY_TRACE] [2,"content",true,1562.3,0,1562.3,-1]
         1790450925.944 15681 15761 I ReactNativeJS: [USKOCI_DISCOVERY_TRACE] [3,"ready",false,0,true,-1,0,923.4,true,true,true,1562.3,1562.3,0]
         1790450925.977 15681 15761 I ReactNativeJS: [USKOCI_DISCOVERY_TRACE] [4,"content",true,3005.3,1562.3,654.9,-1]
         1790451031.569 15681 15761 I ReactNativeJS: [USKOCI_DISCOVERY_TRACE] [5,"ready",true,2,true,-1,0,147.2,true,true,true,577.1,3005.3,577]
         1790451053.748 15681 15761 I ReactNativeJS: [USKOCI_DISCOVERY_TRACE] [6,"content",true,3241.5,3005.3,577.1,-1]
         1790451054.240 15681 15761 I ReactNativeJS: [USKOCI_DISCOVERY_TRACE] [7,"content",true,3769.5,3241.5,577.1,-1]
         1790451054.463 15681 15761 I ReactNativeJS: [USKOCI_DISCOVERY_TRACE] [8,"content",true,4005.7,3769.5,577.1,-1]
         1790451055.159 15681 15761 I ReactNativeJS: [USKOCI_DISCOVERY_TRACE] [9,"content",true,4513.1,4005.7,577.1,-1]
         1790451055.673 15681 15761 I ReactNativeJS: [USKOCI_DISCOVERY_TRACE] [10,"content",true,4776,4513.1,577.1,-1]
         1790451056.034 15681 15761 I ReactNativeJS: [USKOCI_DISCOVERY_TRACE] [11,"content",true,4996.2,4776,577.1,-1]
         1790451056.617 15681 15761 I ReactNativeJS: [USKOCI_DISCOVERY_TRACE] [12,"content",true,5287.2,4996.2,577.1,-1]
         1790451056.970 15681 15761 I ReactNativeJS: [USKOCI_DISCOVERY_TRACE] [13,"content",true,5545.9,5287.2,577.1,-1]
         1790451057.415 15681 15761 I ReactNativeJS: [USKOCI_DISCOVERY_TRACE] [14,"content",true,5811,5545.9,577.1,-1]
         1790451057.793 15681 15761 I ReactNativeJS: [USKOCI_DISCOVERY_TRACE] [15,"content",true,6031.2,5811,577.1,-1]
         1790451058.419 15681 15761 I ReactNativeJS: [USKOCI_DISCOVERY_TRACE] [16,"content",true,6267.4,6031.2,577.1,-1]
         1790451059.020 15681 15761 I ReactNativeJS: [USKOCI_DISCOVERY_TRACE] [17,"content",true,6510.1,6267.4,577.1,-1]
         1790451059.636 15681 15761 I ReactNativeJS: [USKOCI_DISCOVERY_TRACE] [18,"content",true,6801.1,6510.1,577.1,-1]
         1790451083.265 15681 15761 I ReactNativeJS: [USKOCI_DISCOVERY_TRACE] [19,"content",true,7037.3,6801.1,577.1,-1]
         1790451083.426 15681 15761 I ReactNativeJS: [USKOCI_DISCOVERY_TRACE] [20,"content",true,7296,7037.3,577.1,-1]
         1790451083.978 15681 15761 I ReactNativeJS: [USKOCI_DISCOVERY_TRACE] [21,"content",true,7538.7,7296,577.1,-1]
         1790451084.498 15681 15761 I ReactNativeJS: [USKOCI_DISCOVERY_TRACE] [22,"content",true,7774.9,7538.7,577.1,-1]
         1790451084.985 15681 15761 I ReactNativeJS: [USKOCI_DISCOVERY_TRACE] [23,"content",true,8286.1,7774.9,577.1,-1]
         1790451085.516 15681 15761 I ReactNativeJS: [USKOCI_DISCOVERY_TRACE] [24,"content",true,8809.5,8286.1,577.1,-1]
         1790451086.080 15681 15761 I ReactNativeJS: [USKOCI_DISCOVERY_TRACE] [25,"content",true,9041.9,8809.5,577.1,-1]
         1790451086.545 15681 15761 I ReactNativeJS: [USKOCI_DISCOVERY_TRACE] [26,"content",true,9520.8,9041.9,577.1,-1]
         1790451087.160 15681 15761 I ReactNativeJS: [USKOCI_DISCOVERY_TRACE] [27,"content",true,10021.7,9520.8,577.1,-1]
         1790451087.784 15681 15761 I ReactNativeJS: [USKOCI_DISCOVERY_TRACE] [28,"content",true,10286.5,10021.7,577.1,-1]
         1790451088.030 15681 15761 I ReactNativeJS: [USKOCI_DISCOVERY_TRACE] [29,"content",true,10529.1,10286.5,577.1,-1]
         1790451088.212 15681 15761 I ReactNativeJS: [USKOCI_DISCOVERY_TRACE] [30,"content",true,10765.3,10529.1,577.1,-1]
         1790451088.649 15681 15761 I ReactNativeJS: [USKOCI_DISCOVERY_TRACE] [31,"content",true,10985.5,10765.3,577.1,-1]
         1790451088.841 15681 15761 I ReactNativeJS: [USKOCI_DISCOVERY_TRACE] [32,"content",true,11276.6,10985.5,577.1,-1]
         1790451089.152 15681 15761 I ReactNativeJS: [USKOCI_DISCOVERY_TRACE] [33,"content",true,11535.2,11276.6,577.1,-1]
         1790451089.549 15681 15761 I ReactNativeJS: [USKOCI_DISCOVERY_TRACE] [34,"content",true,11800,11535.2,577.1,-1]
         1790451089.731 15681 15761 I ReactNativeJS: [USKOCI_DISCOVERY_TRACE] [35,"content",true,12020.2,11800,577.1,-1]
         1790451124.698 15681 15761 I ReactNativeJS: [USKOCI_DISCOVERY_TRACE] [36,"preopen",9851,9851,true,1,false]
         1790451127.249 15681 15761 I ReactNativeJS: [USKOCI_DISCOVERY_TRACE] [37,"ready",true,2,false,-1,9851,147.2,false,true,true,577.1,12282.7,577]
         1790451168.968 15681 15761 I ReactNativeJS: [USKOCI_DISCOVERY_TRACE] [38,"seed",3,9851,9851,true,true,1]
         1790451169.256 15681 15761 I ReactNativeJS: [USKOCI_DISCOVERY_TRACE] [39,"ready",true,2,true,9851,9851,147.2,true,true,true,577.1,12282.7,577]
         1790451169.257 15681 15761 I ReactNativeJS: [USKOCI_DISCOVERY_TRACE] [40,"request",9851,9851,12282.7,577]
         1790451198.907 15681 15761 I ReactNativeJS: [USKOCI_DISCOVERY_TRACE] [41,"preopen",9851,9851,true,1,false]
         1790451201.224 15681 15761 I ReactNativeJS: [USKOCI_DISCOVERY_TRACE] [42,"ready",true,2,false,-1,9851,147.2,false,true,true,577.1,12282.7,577]
         1790451230.309 15681 15761 I ReactNativeJS: [USKOCI_DISCOVERY_TRACE] [43,"seed",5,9851,9851,true,true,1]
         1790451231.084 15681 15761 I ReactNativeJS: [USKOCI_DISCOVERY_TRACE] [44,"ready",false,0,true,9851,9851,923.4,true,true,true,577.1,1562.3,577]
