START PHYSICAL_INTENT_SHELL_JOURNEY
APP_START returncode=0 stdout=Starting: Intent { cmp=rs.uskoci.n04proof/.MainActivity }
Status: ok
LaunchState: COLD
Activity: rs.uskoci.n04proof/.MainActivity
TotalTime: 1348
WaitTime: 1351
Complete
 stderr=
CHECKPOINT SIGNED_OUT_AUTH_NO_PRIVATE_TABS
CHECKPOINT AUTH_SHEET_OPEN attempt=1
CHECKPOINT UI_TEXT_ENTERED field=0 attempt=1
CHECKPOINT UI_TEXT_ENTERED field=1 attempt=1
CHECKPOINT THREE_ZONES intent=requester labels=('Zadaci', 'Novi Zadatak', 'Dogovori')
EVIDENCE NAV_requester_tasks
CHECKPOINT LOCAL_AI_CONVERSATION_OPEN account=05eae174-226d-434c-bc72-b2a61dca6c20 before=0 after=1 no_message_no_publication
EVIDENCE NAV_requester_new_task
CHECKPOINT THREE_ZONES intent=requester labels=('Zadaci', 'Novi Zadatak', 'Dogovori')
CHECKPOINT THREE_ZONES intent=requester labels=('Zadaci', 'Novi Zadatak', 'Dogovori')
CHECKPOINT AGREEMENT_METADATA_VISIBLE intent=requester full_schedule full_amount within_card_and_screen bounds={'title': (87, 441, 790, 499), 'schedule': (142, 616, 311, 664), 'amount': (764, 616, 931, 664)}
EVIDENCE NAV_requester_agreements
CHECKPOINT OWN_PROFILE account=05eae174-226d-434c-bc72-b2a61dca6c20 kind=REQUESTER actual_name_city no_dummy_trust
EVIDENCE NAV_requester_profile
CHECKPOINT THREE_ZONES intent=requester labels=('Zadaci', 'Novi Zadatak', 'Dogovori')
EVIDENCE NAV_profile_back
EVIDENCE NAV_inbox
CHECKPOINT THREE_ZONES intent=requester labels=('Zadaci', 'Novi Zadatak', 'Dogovori')
EVIDENCE NAV_inbox_back
CHECKPOINT THREE_ZONES intent=worker labels=('Prijave', 'Zadaci', 'Dogovori')
EVIDENCE NAV_same_account_worker_discovery
CHECKPOINT OWN_PROFILE account=05eae174-226d-434c-bc72-b2a61dca6c20 kind=WORKER actual_name_city no_dummy_trust
EVIDENCE NAV_same_account_worker_profile
CHECKPOINT SIGNED_OUT_AUTH_NO_PRIVATE_TABS
EVIDENCE NAV_signed_out
CHECKPOINT AUTH_SHEET_OPEN attempt=1
CHECKPOINT UI_TEXT_ENTERED field=0 attempt=1
CHECKPOINT UI_TEXT_ENTERED field=1 attempt=1
CHECKPOINT THREE_ZONES intent=requester labels=('Zadaci', 'Novi Zadatak', 'Dogovori')
EVIDENCE NAV_second_account_requester_empty
CHECKPOINT OWN_PROFILE account=5ecc8714-ff21-40ef-a795-198a0a79c21d kind=REQUESTER actual_name_city no_dummy_trust
EVIDENCE NAV_second_account_profile
CHECKPOINT THREE_ZONES intent=worker labels=('Prijave', 'Zadaci', 'Dogovori')
EVIDENCE NAV_second_account_worker_discovery
EVIDENCE NAV_task_detail
CHECKPOINT THREE_ZONES intent=worker labels=('Prijave', 'Zadaci', 'Dogovori')
EVIDENCE NAV_task_detail_back
CHECKPOINT THREE_ZONES intent=worker labels=('Prijave', 'Zadaci', 'Dogovori')
EVIDENCE NAV_worker_applications
CHECKPOINT THREE_ZONES intent=worker labels=('Prijave', 'Zadaci', 'Dogovori')
CHECKPOINT AGREEMENT_METADATA_VISIBLE intent=worker full_schedule full_amount within_card_and_screen bounds={'title': (87, 441, 790, 499), 'schedule': (142, 664, 311, 712), 'amount': (764, 664, 931, 712)}
EVIDENCE NAV_worker_agreements
CHECKPOINT GATES_UNCHANGED {'publication_policy_bundles': '0', 'publication_decisions': '0', 'preselection_questions': '0', 'preselection_answers': '0', 'preselection_policy': '0', 'preselection_materiality': '0', 'preselection_commands': '0', 'fastest_needs': '0', 'autofill_selections': '0'}
PASS PHYSICAL_INTENT_SHELL two_intents three_zones real_profiles inbox_back detail_back ui_logout different_account_no_clear no_fake_map no_application_selection_mutation no_push
