START PHYSICAL_TASK_DETAIL_RECOVERY inherited_real_worker_session
CHECKPOINT THREE_ZONES intent=worker labels=('Prijave', 'Zadaci', 'Dogovori')
CHECKPOINT THREE_ZONES intent=worker labels=('Prijave', 'Zadaci', 'Dogovori')
CHECKPOINT W04_LOCAL_REST_STOPPED id=18ee4a86b0efbc3ea8a7dbb94f9b2ae63616d6ff51442040b09e22f6f5cdaa33
EVIDENCE W04_cold_read_error
CHECKPOINT THREE_ZONES intent=worker labels=('Prijave', 'Zadaci', 'Dogovori')
EVIDENCE W04_error_back_to_discovery
CHECKPOINT W04_LOCAL_REST_RESTORED id=18ee4a86b0efbc3ea8a7dbb94f9b2ae63616d6ff51442040b09e22f6f5cdaa33
CHECKPOINT THREE_ZONES intent=worker labels=('Prijave', 'Zadaci', 'Dogovori')
EVIDENCE W04_recovered_detail
CHECKPOINT W04_LOCAL_REST_STOPPED id=18ee4a86b0efbc3ea8a7dbb94f9b2ae63616d6ff51442040b09e22f6f5cdaa33
EVIDENCE W04_cached_transport_error
EVIDENCE W04_offline_retry_no_cta
CHECKPOINT W04_LOCAL_REST_RESTORED id=18ee4a86b0efbc3ea8a7dbb94f9b2ae63616d6ff51442040b09e22f6f5cdaa33
EVIDENCE W04_retry_restored
CHECKPOINT W04_LOCAL_REST_STOPPED id=18ee4a86b0efbc3ea8a7dbb94f9b2ae63616d6ff51442040b09e22f6f5cdaa33
EVIDENCE W05_read_error
EVIDENCE W05_error_back_to_detail
CHECKPOINT W04_LOCAL_REST_RESTORED id=18ee4a86b0efbc3ea8a7dbb94f9b2ae63616d6ff51442040b09e22f6f5cdaa33
EVIDENCE W04_after_composer_back
CHECKPOINT W04_LOCAL_REST_STOPPED id=18ee4a86b0efbc3ea8a7dbb94f9b2ae63616d6ff51442040b09e22f6f5cdaa33
EVIDENCE W05_second_read_error
CHECKPOINT W04_LOCAL_REST_RESTORED id=18ee4a86b0efbc3ea8a7dbb94f9b2ae63616d6ff51442040b09e22f6f5cdaa33
EVIDENCE W05_retry_recovered_without_submit
EVIDENCE W04_after_composer_recovery
CHECKPOINT THREE_ZONES intent=worker labels=('Prijave', 'Zadaci', 'Dogovori')
EVIDENCE W04_actual_back_control
PASS W04_LOCAL_DEADLINE_FIXTURE original_N04_and_NAV_preserved production_not_touched
EVIDENCE W04_deadline_before
CHECKPOINT W04_LOCAL_REST_STOPPED id=18ee4a86b0efbc3ea8a7dbb94f9b2ae63616d6ff51442040b09e22f6f5cdaa33
EVIDENCE W04_deadline_expired_without_rest
CHECKPOINT W04_LOCAL_REST_RESTORED id=18ee4a86b0efbc3ea8a7dbb94f9b2ae63616d6ff51442040b09e22f6f5cdaa33
CHECKPOINT THREE_ZONES intent=worker labels=('Prijave', 'Zadaci', 'Dogovori')
EVIDENCE W04_deadline_back
CHECKPOINT GATES_UNCHANGED {'publication_policy_bundles': '0', 'publication_decisions': '0', 'preselection_questions': '0', 'preselection_answers': '0', 'preselection_policy': '0', 'preselection_materiality': '0', 'preselection_commands': '0', 'fastest_needs': '0', 'autofill_selections': '0'}
PASS PHYSICAL_TASK_DETAIL_RECOVERY W04_error_retry_actual_back cached_no_cta W05_error_retry_back deadline_without_rest exact_container_restored no_submit_no_production
