disposable-proof	Guard local targets and replay through PKG-050, A1, B3a and B3b	﻿2026-09-27T09:49:04.9895394Z ##[group]Run set -euo pipefail
disposable-proof	Guard local targets and replay through PKG-050, A1, B3a and B3b	2026-09-27T09:49:04.9895770Z ^[[36;1mset -euo pipefail^[[0m
disposable-proof	Guard local targets and replay through PKG-050, A1, B3a and B3b	2026-09-27T09:49:04.9896036Z ^[[36;1mnode --input-type=module - <<'NODE'^[[0m
disposable-proof	Guard local targets and replay through PKG-050, A1, B3a and B3b	2026-09-27T09:49:04.9896533Z ^[[36;1mimport {assertLocalDeviceProofTargets} from './supabase/proofs/ru5_device_ui_local_guard.mjs';^[[0m
disposable-proof	Guard local targets and replay through PKG-050, A1, B3a and B3b	2026-09-27T09:49:04.9897040Z ^[[36;1mimport assert from 'node:assert/strict';^[[0m
disposable-proof	Guard local targets and replay through PKG-050, A1, B3a and B3b	2026-09-27T09:49:04.9897562Z ^[[36;1massertLocalDeviceProofTargets(process.env.RU5_DEVICE_SUPABASE_URL, process.env.RU5_DEVICE_DB_URL);^[[0m
disposable-proof	Guard local targets and replay through PKG-050, A1, B3a and B3b	2026-09-27T09:49:04.9898311Z ^[[36;1massert.equal(process.env.DB_URL, process.env.RU5_DEVICE_DB_URL);^[[0m
disposable-proof	Guard local targets and replay through PKG-050, A1, B3a and B3b	2026-09-27T09:49:04.9898674Z ^[[36;1mNODE^[[0m
disposable-proof	Guard local targets and replay through PKG-050, A1, B3a and B3b	2026-09-27T09:49:04.9898877Z ^[[36;1mrun_stage() {^[[0m
disposable-proof	Guard local targets and replay through PKG-050, A1, B3a and B3b	2026-09-27T09:49:04.9899104Z ^[[36;1m  local stage="$1"^[[0m
disposable-proof	Guard local targets and replay through PKG-050, A1, B3a and B3b	2026-09-27T09:49:04.9899346Z ^[[36;1m  shift^[[0m
disposable-proof	Guard local targets and replay through PKG-050, A1, B3a and B3b	2026-09-27T09:49:04.9899656Z ^[[36;1m  printf '%s START\n' "$stage" >> "$PRE_V3_ARTIFACT_DIR/stages.txt"^[[0m
disposable-proof	Guard local targets and replay through PKG-050, A1, B3a and B3b	2026-09-27T09:49:04.9900066Z ^[[36;1m  if "$@" 2>&1 | tee "$PRE_V3_ARTIFACT_DIR/$stage.log"; then^[[0m
disposable-proof	Guard local targets and replay through PKG-050, A1, B3a and B3b	2026-09-27T09:49:04.9900811Z ^[[36;1m    printf '%s PASS\n' "$stage" >> "$PRE_V3_ARTIFACT_DIR/stages.txt"^[[0m
disposable-proof	Guard local targets and replay through PKG-050, A1, B3a and B3b	2026-09-27T09:49:04.9901154Z ^[[36;1m  else^[[0m
disposable-proof	Guard local targets and replay through PKG-050, A1, B3a and B3b	2026-09-27T09:49:04.9901441Z ^[[36;1m    printf '%s FAIL\n' "$stage" >> "$PRE_V3_ARTIFACT_DIR/stages.txt"^[[0m
disposable-proof	Guard local targets and replay through PKG-050, A1, B3a and B3b	2026-09-27T09:49:04.9901778Z ^[[36;1m    return 1^[[0m
disposable-proof	Guard local targets and replay through PKG-050, A1, B3a and B3b	2026-09-27T09:49:04.9901992Z ^[[36;1m  fi^[[0m
disposable-proof	Guard local targets and replay through PKG-050, A1, B3a and B3b	2026-09-27T09:49:04.9902186Z ^[[36;1m}^[[0m
disposable-proof	Guard local targets and replay through PKG-050, A1, B3a and B3b	2026-09-27T09:49:04.9902508Z ^[[36;1m# Same dependency order as pkg050-agreement-messages-read-proof.yml.^[[0m
disposable-proof	Guard local targets and replay through PKG-050, A1, B3a and B3b	2026-09-27T09:49:04.9903014Z ^[[36;1m# Replay modes only prepare predecessors; PKG-051 is deliberately absent.^[[0m
disposable-proof	Guard local targets and replay through PKG-050, A1, B3a and B3b	2026-09-27T09:49:04.9903543Z ^[[36;1mrun_stage 03-source147 python3 supabase/proofs/pkg023j/replay_source147.py^[[0m
disposable-proof	Guard local targets and replay through PKG-050, A1, B3a and B3b	2026-09-27T09:49:04.9904253Z ^[[36;1mrun_stage 04-dev-alpha-to-pkg026 node supabase/proofs/pkg027/pkg027_proof.mjs replay^[[0m
disposable-proof	Guard local targets and replay through PKG-050, A1, B3a and B3b	2026-09-27T09:49:04.9904794Z ^[[36;1mrun_stage 05-pkg027 node supabase/proofs/pkg028/pkg028_proof.mjs replay^[[0m
disposable-proof	Guard local targets and replay through PKG-050, A1, B3a and B3b	2026-09-27T09:49:04.9905288Z ^[[36;1mrun_stage 06-pkg028 node supabase/proofs/pkg029/pkg029_proof.mjs replay^[[0m
disposable-proof	Guard local targets and replay through PKG-050, A1, B3a and B3b	2026-09-27T09:49:04.9905853Z ^[[36;1mrun_stage 07-pkg029 node supabase/proofs/pkg030/pkg030_proof.mjs replay^[[0m
disposable-proof	Guard local targets and replay through PKG-050, A1, B3a and B3b	2026-09-27T09:49:04.9906324Z ^[[36;1mrun_stage 08-pkg030 node supabase/proofs/pkg031/pkg031_proof.mjs replay^[[0m
disposable-proof	Guard local targets and replay through PKG-050, A1, B3a and B3b	2026-09-27T09:49:04.9980313Z ^[[36;1mrun_stage 09-pkg031 node supabase/proofs/pkg032/pkg032_proof.mjs replay^[[0m
disposable-proof	Guard local targets and replay through PKG-050, A1, B3a and B3b	2026-09-27T09:49:04.9981307Z ^[[36;1mrun_stage 10-pkg032 node supabase/proofs/pkg033/pkg033_proof.mjs replay^[[0m
disposable-proof	Guard local targets and replay through PKG-050, A1, B3a and B3b	2026-09-27T09:49:04.9981802Z ^[[36;1mrun_stage 11-pkg033 node supabase/proofs/pkg034/pkg034_proof.mjs replay^[[0m
disposable-proof	Guard local targets and replay through PKG-050, A1, B3a and B3b	2026-09-27T09:49:04.9982284Z ^[[36;1mrun_stage 12-pkg034 node supabase/proofs/pkg035/pkg035_proof.mjs replay^[[0m
disposable-proof	Guard local targets and replay through PKG-050, A1, B3a and B3b	2026-09-27T09:49:04.9982838Z ^[[36;1mrun_stage 13-pkg035 node supabase/proofs/pkg037/pkg037_proof.mjs replay^[[0m
disposable-proof	Guard local targets and replay through PKG-050, A1, B3a and B3b	2026-09-27T09:49:04.9983353Z ^[[36;1mrun_stage 14-pkg037 node supabase/proofs/pkg038/pkg038_proof.mjs replay^[[0m
disposable-proof	Guard local targets and replay through PKG-050, A1, B3a and B3b	2026-09-27T09:49:04.9983836Z ^[[36;1mrun_stage 15-pkg038 node supabase/proofs/pkg039/pkg039_proof.mjs replay^[[0m
disposable-proof	Guard local targets and replay through PKG-050, A1, B3a and B3b	2026-09-27T09:49:04.9984309Z ^[[36;1mrun_stage 16-pkg039 node supabase/proofs/pkg040/pkg040_proof.mjs replay^[[0m
disposable-proof	Guard local targets and replay through PKG-050, A1, B3a and B3b	2026-09-27T09:49:04.9984775Z ^[[36;1mrun_stage 17-pkg040 node supabase/proofs/pkg042/pkg042_proof.mjs replay^[[0m
disposable-proof	Guard local targets and replay through PKG-050, A1, B3a and B3b	2026-09-27T09:49:04.9985280Z ^[[36;1mrun_stage 18-pkg042-to-pkg050 node supabase/proofs/pkg050/pkg050_proof.mjs^[[0m
disposable-proof	Guard local targets and replay through PKG-050, A1, B3a and B3b	2026-09-27T09:49:04.9985838Z ^[[36;1mrun_stage 19-a1-preparation node supabase/proofs/chat/prepare_notification_a1.mjs^[[0m
disposable-proof	Guard local targets and replay through PKG-050, A1, B3a and B3b	2026-09-27T09:49:04.9986380Z ^[[36;1mrun_stage 20-b3a node supabase/proofs/chat/private_history_read_proof.mjs^[[0m
disposable-proof	Guard local targets and replay through PKG-050, A1, B3a and B3b	2026-09-27T09:49:04.9986859Z ^[[36;1mrun_stage 21-b3b node supabase/proofs/chat/message_window_proof.mjs^[[0m
disposable-proof	Guard local targets and replay through PKG-050, A1, B3a and B3b	2026-09-27T09:49:04.9987492Z ^[[36;1mnode --input-type=module - <<'NODE' 2>&1 | tee "$PRE_V3_ARTIFACT_DIR/22-report-admission.log"^[[0m
disposable-proof	Guard local targets and replay through PKG-050, A1, B3a and B3b	2026-09-27T09:49:04.9987994Z ^[[36;1mimport assert from 'node:assert/strict';^[[0m
disposable-proof	Guard local targets and replay through PKG-050, A1, B3a and B3b	2026-09-27T09:49:04.9988325Z ^[[36;1mimport {readFileSync} from 'node:fs';^[[0m
disposable-proof	Guard local targets and replay through PKG-050, A1, B3a and B3b	2026-09-27T09:49:04.9989041Z ^[[36;1mfor (const name of ['chat-b3-a1-preparation.json', 'chat-b3a-report.json', 'chat-b3b-report.json']) {^[[0m
disposable-proof	Guard local targets and replay through PKG-050, A1, B3a and B3b	2026-09-27T09:49:04.9989707Z ^[[36;1m  const report = JSON.parse(readFileSync(process.env.PRE_V3_ARTIFACT_DIR + '/' + name, 'utf8'));^[[0m
disposable-proof	Guard local targets and replay through PKG-050, A1, B3a and B3b	2026-09-27T09:49:04.9990528Z ^[[36;1m  assert.equal(report.result, 'PASS'); assert.equal(report.sourceSha, process.env.GITHUB_SHA);^[[0m
disposable-proof	Guard local targets and replay through PKG-050, A1, B3a and B3b	2026-09-27T09:49:04.9991166Z ^[[36;1m  assert.equal(report.actualAuth, true); assert.equal(report.actualDatabase, true);^[[0m
disposable-proof	Guard local targets and replay through PKG-050, A1, B3a and B3b	2026-09-27T09:49:04.9991751Z ^[[36;1m  assert.equal(report.liveAccess, false); assert.equal(report.providerCalled, false);^[[0m
disposable-proof	Guard local targets and replay through PKG-050, A1, B3a and B3b	2026-09-27T09:49:04.9992488Z ^[[36;1m  assert.equal(report.providerCalls, 0); assert.equal(report.storageCalls, 0); assert.equal(report.deviceProven, false);^[[0m
disposable-proof	Guard local targets and replay through PKG-050, A1, B3a and B3b	2026-09-27T09:49:04.9993237Z ^[[36;1m  assert.ok(report.checks.length > 0); assert.ok(report.checks.every(check => check.result === 'PASS'));^[[0m
disposable-proof	Guard local targets and replay through PKG-050, A1, B3a and B3b	2026-09-27T09:49:04.9993903Z ^[[36;1m  assert.ok(Object.values(report.sourceArtifactHashes).every(hash => /^[a-f0-9]{64}$/.test(hash)));^[[0m
disposable-proof	Guard local targets and replay through PKG-050, A1, B3a and B3b	2026-09-27T09:49:04.9994389Z ^[[36;1m  console.log('PASS ' + name);^[[0m
disposable-proof	Guard local targets and replay through PKG-050, A1, B3a and B3b	2026-09-27T09:49:04.9994644Z ^[[36;1m}^[[0m
disposable-proof	Guard local targets and replay through PKG-050, A1, B3a and B3b	2026-09-27T09:49:04.9994840Z ^[[36;1mNODE^[[0m
disposable-proof	Guard local targets and replay through PKG-050, A1, B3a and B3b	2026-09-27T09:49:05.0031830Z shell: /usr/bin/bash --noprofile --norc -e -o pipefail {0}
disposable-proof	Guard local targets and replay through PKG-050, A1, B3a and B3b	2026-09-27T09:49:05.0032180Z env:
disposable-proof	Guard local targets and replay through PKG-050, A1, B3a and B3b	2026-09-27T09:49:05.0032375Z   CI: 1
disposable-proof	Guard local targets and replay through PKG-050, A1, B3a and B3b	2026-09-27T09:49:05.0032588Z   SUPABASE_TELEMETRY_DISABLED: 1
disposable-proof	Guard local targets and replay through PKG-050, A1, B3a and B3b	2026-09-27T09:49:05.0032846Z   DO_NOT_TRACK: 1
disposable-proof	Guard local targets and replay through PKG-050, A1, B3a and B3b	2026-09-27T09:49:05.0033499Z   DB_URL: ***127.0.0.1:54322/postgres
disposable-proof	Guard local targets and replay through PKG-050, A1, B3a and B3b	2026-09-27T09:49:05.0033799Z   PRE_V3_ARTIFACT_DIR: /tmp/chat-b3-artifacts
disposable-proof	Guard local targets and replay through PKG-050, A1, B3a and B3b	2026-09-27T09:49:05.0034109Z   SUPABASE_INTERNAL_IMAGE_REGISTRY: ghcr.io
disposable-proof	Guard local targets and replay through PKG-050, A1, B3a and B3b	2026-09-27T09:49:05.0034559Z   RU5_DEVICE_PROOF_DIR: /tmp/uskoci-ru5-device-ui
disposable-proof	Guard local targets and replay through PKG-050, A1, B3a and B3b	2026-09-27T09:49:05.0034996Z   RU5_DEVICE_DB_URL: ***127.0.0.1:54322/postgres
disposable-proof	Guard local targets and replay through PKG-050, A1, B3a and B3b	2026-09-27T09:49:05.0035326Z   RU5_DEVICE_SUPABASE_URL: http://127.0.0.1:54321
disposable-proof	Guard local targets and replay through PKG-050, A1, B3a and B3b	2026-09-27T09:49:05.0036269Z   RU5_DEVICE_ANON_KEY: ***
disposable-proof	Guard local targets and replay through PKG-050, A1, B3a and B3b	2026-09-27T09:49:05.0037224Z   RU5_DEVICE_SERVICE_ROLE_KEY: ***
disposable-proof	Guard local targets and replay through PKG-050, A1, B3a and B3b	2026-09-27T09:49:05.0037477Z ##[endgroup]
disposable-proof	Guard local targets and replay through PKG-050, A1, B3a and B3b	2026-09-27T09:49:05.0998251Z apply_source=20260907080000_clean_n01_message_event.sql recorded_as=20260907090358_clean_n01_message_event
disposable-proof	Guard local targets and replay through PKG-050, A1, B3a and B3b	2026-09-27T09:49:05.1882464Z apply_source=20260907080100_clean_n02_selection_event.sql recorded_as=20260907090454_clean_n02_selection_event
disposable-proof	Guard local targets and replay through PKG-050, A1, B3a and B3b	2026-09-27T09:49:05.2798265Z apply_source=20260907080200_clean_n03_event_inbox.sql recorded_as=20260907090527_clean_n03_event_inbox
disposable-proof	Guard local targets and replay through PKG-050, A1, B3a and B3b	2026-09-27T09:49:05.3655170Z apply_source=20260907080300_clean_n05_agreement_change_events.sql recorded_as=20260907090615_clean_n05_agreement_change_events
disposable-proof	Guard local targets and replay through PKG-050, A1, B3a and B3b	2026-09-27T09:49:05.4685333Z apply_source=20260907080400_clean_n06_push_device_registry.sql recorded_as=20260907090645_clean_n06_push_device_registry
disposable-proof	Guard local targets and replay through PKG-050, A1, B3a and B3b	2026-09-27T09:49:05.5590926Z apply_source=20260907100000_clean_n08_notification_preferences.sql recorded_as=20260907102458_clean_n08_notification_preferences
disposable-proof	Guard local targets and replay through PKG-050, A1, B3a and B3b	2026-09-27T09:49:05.6471246Z apply_source=20260907110000_clean_d03_message_retry.sql recorded_as=20260907130151_clean_d03_message_retry
disposable-proof	Guard local targets and replay through PKG-050, A1, B3a and B3b	2026-09-27T09:49:05.7296722Z apply_source=20260907120000_clean_ai_need_draft_safety_authority.sql recorded_as=20260907135905_clean_ai_need_draft_safety_authority
disposable-proof	Guard local targets and replay through PKG-050, A1, B3a and B3b	2026-09-27T09:49:05.8544838Z apply_source=20260908120000_clean_p0e_completion_guards.sql recorded_as=20260908120000_clean_p0e_completion_guards
disposable-proof	Guard local targets and replay through PKG-050, A1, B3a and B3b	2026-09-27T09:49:05.9599826Z apply_source=20260908130000_clean_p1_legal_consent_ledger.sql recorded_as=20260908130000_clean_p1_legal_consent_ledger
disposable-proof	Guard local targets and replay through PKG-050, A1, B3a and B3b	2026-09-27T09:49:06.0544635Z apply_source=20260908140000_clean_p4_processor_map_registry.sql recorded_as=20260908140000_clean_p4_processor_map_registry
disposable-proof	Guard local targets and replay through PKG-050, A1, B3a and B3b	2026-09-27T09:49:06.1816806Z apply_source=20260908150000_clean_p3_retention_schedule_registry.sql recorded_as=20260908150000_clean_p3_retention_schedule_registry
disposable-proof	Guard local targets and replay through PKG-050, A1, B3a and B3b	2026-09-27T09:49:06.2823386Z apply_source=20260908160000_clean_p2_data_export_requests.sql recorded_as=20260908160000_clean_p2_data_export_requests
disposable-proof	Guard local targets and replay through PKG-050, A1, B3a and B3b	2026-09-27T09:49:06.3766381Z apply_source=20260908170000_clean_d0140a_policy_bundle_registration.sql recorded_as=20260908170000_clean_d0140a_policy_bundle_registration
disposable-proof	Guard local targets and replay through PKG-050, A1, B3a and B3b	2026-09-27T09:49:06.4628599Z apply_source=20260909110000_clean_w02_calendar_authority.sql recorded_as=20260909110000_clean_w02_calendar_authority
disposable-proof	Guard local targets and replay through PKG-050, A1, B3a and B3b	2026-09-27T09:49:06.5646759Z apply_source=20260909120000_clean_w02_calendar_interval_integrity.sql recorded_as=20260909120000_clean_w02_calendar_interval_integrity
disposable-proof	Guard local targets and replay through PKG-050, A1, B3a and B3b	2026-09-27T09:49:06.6714628Z apply_source=20260909130000_clean_w02_flexible_calendar_scope.sql recorded_as=20260909130000_clean_w02_flexible_calendar_scope
disposable-proof	Guard local targets and replay through PKG-050, A1, B3a and B3b	2026-09-27T09:49:06.7483301Z apply_source=20260909140000_clean_w02_availability_commands.sql recorded_as=20260909140000_clean_w02_availability_commands
disposable-proof	Guard local targets and replay through PKG-050, A1, B3a and B3b	2026-09-27T09:49:06.8454340Z apply_source=20260909150000_clean_w02_persistent_availability_matching.sql recorded_as=20260909150000_clean_w02_persistent_availability_matching
disposable-proof	Guard local targets and replay through PKG-050, A1, B3a and B3b	2026-09-27T09:49:06.9342984Z apply_source=20260909160000_clean_w02_owned_location_review.sql recorded_as=20260909160000_clean_w02_owned_location_review
disposable-proof	Guard local targets and replay through PKG-050, A1, B3a and B3b	2026-09-27T09:49:07.0272185Z apply_source=20260910053000_clean_w02_shared_capability_validation.sql recorded_as=20260910053000_clean_w02_shared_capability_validation
disposable-proof	Guard local targets and replay through PKG-050, A1, B3a and B3b	2026-09-27T09:49:07.1137149Z apply_source=20260910121926_clean_w02_regional_country_authority.sql recorded_as=20260910121926_clean_w02_regional_country_authority
disposable-proof	Guard local targets and replay through PKG-050, A1, B3a and B3b	2026-09-27T09:49:07.2982265Z apply_source=20260910130851_clean_w02_resolved_location_authority.sql recorded_as=20260910130851_clean_w02_resolved_location_authority
disposable-proof	Guard local targets and replay through PKG-050, A1, B3a and B3b	2026-09-27T09:49:07.4361329Z apply_source=20260910144644_clean_w05_publication_evaluator_authority.sql recorded_as=20260910144644_clean_w05_publication_evaluator_authority
disposable-proof	Guard local targets and replay through PKG-050, A1, B3a and B3b	2026-09-27T09:49:07.5608202Z apply_source=20260910153005_clean_p2_export_delivery_authority.sql recorded_as=20260910153005_clean_p2_export_delivery_authority
disposable-proof	Guard local targets and replay through PKG-050, A1, B3a and B3b	2026-09-27T09:49:07.7014466Z apply_source=20260910162955_clean_p3_retention_execution_authority.sql recorded_as=20260910162955_clean_p3_retention_execution_authority
disposable-proof	Guard local targets and replay through PKG-050, A1, B3a and B3b	2026-09-27T09:49:07.8383800Z apply_source=20260910172132_clean_w03_owned_ai_intake_authority.sql recorded_as=20260910172132_clean_w03_owned_ai_intake_authority
disposable-proof	Guard local targets and replay through PKG-050, A1, B3a and B3b	2026-09-27T09:49:07.9477011Z apply_source=20260910193029_clean_n09_expo_push_transport.sql recorded_as=20260910193029_clean_n09_expo_push_transport
disposable-proof	Guard local targets and replay through PKG-050, A1, B3a and B3b	2026-09-27T09:49:08.0652331Z apply_source=20260910214845_clean_dispatch_need_lock_order.sql recorded_as=20260910214845_clean_dispatch_need_lock_order
disposable-proof	Guard local targets and replay through PKG-050, A1, B3a and B3b	2026-09-27T09:49:08.1492146Z apply_source=20260911174500_clean_pre_v3_worker_capacity.sql recorded_as=20260911174500_clean_pre_v3_worker_capacity
disposable-proof	Guard local targets and replay through PKG-050, A1, B3a and B3b	2026-09-27T09:49:08.2400487Z apply_source=20260911174600_clean_pre_v3_worker_single_authority.sql recorded_as=20260911174600_clean_pre_v3_worker_single_authority
disposable-proof	Guard local targets and replay through PKG-050, A1, B3a and B3b	2026-09-27T09:49:08.3252213Z apply_source=20260911183000_clean_pre_v3_inbox_delivery_visibility.sql recorded_as=20260911183000_clean_pre_v3_inbox_delivery_visibility
disposable-proof	Guard local targets and replay through PKG-050, A1, B3a and B3b	2026-09-27T09:49:08.4142567Z apply_source=20260911190000_clean_pre_v3_m05_admitted_source.sql recorded_as=20260911190000_clean_pre_v3_m05_admitted_source
disposable-proof	Guard local targets and replay through PKG-050, A1, B3a and B3b	2026-09-27T09:49:08.5273797Z apply_source=20260911190100_clean_pre_v3_agreement_execution_guards.sql recorded_as=20260911190100_clean_pre_v3_agreement_execution_guards
disposable-proof	Guard local targets and replay through PKG-050, A1, B3a and B3b	2026-09-27T09:49:08.6188263Z apply_source=20260911210000_clean_pre_v3_need_lifecycle_receipt.sql recorded_as=20260911210000_clean_pre_v3_need_lifecycle_receipt
disposable-proof	Guard local targets and replay through PKG-050, A1, B3a and B3b	2026-09-27T09:49:08.6984048Z apply_source=20260911213000_clean_pre_v3_agreement_replay_guards.sql recorded_as=20260911213000_clean_pre_v3_agreement_replay_guards
disposable-proof	Guard local targets and replay through PKG-050, A1, B3a and B3b	2026-09-27T09:49:08.8540672Z apply_source=20260911220000_clean_pre_v3_requester_identity.sql recorded_as=20260911220000_clean_pre_v3_requester_identity
disposable-proof	Guard local targets and replay through PKG-050, A1, B3a and B3b	2026-09-27T09:49:08.9388191Z apply_source=20260912090000_clean_pre_v3_event_semantics.sql recorded_as=20260912090000_clean_pre_v3_event_semantics
disposable-proof	Guard local targets and replay through PKG-050, A1, B3a and B3b	2026-09-27T09:49:09.0365847Z apply_source=20260912091000_clean_pre_v3_safety_authority.sql recorded_as=20260912091000_clean_pre_v3_safety_authority
disposable-proof	Guard local targets and replay through PKG-050, A1, B3a and B3b	2026-09-27T09:49:09.1579180Z apply_source=20260912091100_clean_pre_v3_safety_audit_vocabulary.sql recorded_as=20260912091100_clean_pre_v3_safety_audit_vocabulary
disposable-proof	Guard local targets and replay through PKG-050, A1, B3a and B3b	2026-09-27T09:49:09.2403784Z apply_source=20260912100000_clean_pre_v3_reviews_authority.sql recorded_as=20260912100000_clean_pre_v3_reviews_authority
disposable-proof	Guard local targets and replay through PKG-050, A1, B3a and B3b	2026-09-27T09:49:09.3594759Z apply_source=20260912130000_clean_pre_v3_account_closure_preparation.sql recorded_as=20260912130000_clean_pre_v3_account_closure_preparation
disposable-proof	Guard local targets and replay through PKG-050, A1, B3a and B3b	2026-09-27T09:49:09.4777727Z apply_source=20260912131000_clean_pre_v3_push_readiness.sql recorded_as=20260912131000_clean_pre_v3_push_readiness
disposable-proof	Guard local targets and replay through PKG-050, A1, B3a and B3b	2026-09-27T09:49:09.5727755Z apply_source=20260912131100_clean_pre_v3_push_readiness_column_qualification.sql recorded_as=20260912131100_clean_pre_v3_push_readiness_column_qualification
disposable-proof	Guard local targets and replay through PKG-050, A1, B3a and B3b	2026-09-27T09:49:09.6486679Z apply_source=20260912193000_clean_pre_v3_publication_owner_product_activation.sql recorded_as=20260912193000_clean_pre_v3_publication_owner_product_activation
disposable-proof	Guard local targets and replay through PKG-050, A1, B3a and B3b	2026-09-27T09:49:09.7364738Z apply_source=20260912194000_clean_pre_v3_publication_executable_policy.sql recorded_as=20260912194000_clean_pre_v3_publication_executable_policy
disposable-proof	Guard local targets and replay through PKG-050, A1, B3a and B3b	2026-09-27T09:49:09.8323998Z apply_source=20260912213702_clean_v5_review_acceptance.sql recorded_as=20260912213702_clean_v5_review_acceptance
disposable-proof	Guard local targets and replay through PKG-050, A1, B3a and B3b	2026-09-27T09:49:09.9376364Z apply_source=20260912214126_clean_v5_bounded_ai_test_budget.sql recorded_as=20260912214126_clean_v5_bounded_ai_test_budget
disposable-proof	Guard local targets and replay through PKG-050, A1, B3a and B3b	2026-09-27T09:49:10.0396331Z apply_source=20260912220506_clean_v5_owned_worker_profile.sql recorded_as=20260912220506_clean_v5_owned_worker_profile
disposable-proof	Guard local targets and replay through PKG-050, A1, B3a and B3b	2026-09-27T09:49:10.1476315Z apply_source=20260912222338_clean_v5_owner_safety_legal_reads.sql recorded_as=20260912222338_clean_v5_owner_safety_legal_reads
disposable-proof	Guard local targets and replay through PKG-050, A1, B3a and B3b	2026-09-27T09:49:10.2331827Z apply_source=20260912224647_clean_v5_owned_media.sql recorded_as=20260912224647_clean_v5_owned_media
disposable-proof	Guard local targets and replay through PKG-050, A1, B3a and B3b	2026-09-27T09:49:10.3501166Z apply_source=20260912230039_clean_v5_policy_bound_closure.sql recorded_as=20260912230039_clean_v5_policy_bound_closure
disposable-proof	Guard local targets and replay through PKG-050, A1, B3a and B3b	2026-09-27T09:49:10.5286081Z apply_source=20260912233901_clean_v5_ai_turn_restart_recovery.sql recorded_as=20260912233901_clean_v5_ai_turn_restart_recovery
disposable-proof	Guard local targets and replay through PKG-050, A1, B3a and B3b	2026-09-27T09:49:10.6566711Z apply_source=20260912234201_clean_v5_owned_qa_recovery.sql recorded_as=20260912234201_clean_v5_owned_qa_recovery
disposable-proof	Guard local targets and replay through PKG-050, A1, B3a and B3b	2026-09-27T09:49:10.7413608Z apply_source=20260913000109_clean_v5_approved_qa_limits.sql recorded_as=20260913000109_clean_v5_approved_qa_limits
disposable-proof	Guard local targets and replay through PKG-050, A1, B3a and B3b	2026-09-27T09:49:10.8630995Z apply_source=20260913000144_clean_v5_qa_classifier_authority.sql recorded_as=20260913000144_clean_v5_qa_classifier_authority
disposable-proof	Guard local targets and replay through PKG-050, A1, B3a and B3b	2026-09-27T09:49:11.0119746Z apply_source=20260913001000_clean_v5_owned_export_projection.sql recorded_as=20260913001000_clean_v5_owned_export_projection
disposable-proof	Guard local targets and replay through PKG-050, A1, B3a and B3b	2026-09-27T09:49:11.1082345Z apply_source=20260913002405_clean_v5_group_conversation.sql recorded_as=20260913002405_clean_v5_group_conversation
disposable-proof	Guard local targets and replay through PKG-050, A1, B3a and B3b	2026-09-27T09:49:11.2698017Z apply_source=20260913002428_clean_v5_agreement_location_snapshot.sql recorded_as=20260913002428_clean_v5_agreement_location_snapshot
disposable-proof	Guard local targets and replay through PKG-050, A1, B3a and B3b	2026-09-27T09:49:11.4162437Z apply_source=20260913005720_clean_v5_media_evidence_protection.sql recorded_as=20260913005720_clean_v5_media_evidence_protection
disposable-proof	Guard local targets and replay through PKG-050, A1, B3a and B3b	2026-09-27T09:49:11.5925328Z apply_source=20260913014627_clean_v5_retention_source_compatibility.sql recorded_as=20260913014627_clean_v5_retention_source_compatibility
disposable-proof	Guard local targets and replay through PKG-050, A1, B3a and B3b	2026-09-27T09:49:11.7723937Z apply_source=20260913022110_clean_v5_worker_turn_restart_recovery.sql recorded_as=20260913022110_clean_v5_worker_turn_restart_recovery
disposable-proof	Guard local targets and replay through PKG-050, A1, B3a and B3b	2026-09-27T09:49:12.0171675Z apply_source=20260913044510_clean_v5_unknown_ai_turn_exit.sql recorded_as=20260913044510_clean_v5_unknown_ai_turn_exit
disposable-proof	Guard local targets and replay through PKG-050, A1, B3a and B3b	2026-09-27T09:49:12.2282367Z apply_source=20260913045824_clean_v5_support_case_authority.sql recorded_as=20260913045824_clean_v5_support_case_authority
disposable-proof	Guard local targets and replay through PKG-050, A1, B3a and B3b	2026-09-27T09:49:12.4704985Z apply_source=20260913065130_clean_v5_agreement_private_photos.sql recorded_as=20260913065130_clean_v5_agreement_private_photos
disposable-proof	Guard local targets and replay through PKG-050, A1, B3a and B3b	2026-09-27T09:49:12.6953940Z apply_source=20260913080237_clean_v5_self_reported_identity_requirement.sql recorded_as=20260913080237_clean_v5_self_reported_identity_requirement
disposable-proof	Guard local targets and replay through PKG-050, A1, B3a and B3b	2026-09-27T09:49:12.9212972Z apply_source=20260913081147_clean_v5_event_bound_account_erasure.sql recorded_as=20260913081147_clean_v5_event_bound_account_erasure
disposable-proof	Guard local targets and replay through PKG-050, A1, B3a and B3b	2026-09-27T09:49:13.2624831Z apply_source=20260913081242_clean_v5_qa_owner_product_activation.sql recorded_as=20260913081242_clean_v5_qa_owner_product_activation
disposable-proof	Guard local targets and replay through PKG-050, A1, B3a and B3b	2026-09-27T09:49:13.4649034Z PASS SOURCE147_REPLAY
disposable-proof	Guard local targets and replay through PKG-050, A1, B3a and B3b	2026-09-27T09:49:16.7896875Z PASS TWENTY_TWO_DEV_ALPHA_MIGRATIONS_REPLAYED_FROM_THE_EXACT_TEXT_CANONICAL_DEV_RECORDED
disposable-proof	Guard local targets and replay through PKG-050, A1, B3a and B3b	2026-09-27T09:49:17.3721351Z PASS ALL_FIFTEEN_FUNCTIONS_THE_CANDIDATES_READ_OR_PATCH_HAVE_THE_CANONICAL_DEV_BODY
disposable-proof	Guard local targets and replay through PKG-050, A1, B3a and B3b	2026-09-27T09:49:17.4865001Z PASS THE_CLOSURE_SOURCE_IS_CERTIFIED_AND_READY_AS_ON_CANONICAL_DEV
disposable-proof	Guard local targets and replay through PKG-050, A1, B3a and B3b	2026-09-27T09:49:18.6780717Z PASS THE_FIVE_PKG027_ROWS_REPLAYED_FROM_THE_EXACT_TEXT_CANONICAL_DEV_RECORDED
disposable-proof	Guard local targets and replay through PKG-050, A1, B3a and B3b	2026-09-27T09:49:18.8583723Z PASS EVERY_FUNCTION_PKG028_PATCHES_OR_THE_TICK_DEPENDS_ON_HAS_THE_CANONICAL_DEV_BODY
disposable-proof	Guard local targets and replay through PKG-050, A1, B3a and B3b	2026-09-27T09:49:18.9730431Z PASS THE_CLOSURE_SOURCE_IS_CERTIFIED_AND_READY_AS_ON_CANONICAL_DEV
disposable-proof	Guard local targets and replay through PKG-050, A1, B3a and B3b	2026-09-27T09:49:19.4921778Z PASS THE_TWO_PKG028_ROWS_REPLAYED_FROM_THE_EXACT_TEXT_CANONICAL_DEV_RECORDED
disposable-proof	Guard local targets and replay through PKG-050, A1, B3a and B3b	2026-09-27T09:49:20.0750970Z PASS EVERY_FUNCTION_PKG029_PATCHES_HAS_THE_CANONICAL_DEV_BODY
disposable-proof	Guard local targets and replay through PKG-050, A1, B3a and B3b	2026-09-27T09:49:20.1897881Z PASS THE_CLOSURE_SOURCE_IS_CERTIFIED_AND_READY_AS_ON_CANONICAL_DEV
disposable-proof	Guard local targets and replay through PKG-050, A1, B3a and B3b	2026-09-27T09:49:21.3387600Z PASS THE_FIVE_PKG029_ROWS_REPLAYED_FROM_THE_EXACT_TEXT_CANONICAL_DEV_RECORDED
disposable-proof	Guard local targets and replay through PKG-050, A1, B3a and B3b	2026-09-27T09:49:22.0879153Z PASS THE_TICK_WHAT_IT_READS_AND_EVERY_PKG029_BODY_EQUAL_CANONICAL_DEV
disposable-proof	Guard local targets and replay through PKG-050, A1, B3a and B3b	2026-09-27T09:49:22.2392405Z PASS THE_CLOSURE_SOURCE_IS_CERTIFIED_AND_READY_AS_ON_CANONICAL_DEV
disposable-proof	Guard local targets and replay through PKG-050, A1, B3a and B3b	2026-09-27T09:49:22.4916750Z PASS THE_PKG030_ROW_REPLAYED_FROM_THE_EXACT_TEXT_CANONICAL_DEV_RECORDED
disposable-proof	Guard local targets and replay through PKG-050, A1, B3a and B3b	2026-09-27T09:49:22.7005676Z PASS EVERY_FUNCTION_PKG031_PATCHES_HAS_THE_CANONICAL_DEV_BODY
disposable-proof	Guard local targets and replay through PKG-050, A1, B3a and B3b	2026-09-27T09:49:22.8195771Z PASS THE_CLOSURE_SOURCE_IS_CERTIFIED_AND_READY_AS_ON_CANONICAL_DEV
disposable-proof	Guard local targets and replay through PKG-050, A1, B3a and B3b	2026-09-27T09:49:23.3251977Z PASS THE_TWO_PKG031_ROWS_REPLAYED_FROM_THE_EXACT_TEXT_CANONICAL_DEV_RECORDED
disposable-proof	Guard local targets and replay through PKG-050, A1, B3a and B3b	2026-09-27T09:49:23.4980125Z PASS EVERY_BODY_PKG032_READS_OR_PATCHES_IS_CANONICAL_DEVS
disposable-proof	Guard local targets and replay through PKG-050, A1, B3a and B3b	2026-09-27T09:49:23.6578481Z PASS THE_CERTIFICATE_IS_BOUND_IN_ALL_THREE_PLACES_READY_AND_THE_READINESS_FUNCTION_IS_CANONICAL_DEVS_CONSTANT_ASIDE
disposable-proof	Guard local targets and replay through PKG-050, A1, B3a and B3b	2026-09-27T09:49:24.3994028Z PASS ALL_THREE_PREDECESSOR_BODIES_EQUAL_CANONICAL_DEV
disposable-proof	Guard local targets and replay through PKG-050, A1, B3a and B3b	2026-09-27T09:49:24.5154634Z PASS REPLAY_CLOSURE_CERTIFIED_AND_READY
disposable-proof	Guard local targets and replay through PKG-050, A1, B3a and B3b	2026-09-27T09:49:24.7591405Z PASS REPLAY_PKG033_EXACT_DEV_TEXT
disposable-proof	Guard local targets and replay through PKG-050, A1, B3a and B3b	2026-09-27T09:49:24.8953761Z PASS PREPARATION_AND_BOTH_BLOCKER_AUTHORITIES_MATCH_DEV
disposable-proof	Guard local targets and replay through PKG-050, A1, B3a and B3b	2026-09-27T09:49:25.0358311Z PASS REPLAY_CERTIFIED_AND_READY
disposable-proof	Guard local targets and replay through PKG-050, A1, B3a and B3b	2026-09-27T09:49:25.2624034Z PASS REPLAY_PKG034_EXACT_DEV_TEXT
disposable-proof	Guard local targets and replay through PKG-050, A1, B3a and B3b	2026-09-27T09:49:25.5031703Z PASS PREDECESSORS_EQUAL_DEV_AND_CLOSURE_READY
disposable-proof	Guard local targets and replay through PKG-050, A1, B3a and B3b	2026-09-27T09:49:26.0571624Z PASS REPLAY_PKG035_EXACT_DEV_TEXT
disposable-proof	Guard local targets and replay through PKG-050, A1, B3a and B3b	2026-09-27T09:49:26.2699801Z PASS LIVE_PREDECESSORS_AND_CERTIFICATE_MATCH
disposable-proof	Guard local targets and replay through PKG-050, A1, B3a and B3b	2026-09-27T09:49:26.4948082Z PASS REPLAY_PKG037_EXACT_DEV_TEXT
disposable-proof	Guard local targets and replay through PKG-050, A1, B3a and B3b	2026-09-27T09:49:27.0183775Z PASS EXACT_PKG038_PREDECESSOR_READY
disposable-proof	Guard local targets and replay through PKG-050, A1, B3a and B3b	2026-09-27T09:49:27.6348291Z PASS EXACT_PKG039_PREDECESSOR_READY
disposable-proof	Guard local targets and replay through PKG-050, A1, B3a and B3b	2026-09-27T09:49:28.3686263Z PASS EXACT_PKG040_PREDECESSOR_READY
disposable-proof	Guard local targets and replay through PKG-050, A1, B3a and B3b	2026-09-27T09:49:29.9273840Z PASS EXACT_PREDECESSOR_REPLAY_READY_CERTIFICATE_AND_NO_SUCH_FUNCTION
disposable-proof	Guard local targets and replay through PKG-050, A1, B3a and B3b	2026-09-27T09:49:31.0552909Z PASS BEFORE_NO_WRITER_EXISTS_AND_THE_EVENTS_STAY_UNREAD
disposable-proof	Guard local targets and replay through PKG-050, A1, B3a and B3b	2026-09-27T09:49:31.8364384Z PASS DRIFT_AND_BODY_TAMPERS_ROLL_BACK_ATOMICALLY
disposable-proof	Guard local targets and replay through PKG-050, A1, B3a and B3b	2026-09-27T09:49:33.9961756Z PASS APPLIED_ONCE_ONLY_THE_NEW_FUNCTION_APPEARED_CERTIFICATE_UNCHANGED
disposable-proof	Guard local targets and replay through PKG-050, A1, B3a and B3b	2026-09-27T09:49:34.2091756Z PASS THE_REQUESTER_SETTLES_ONLY_ITS_OWN_MESSAGE_EVENTS_ABOUT_THIS_DOGOVOR
disposable-proof	Guard local targets and replay through PKG-050, A1, B3a and B3b	2026-09-27T09:49:34.3707253Z PASS THE_WORKER_SETTLES_ITS_SIDE_AND_A_NEW_MESSAGE_COUNTS_AGAIN
disposable-proof	Guard local targets and replay through PKG-050, A1, B3a and B3b	2026-09-27T09:49:34.7611013Z PASS STRANGERS_UNKNOWN_IDS_AND_ANON_ARE_REFUSED_AND_THE_CERTIFICATE_IS_UNMOVED
disposable-proof	Guard local targets and replay through PKG-050, A1, B3a and B3b	2026-09-27T09:49:35.5594712Z PASS EXACT_SOURCE_BYTES_PKG050_AND_LOCAL_A1_PREDECESSOR
disposable-proof	Guard local targets and replay through PKG-050, A1, B3a and B3b	2026-09-27T09:49:36.3676905Z PASS ONLY_A1_BEGIN_BODY_CHANGED_WITH_SERVICE_ONLY_ACL_UNCHANGED_DATA_HISTORY_AND_CERTIFICATE
disposable-proof	Guard local targets and replay through PKG-050, A1, B3a and B3b	2026-09-27T09:49:36.3681852Z PASS CHAT_B3_PREPARE_NOTIFICATION_A1
disposable-proof	Guard local targets and replay through PKG-050, A1, B3a and B3b	2026-09-27T09:49:37.5946619Z PASS PREDECESSOR_AND_BODY_DRIFT_ROLL_BACK_WITH_UNCHANGED_CERTIFICATE
disposable-proof	Guard local targets and replay through PKG-050, A1, B3a and B3b	2026-09-27T09:49:39.8242064Z PASS ONLY_TWO_ADDITIVE_FUNCTIONS_WITH_AUTHENTICATED_ACL_AND_NO_CERTIFICATE_MOVEMENT
disposable-proof	Guard local targets and replay through PKG-050, A1, B3a and B3b	2026-09-27T09:49:41.2042004Z PASS EMPTY_NEWEST_OLDER_TIED_MICROSECOND_PAGES_AND_LATER_NEWEST_REFRESH
disposable-proof	Guard local targets and replay through PKG-050, A1, B3a and B3b	2026-09-27T09:49:41.2395591Z PASS CURSOR_LIMIT_SCOPE_EXPECTED_ACCOUNT_AND_ANON_REFUSALS
disposable-proof	Guard local targets and replay through PKG-050, A1, B3a and B3b	2026-09-27T09:49:41.7400072Z PASS EXACT_IDS_ONLY_NO_PARTIAL_BATCH_WRITES_NO_OTHER_RECIPIENT_OR_EVENT_SWEEP_AND_IDEMPOTENT_REPLAY
disposable-proof	Guard local targets and replay through PKG-050, A1, B3a and B3b	2026-09-27T09:49:41.9142587Z PASS SUPPRESSED_MISSING_IN_APP_AND_MISMATCHED_EVENT_LINKS_REMAIN_UNREAD
disposable-proof	Guard local targets and replay through PKG-050, A1, B3a and B3b	2026-09-27T09:49:41.9742653Z PASS EXPLICIT_TEXT_PHOTO_KIND_ORDERED_PRIVATE_METADATA_AND_PHOTO_EVENT_ID
disposable-proof	Guard local targets and replay through PKG-050, A1, B3a and B3b	2026-09-27T09:49:42.4938835Z PASS RESTRICTED_ACCOUNT_REFUSES_EXACT_READ_WITHOUT_EVENT_OR_CERTIFICATE_MUTATION
disposable-proof	Guard local targets and replay through PKG-050, A1, B3a and B3b	2026-09-27T09:49:42.5469347Z LOCAL_SQL:PROCESS_EXIT:status=3:ERROR:  CLOSURE_CONTEXT_INVALID
disposable-proof	Guard local targets and replay through PKG-050, A1, B3a and B3b	2026-09-27T09:49:42.5470722Z CONTEXT:  PL/pgSQL function private.closure_assert_open(uuid,uuid) line 4 at RAISE
disposable-proof	Guard local targets and replay through PKG-050, A1, B3a and B3b	2026-09-27T09:49:42.5471776Z SQL statement "SELECT private.closure_assert_open(a,b)"
disposable-proof	Guard local targets and replay through PKG-050, A1, B3a and B3b	2026-09-27T09:49:42.5472790Z PL/pgSQL function private.closure_guard_owned_write() line 36 at PERFORM
disposable-proof	Guard local targets and replay through PKG-050, A1, B3a and B3b	2026-09-27T09:49:42.5473272Z 
disposable-proof	Guard local targets and replay through PKG-050, A1, B3a and B3b	2026-09-27T09:49:42.5473509Z FAIL CHAT_B3A_PRIVATE_HISTORY_AND_EXACT_READ
disposable-proof	Guard local targets and replay through PKG-050, A1, B3a and B3b	2026-09-27T09:49:42.5562484Z ##[error]Process completed with exit code 1.
