disposable-proof	Guard local targets and replay through PKG-050, A1, B3a and B3b	﻿2026-09-27T10:19:25.1184563Z ##[group]Run set -euo pipefail
disposable-proof	Guard local targets and replay through PKG-050, A1, B3a and B3b	2026-09-27T10:19:25.1184937Z ^[[36;1mset -euo pipefail^[[0m
disposable-proof	Guard local targets and replay through PKG-050, A1, B3a and B3b	2026-09-27T10:19:25.1185216Z ^[[36;1mnode --input-type=module - <<'NODE'^[[0m
disposable-proof	Guard local targets and replay through PKG-050, A1, B3a and B3b	2026-09-27T10:19:25.1186111Z ^[[36;1mimport {assertLocalDeviceProofTargets} from './supabase/proofs/ru5_device_ui_local_guard.mjs';^[[0m
disposable-proof	Guard local targets and replay through PKG-050, A1, B3a and B3b	2026-09-27T10:19:25.1186651Z ^[[36;1mimport assert from 'node:assert/strict';^[[0m
disposable-proof	Guard local targets and replay through PKG-050, A1, B3a and B3b	2026-09-27T10:19:25.1187194Z ^[[36;1massertLocalDeviceProofTargets(process.env.RU5_DEVICE_SUPABASE_URL, process.env.RU5_DEVICE_DB_URL);^[[0m
disposable-proof	Guard local targets and replay through PKG-050, A1, B3a and B3b	2026-09-27T10:19:25.1187820Z ^[[36;1massert.equal(process.env.DB_URL, process.env.RU5_DEVICE_DB_URL);^[[0m
disposable-proof	Guard local targets and replay through PKG-050, A1, B3a and B3b	2026-09-27T10:19:25.1188187Z ^[[36;1mNODE^[[0m
disposable-proof	Guard local targets and replay through PKG-050, A1, B3a and B3b	2026-09-27T10:19:25.1188393Z ^[[36;1mrun_stage() {^[[0m
disposable-proof	Guard local targets and replay through PKG-050, A1, B3a and B3b	2026-09-27T10:19:25.1188620Z ^[[36;1m  local stage="$1"^[[0m
disposable-proof	Guard local targets and replay through PKG-050, A1, B3a and B3b	2026-09-27T10:19:25.1188852Z ^[[36;1m  shift^[[0m
disposable-proof	Guard local targets and replay through PKG-050, A1, B3a and B3b	2026-09-27T10:19:25.1189162Z ^[[36;1m  printf '%s START\n' "$stage" >> "$PRE_V3_ARTIFACT_DIR/stages.txt"^[[0m
disposable-proof	Guard local targets and replay through PKG-050, A1, B3a and B3b	2026-09-27T10:19:25.1189587Z ^[[36;1m  if "$@" 2>&1 | tee "$PRE_V3_ARTIFACT_DIR/$stage.log"; then^[[0m
disposable-proof	Guard local targets and replay through PKG-050, A1, B3a and B3b	2026-09-27T10:19:25.1190035Z ^[[36;1m    printf '%s PASS\n' "$stage" >> "$PRE_V3_ARTIFACT_DIR/stages.txt"^[[0m
disposable-proof	Guard local targets and replay through PKG-050, A1, B3a and B3b	2026-09-27T10:19:25.1190379Z ^[[36;1m  else^[[0m
disposable-proof	Guard local targets and replay through PKG-050, A1, B3a and B3b	2026-09-27T10:19:25.1190654Z ^[[36;1m    printf '%s FAIL\n' "$stage" >> "$PRE_V3_ARTIFACT_DIR/stages.txt"^[[0m
disposable-proof	Guard local targets and replay through PKG-050, A1, B3a and B3b	2026-09-27T10:19:25.1190996Z ^[[36;1m    return 1^[[0m
disposable-proof	Guard local targets and replay through PKG-050, A1, B3a and B3b	2026-09-27T10:19:25.1191198Z ^[[36;1m  fi^[[0m
disposable-proof	Guard local targets and replay through PKG-050, A1, B3a and B3b	2026-09-27T10:19:25.1191379Z ^[[36;1m}^[[0m
disposable-proof	Guard local targets and replay through PKG-050, A1, B3a and B3b	2026-09-27T10:19:25.1191692Z ^[[36;1m# Same dependency order as pkg050-agreement-messages-read-proof.yml.^[[0m
disposable-proof	Guard local targets and replay through PKG-050, A1, B3a and B3b	2026-09-27T10:19:25.1192218Z ^[[36;1m# Replay modes only prepare predecessors; PKG-051 is deliberately absent.^[[0m
disposable-proof	Guard local targets and replay through PKG-050, A1, B3a and B3b	2026-09-27T10:19:25.1193068Z ^[[36;1mrun_stage 03-source147 python3 supabase/proofs/pkg023j/replay_source147.py^[[0m
disposable-proof	Guard local targets and replay through PKG-050, A1, B3a and B3b	2026-09-27T10:19:25.1194097Z ^[[36;1mrun_stage 04-dev-alpha-to-pkg026 node supabase/proofs/pkg027/pkg027_proof.mjs replay^[[0m
disposable-proof	Guard local targets and replay through PKG-050, A1, B3a and B3b	2026-09-27T10:19:25.1194671Z ^[[36;1mrun_stage 05-pkg027 node supabase/proofs/pkg028/pkg028_proof.mjs replay^[[0m
disposable-proof	Guard local targets and replay through PKG-050, A1, B3a and B3b	2026-09-27T10:19:25.1195184Z ^[[36;1mrun_stage 06-pkg028 node supabase/proofs/pkg029/pkg029_proof.mjs replay^[[0m
disposable-proof	Guard local targets and replay through PKG-050, A1, B3a and B3b	2026-09-27T10:19:25.1196386Z ^[[36;1mrun_stage 07-pkg029 node supabase/proofs/pkg030/pkg030_proof.mjs replay^[[0m
disposable-proof	Guard local targets and replay through PKG-050, A1, B3a and B3b	2026-09-27T10:19:25.1196925Z ^[[36;1mrun_stage 08-pkg030 node supabase/proofs/pkg031/pkg031_proof.mjs replay^[[0m
disposable-proof	Guard local targets and replay through PKG-050, A1, B3a and B3b	2026-09-27T10:19:25.1197439Z ^[[36;1mrun_stage 09-pkg031 node supabase/proofs/pkg032/pkg032_proof.mjs replay^[[0m
disposable-proof	Guard local targets and replay through PKG-050, A1, B3a and B3b	2026-09-27T10:19:25.1197937Z ^[[36;1mrun_stage 10-pkg032 node supabase/proofs/pkg033/pkg033_proof.mjs replay^[[0m
disposable-proof	Guard local targets and replay through PKG-050, A1, B3a and B3b	2026-09-27T10:19:25.1198424Z ^[[36;1mrun_stage 11-pkg033 node supabase/proofs/pkg034/pkg034_proof.mjs replay^[[0m
disposable-proof	Guard local targets and replay through PKG-050, A1, B3a and B3b	2026-09-27T10:19:25.1198911Z ^[[36;1mrun_stage 12-pkg034 node supabase/proofs/pkg035/pkg035_proof.mjs replay^[[0m
disposable-proof	Guard local targets and replay through PKG-050, A1, B3a and B3b	2026-09-27T10:19:25.1199404Z ^[[36;1mrun_stage 13-pkg035 node supabase/proofs/pkg037/pkg037_proof.mjs replay^[[0m
disposable-proof	Guard local targets and replay through PKG-050, A1, B3a and B3b	2026-09-27T10:19:25.1199894Z ^[[36;1mrun_stage 14-pkg037 node supabase/proofs/pkg038/pkg038_proof.mjs replay^[[0m
disposable-proof	Guard local targets and replay through PKG-050, A1, B3a and B3b	2026-09-27T10:19:25.1200391Z ^[[36;1mrun_stage 15-pkg038 node supabase/proofs/pkg039/pkg039_proof.mjs replay^[[0m
disposable-proof	Guard local targets and replay through PKG-050, A1, B3a and B3b	2026-09-27T10:19:25.1200909Z ^[[36;1mrun_stage 16-pkg039 node supabase/proofs/pkg040/pkg040_proof.mjs replay^[[0m
disposable-proof	Guard local targets and replay through PKG-050, A1, B3a and B3b	2026-09-27T10:19:25.1201400Z ^[[36;1mrun_stage 17-pkg040 node supabase/proofs/pkg042/pkg042_proof.mjs replay^[[0m
disposable-proof	Guard local targets and replay through PKG-050, A1, B3a and B3b	2026-09-27T10:19:25.1201916Z ^[[36;1mrun_stage 18-pkg042-to-pkg050 node supabase/proofs/pkg050/pkg050_proof.mjs^[[0m
disposable-proof	Guard local targets and replay through PKG-050, A1, B3a and B3b	2026-09-27T10:19:25.1202479Z ^[[36;1mrun_stage 19-a1-preparation node supabase/proofs/chat/prepare_notification_a1.mjs^[[0m
disposable-proof	Guard local targets and replay through PKG-050, A1, B3a and B3b	2026-09-27T10:19:25.1203033Z ^[[36;1mrun_stage 20-b3a node supabase/proofs/chat/private_history_read_proof.mjs^[[0m
disposable-proof	Guard local targets and replay through PKG-050, A1, B3a and B3b	2026-09-27T10:19:25.1222769Z ^[[36;1mrun_stage 21-b3b node supabase/proofs/chat/message_window_proof.mjs^[[0m
disposable-proof	Guard local targets and replay through PKG-050, A1, B3a and B3b	2026-09-27T10:19:25.1223814Z ^[[36;1mnode --input-type=module - <<'NODE' 2>&1 | tee "$PRE_V3_ARTIFACT_DIR/22-report-admission.log"^[[0m
disposable-proof	Guard local targets and replay through PKG-050, A1, B3a and B3b	2026-09-27T10:19:25.1224584Z ^[[36;1mimport assert from 'node:assert/strict';^[[0m
disposable-proof	Guard local targets and replay through PKG-050, A1, B3a and B3b	2026-09-27T10:19:25.1224940Z ^[[36;1mimport {readFileSync} from 'node:fs';^[[0m
disposable-proof	Guard local targets and replay through PKG-050, A1, B3a and B3b	2026-09-27T10:19:25.1226100Z ^[[36;1mfor (const name of ['chat-b3-a1-preparation.json', 'chat-b3a-report.json', 'chat-b3b-report.json']) {^[[0m
disposable-proof	Guard local targets and replay through PKG-050, A1, B3a and B3b	2026-09-27T10:19:25.1226832Z ^[[36;1m  const report = JSON.parse(readFileSync(process.env.PRE_V3_ARTIFACT_DIR + '/' + name, 'utf8'));^[[0m
disposable-proof	Guard local targets and replay through PKG-050, A1, B3a and B3b	2026-09-27T10:19:25.1227523Z ^[[36;1m  assert.equal(report.result, 'PASS'); assert.equal(report.sourceSha, process.env.GITHUB_SHA);^[[0m
disposable-proof	Guard local targets and replay through PKG-050, A1, B3a and B3b	2026-09-27T10:19:25.1228169Z ^[[36;1m  assert.equal(report.actualAuth, true); assert.equal(report.actualDatabase, true);^[[0m
disposable-proof	Guard local targets and replay through PKG-050, A1, B3a and B3b	2026-09-27T10:19:25.1228783Z ^[[36;1m  assert.equal(report.liveAccess, false); assert.equal(report.providerCalled, false);^[[0m
disposable-proof	Guard local targets and replay through PKG-050, A1, B3a and B3b	2026-09-27T10:19:25.1229536Z ^[[36;1m  assert.equal(report.providerCalls, 0); assert.equal(report.storageCalls, 0); assert.equal(report.deviceProven, false);^[[0m
disposable-proof	Guard local targets and replay through PKG-050, A1, B3a and B3b	2026-09-27T10:19:25.1230366Z ^[[36;1m  assert.ok(report.checks.length > 0); assert.ok(report.checks.every(check => check.result === 'PASS'));^[[0m
disposable-proof	Guard local targets and replay through PKG-050, A1, B3a and B3b	2026-09-27T10:19:25.1231090Z ^[[36;1m  assert.ok(Object.values(report.sourceArtifactHashes).every(hash => /^[a-f0-9]{64}$/.test(hash)));^[[0m
disposable-proof	Guard local targets and replay through PKG-050, A1, B3a and B3b	2026-09-27T10:19:25.1231611Z ^[[36;1m  console.log('PASS ' + name);^[[0m
disposable-proof	Guard local targets and replay through PKG-050, A1, B3a and B3b	2026-09-27T10:19:25.1231871Z ^[[36;1m}^[[0m
disposable-proof	Guard local targets and replay through PKG-050, A1, B3a and B3b	2026-09-27T10:19:25.1232051Z ^[[36;1mNODE^[[0m
disposable-proof	Guard local targets and replay through PKG-050, A1, B3a and B3b	2026-09-27T10:19:25.1296442Z shell: /usr/bin/bash --noprofile --norc -e -o pipefail {0}
disposable-proof	Guard local targets and replay through PKG-050, A1, B3a and B3b	2026-09-27T10:19:25.1296812Z env:
disposable-proof	Guard local targets and replay through PKG-050, A1, B3a and B3b	2026-09-27T10:19:25.1297003Z   CI: 1
disposable-proof	Guard local targets and replay through PKG-050, A1, B3a and B3b	2026-09-27T10:19:25.1297197Z   SUPABASE_TELEMETRY_DISABLED: 1
disposable-proof	Guard local targets and replay through PKG-050, A1, B3a and B3b	2026-09-27T10:19:25.1297444Z   DO_NOT_TRACK: 1
disposable-proof	Guard local targets and replay through PKG-050, A1, B3a and B3b	2026-09-27T10:19:25.1297901Z   DB_URL: ***127.0.0.1:54322/postgres
disposable-proof	Guard local targets and replay through PKG-050, A1, B3a and B3b	2026-09-27T10:19:25.1298205Z   PRE_V3_ARTIFACT_DIR: /tmp/chat-b3-artifacts
disposable-proof	Guard local targets and replay through PKG-050, A1, B3a and B3b	2026-09-27T10:19:25.1298522Z   SUPABASE_INTERNAL_IMAGE_REGISTRY: ghcr.io
disposable-proof	Guard local targets and replay through PKG-050, A1, B3a and B3b	2026-09-27T10:19:25.1299011Z   RU5_DEVICE_PROOF_DIR: /tmp/uskoci-ru5-device-ui
disposable-proof	Guard local targets and replay through PKG-050, A1, B3a and B3b	2026-09-27T10:19:25.1299474Z   RU5_DEVICE_DB_URL: ***127.0.0.1:54322/postgres
disposable-proof	Guard local targets and replay through PKG-050, A1, B3a and B3b	2026-09-27T10:19:25.1299826Z   RU5_DEVICE_SUPABASE_URL: http://127.0.0.1:54321
disposable-proof	Guard local targets and replay through PKG-050, A1, B3a and B3b	2026-09-27T10:19:25.1300816Z   RU5_DEVICE_ANON_KEY: ***
disposable-proof	Guard local targets and replay through PKG-050, A1, B3a and B3b	2026-09-27T10:19:25.1301831Z   RU5_DEVICE_SERVICE_ROLE_KEY: ***
disposable-proof	Guard local targets and replay through PKG-050, A1, B3a and B3b	2026-09-27T10:19:25.1302086Z ##[endgroup]
disposable-proof	Guard local targets and replay through PKG-050, A1, B3a and B3b	2026-09-27T10:19:25.2367270Z apply_source=20260907080000_clean_n01_message_event.sql recorded_as=20260907090358_clean_n01_message_event
disposable-proof	Guard local targets and replay through PKG-050, A1, B3a and B3b	2026-09-27T10:19:25.3468205Z apply_source=20260907080100_clean_n02_selection_event.sql recorded_as=20260907090454_clean_n02_selection_event
disposable-proof	Guard local targets and replay through PKG-050, A1, B3a and B3b	2026-09-27T10:19:25.4525730Z apply_source=20260907080200_clean_n03_event_inbox.sql recorded_as=20260907090527_clean_n03_event_inbox
disposable-proof	Guard local targets and replay through PKG-050, A1, B3a and B3b	2026-09-27T10:19:25.5497974Z apply_source=20260907080300_clean_n05_agreement_change_events.sql recorded_as=20260907090615_clean_n05_agreement_change_events
disposable-proof	Guard local targets and replay through PKG-050, A1, B3a and B3b	2026-09-27T10:19:25.6450702Z apply_source=20260907080400_clean_n06_push_device_registry.sql recorded_as=20260907090645_clean_n06_push_device_registry
disposable-proof	Guard local targets and replay through PKG-050, A1, B3a and B3b	2026-09-27T10:19:25.7447549Z apply_source=20260907100000_clean_n08_notification_preferences.sql recorded_as=20260907102458_clean_n08_notification_preferences
disposable-proof	Guard local targets and replay through PKG-050, A1, B3a and B3b	2026-09-27T10:19:25.8635210Z apply_source=20260907110000_clean_d03_message_retry.sql recorded_as=20260907130151_clean_d03_message_retry
disposable-proof	Guard local targets and replay through PKG-050, A1, B3a and B3b	2026-09-27T10:19:25.9721584Z apply_source=20260907120000_clean_ai_need_draft_safety_authority.sql recorded_as=20260907135905_clean_ai_need_draft_safety_authority
disposable-proof	Guard local targets and replay through PKG-050, A1, B3a and B3b	2026-09-27T10:19:26.1157208Z apply_source=20260908120000_clean_p0e_completion_guards.sql recorded_as=20260908120000_clean_p0e_completion_guards
disposable-proof	Guard local targets and replay through PKG-050, A1, B3a and B3b	2026-09-27T10:19:26.2141055Z apply_source=20260908130000_clean_p1_legal_consent_ledger.sql recorded_as=20260908130000_clean_p1_legal_consent_ledger
disposable-proof	Guard local targets and replay through PKG-050, A1, B3a and B3b	2026-09-27T10:19:26.3356845Z apply_source=20260908140000_clean_p4_processor_map_registry.sql recorded_as=20260908140000_clean_p4_processor_map_registry
disposable-proof	Guard local targets and replay through PKG-050, A1, B3a and B3b	2026-09-27T10:19:26.4483497Z apply_source=20260908150000_clean_p3_retention_schedule_registry.sql recorded_as=20260908150000_clean_p3_retention_schedule_registry
disposable-proof	Guard local targets and replay through PKG-050, A1, B3a and B3b	2026-09-27T10:19:26.5728589Z apply_source=20260908160000_clean_p2_data_export_requests.sql recorded_as=20260908160000_clean_p2_data_export_requests
disposable-proof	Guard local targets and replay through PKG-050, A1, B3a and B3b	2026-09-27T10:19:26.6744825Z apply_source=20260908170000_clean_d0140a_policy_bundle_registration.sql recorded_as=20260908170000_clean_d0140a_policy_bundle_registration
disposable-proof	Guard local targets and replay through PKG-050, A1, B3a and B3b	2026-09-27T10:19:26.7619363Z apply_source=20260909110000_clean_w02_calendar_authority.sql recorded_as=20260909110000_clean_w02_calendar_authority
disposable-proof	Guard local targets and replay through PKG-050, A1, B3a and B3b	2026-09-27T10:19:26.8754841Z apply_source=20260909120000_clean_w02_calendar_interval_integrity.sql recorded_as=20260909120000_clean_w02_calendar_interval_integrity
disposable-proof	Guard local targets and replay through PKG-050, A1, B3a and B3b	2026-09-27T10:19:26.9782539Z apply_source=20260909130000_clean_w02_flexible_calendar_scope.sql recorded_as=20260909130000_clean_w02_flexible_calendar_scope
disposable-proof	Guard local targets and replay through PKG-050, A1, B3a and B3b	2026-09-27T10:19:27.0659235Z apply_source=20260909140000_clean_w02_availability_commands.sql recorded_as=20260909140000_clean_w02_availability_commands
disposable-proof	Guard local targets and replay through PKG-050, A1, B3a and B3b	2026-09-27T10:19:27.1614805Z apply_source=20260909150000_clean_w02_persistent_availability_matching.sql recorded_as=20260909150000_clean_w02_persistent_availability_matching
disposable-proof	Guard local targets and replay through PKG-050, A1, B3a and B3b	2026-09-27T10:19:27.2582039Z apply_source=20260909160000_clean_w02_owned_location_review.sql recorded_as=20260909160000_clean_w02_owned_location_review
disposable-proof	Guard local targets and replay through PKG-050, A1, B3a and B3b	2026-09-27T10:19:27.3770242Z apply_source=20260910053000_clean_w02_shared_capability_validation.sql recorded_as=20260910053000_clean_w02_shared_capability_validation
disposable-proof	Guard local targets and replay through PKG-050, A1, B3a and B3b	2026-09-27T10:19:27.4680268Z apply_source=20260910121926_clean_w02_regional_country_authority.sql recorded_as=20260910121926_clean_w02_regional_country_authority
disposable-proof	Guard local targets and replay through PKG-050, A1, B3a and B3b	2026-09-27T10:19:27.6764995Z apply_source=20260910130851_clean_w02_resolved_location_authority.sql recorded_as=20260910130851_clean_w02_resolved_location_authority
disposable-proof	Guard local targets and replay through PKG-050, A1, B3a and B3b	2026-09-27T10:19:27.8430071Z apply_source=20260910144644_clean_w05_publication_evaluator_authority.sql recorded_as=20260910144644_clean_w05_publication_evaluator_authority
disposable-proof	Guard local targets and replay through PKG-050, A1, B3a and B3b	2026-09-27T10:19:27.9661928Z apply_source=20260910153005_clean_p2_export_delivery_authority.sql recorded_as=20260910153005_clean_p2_export_delivery_authority
disposable-proof	Guard local targets and replay through PKG-050, A1, B3a and B3b	2026-09-27T10:19:28.1140587Z apply_source=20260910162955_clean_p3_retention_execution_authority.sql recorded_as=20260910162955_clean_p3_retention_execution_authority
disposable-proof	Guard local targets and replay through PKG-050, A1, B3a and B3b	2026-09-27T10:19:28.2612939Z apply_source=20260910172132_clean_w03_owned_ai_intake_authority.sql recorded_as=20260910172132_clean_w03_owned_ai_intake_authority
disposable-proof	Guard local targets and replay through PKG-050, A1, B3a and B3b	2026-09-27T10:19:28.4132192Z apply_source=20260910193029_clean_n09_expo_push_transport.sql recorded_as=20260910193029_clean_n09_expo_push_transport
disposable-proof	Guard local targets and replay through PKG-050, A1, B3a and B3b	2026-09-27T10:19:28.5467202Z apply_source=20260910214845_clean_dispatch_need_lock_order.sql recorded_as=20260910214845_clean_dispatch_need_lock_order
disposable-proof	Guard local targets and replay through PKG-050, A1, B3a and B3b	2026-09-27T10:19:28.7108532Z apply_source=20260911174500_clean_pre_v3_worker_capacity.sql recorded_as=20260911174500_clean_pre_v3_worker_capacity
disposable-proof	Guard local targets and replay through PKG-050, A1, B3a and B3b	2026-09-27T10:19:28.8057942Z apply_source=20260911174600_clean_pre_v3_worker_single_authority.sql recorded_as=20260911174600_clean_pre_v3_worker_single_authority
disposable-proof	Guard local targets and replay through PKG-050, A1, B3a and B3b	2026-09-27T10:19:28.9073996Z apply_source=20260911183000_clean_pre_v3_inbox_delivery_visibility.sql recorded_as=20260911183000_clean_pre_v3_inbox_delivery_visibility
disposable-proof	Guard local targets and replay through PKG-050, A1, B3a and B3b	2026-09-27T10:19:29.0070698Z apply_source=20260911190000_clean_pre_v3_m05_admitted_source.sql recorded_as=20260911190000_clean_pre_v3_m05_admitted_source
disposable-proof	Guard local targets and replay through PKG-050, A1, B3a and B3b	2026-09-27T10:19:29.1068111Z apply_source=20260911190100_clean_pre_v3_agreement_execution_guards.sql recorded_as=20260911190100_clean_pre_v3_agreement_execution_guards
disposable-proof	Guard local targets and replay through PKG-050, A1, B3a and B3b	2026-09-27T10:19:29.2106047Z apply_source=20260911210000_clean_pre_v3_need_lifecycle_receipt.sql recorded_as=20260911210000_clean_pre_v3_need_lifecycle_receipt
disposable-proof	Guard local targets and replay through PKG-050, A1, B3a and B3b	2026-09-27T10:19:29.2983223Z apply_source=20260911213000_clean_pre_v3_agreement_replay_guards.sql recorded_as=20260911213000_clean_pre_v3_agreement_replay_guards
disposable-proof	Guard local targets and replay through PKG-050, A1, B3a and B3b	2026-09-27T10:19:29.4238514Z apply_source=20260911220000_clean_pre_v3_requester_identity.sql recorded_as=20260911220000_clean_pre_v3_requester_identity
disposable-proof	Guard local targets and replay through PKG-050, A1, B3a and B3b	2026-09-27T10:19:29.5211806Z apply_source=20260912090000_clean_pre_v3_event_semantics.sql recorded_as=20260912090000_clean_pre_v3_event_semantics
disposable-proof	Guard local targets and replay through PKG-050, A1, B3a and B3b	2026-09-27T10:19:29.6261399Z apply_source=20260912091000_clean_pre_v3_safety_authority.sql recorded_as=20260912091000_clean_pre_v3_safety_authority
disposable-proof	Guard local targets and replay through PKG-050, A1, B3a and B3b	2026-09-27T10:19:29.7809755Z apply_source=20260912091100_clean_pre_v3_safety_audit_vocabulary.sql recorded_as=20260912091100_clean_pre_v3_safety_audit_vocabulary
disposable-proof	Guard local targets and replay through PKG-050, A1, B3a and B3b	2026-09-27T10:19:29.8724398Z apply_source=20260912100000_clean_pre_v3_reviews_authority.sql recorded_as=20260912100000_clean_pre_v3_reviews_authority
disposable-proof	Guard local targets and replay through PKG-050, A1, B3a and B3b	2026-09-27T10:19:29.9941559Z apply_source=20260912130000_clean_pre_v3_account_closure_preparation.sql recorded_as=20260912130000_clean_pre_v3_account_closure_preparation
disposable-proof	Guard local targets and replay through PKG-050, A1, B3a and B3b	2026-09-27T10:19:30.1314580Z apply_source=20260912131000_clean_pre_v3_push_readiness.sql recorded_as=20260912131000_clean_pre_v3_push_readiness
disposable-proof	Guard local targets and replay through PKG-050, A1, B3a and B3b	2026-09-27T10:19:30.2352439Z apply_source=20260912131100_clean_pre_v3_push_readiness_column_qualification.sql recorded_as=20260912131100_clean_pre_v3_push_readiness_column_qualification
disposable-proof	Guard local targets and replay through PKG-050, A1, B3a and B3b	2026-09-27T10:19:30.3190241Z apply_source=20260912193000_clean_pre_v3_publication_owner_product_activation.sql recorded_as=20260912193000_clean_pre_v3_publication_owner_product_activation
disposable-proof	Guard local targets and replay through PKG-050, A1, B3a and B3b	2026-09-27T10:19:30.4130058Z apply_source=20260912194000_clean_pre_v3_publication_executable_policy.sql recorded_as=20260912194000_clean_pre_v3_publication_executable_policy
disposable-proof	Guard local targets and replay through PKG-050, A1, B3a and B3b	2026-09-27T10:19:30.5158018Z apply_source=20260912213702_clean_v5_review_acceptance.sql recorded_as=20260912213702_clean_v5_review_acceptance
disposable-proof	Guard local targets and replay through PKG-050, A1, B3a and B3b	2026-09-27T10:19:30.6618747Z apply_source=20260912214126_clean_v5_bounded_ai_test_budget.sql recorded_as=20260912214126_clean_v5_bounded_ai_test_budget
disposable-proof	Guard local targets and replay through PKG-050, A1, B3a and B3b	2026-09-27T10:19:30.7801194Z apply_source=20260912220506_clean_v5_owned_worker_profile.sql recorded_as=20260912220506_clean_v5_owned_worker_profile
disposable-proof	Guard local targets and replay through PKG-050, A1, B3a and B3b	2026-09-27T10:19:30.9080748Z apply_source=20260912222338_clean_v5_owner_safety_legal_reads.sql recorded_as=20260912222338_clean_v5_owner_safety_legal_reads
disposable-proof	Guard local targets and replay through PKG-050, A1, B3a and B3b	2026-09-27T10:19:31.0154862Z apply_source=20260912224647_clean_v5_owned_media.sql recorded_as=20260912224647_clean_v5_owned_media
disposable-proof	Guard local targets and replay through PKG-050, A1, B3a and B3b	2026-09-27T10:19:31.1428886Z apply_source=20260912230039_clean_v5_policy_bound_closure.sql recorded_as=20260912230039_clean_v5_policy_bound_closure
disposable-proof	Guard local targets and replay through PKG-050, A1, B3a and B3b	2026-09-27T10:19:31.3520324Z apply_source=20260912233901_clean_v5_ai_turn_restart_recovery.sql recorded_as=20260912233901_clean_v5_ai_turn_restart_recovery
disposable-proof	Guard local targets and replay through PKG-050, A1, B3a and B3b	2026-09-27T10:19:31.4950544Z apply_source=20260912234201_clean_v5_owned_qa_recovery.sql recorded_as=20260912234201_clean_v5_owned_qa_recovery
disposable-proof	Guard local targets and replay through PKG-050, A1, B3a and B3b	2026-09-27T10:19:31.5957804Z apply_source=20260913000109_clean_v5_approved_qa_limits.sql recorded_as=20260913000109_clean_v5_approved_qa_limits
disposable-proof	Guard local targets and replay through PKG-050, A1, B3a and B3b	2026-09-27T10:19:31.7221876Z apply_source=20260913000144_clean_v5_qa_classifier_authority.sql recorded_as=20260913000144_clean_v5_qa_classifier_authority
disposable-proof	Guard local targets and replay through PKG-050, A1, B3a and B3b	2026-09-27T10:19:31.9241479Z apply_source=20260913001000_clean_v5_owned_export_projection.sql recorded_as=20260913001000_clean_v5_owned_export_projection
disposable-proof	Guard local targets and replay through PKG-050, A1, B3a and B3b	2026-09-27T10:19:32.0343122Z apply_source=20260913002405_clean_v5_group_conversation.sql recorded_as=20260913002405_clean_v5_group_conversation
disposable-proof	Guard local targets and replay through PKG-050, A1, B3a and B3b	2026-09-27T10:19:32.2123233Z apply_source=20260913002428_clean_v5_agreement_location_snapshot.sql recorded_as=20260913002428_clean_v5_agreement_location_snapshot
disposable-proof	Guard local targets and replay through PKG-050, A1, B3a and B3b	2026-09-27T10:19:32.3670516Z apply_source=20260913005720_clean_v5_media_evidence_protection.sql recorded_as=20260913005720_clean_v5_media_evidence_protection
disposable-proof	Guard local targets and replay through PKG-050, A1, B3a and B3b	2026-09-27T10:19:32.5529602Z apply_source=20260913014627_clean_v5_retention_source_compatibility.sql recorded_as=20260913014627_clean_v5_retention_source_compatibility
disposable-proof	Guard local targets and replay through PKG-050, A1, B3a and B3b	2026-09-27T10:19:32.8001013Z apply_source=20260913022110_clean_v5_worker_turn_restart_recovery.sql recorded_as=20260913022110_clean_v5_worker_turn_restart_recovery
disposable-proof	Guard local targets and replay through PKG-050, A1, B3a and B3b	2026-09-27T10:19:33.0269252Z apply_source=20260913044510_clean_v5_unknown_ai_turn_exit.sql recorded_as=20260913044510_clean_v5_unknown_ai_turn_exit
disposable-proof	Guard local targets and replay through PKG-050, A1, B3a and B3b	2026-09-27T10:19:33.2864781Z apply_source=20260913045824_clean_v5_support_case_authority.sql recorded_as=20260913045824_clean_v5_support_case_authority
disposable-proof	Guard local targets and replay through PKG-050, A1, B3a and B3b	2026-09-27T10:19:33.5641288Z apply_source=20260913065130_clean_v5_agreement_private_photos.sql recorded_as=20260913065130_clean_v5_agreement_private_photos
disposable-proof	Guard local targets and replay through PKG-050, A1, B3a and B3b	2026-09-27T10:19:33.8160790Z apply_source=20260913080237_clean_v5_self_reported_identity_requirement.sql recorded_as=20260913080237_clean_v5_self_reported_identity_requirement
disposable-proof	Guard local targets and replay through PKG-050, A1, B3a and B3b	2026-09-27T10:19:34.0792282Z apply_source=20260913081147_clean_v5_event_bound_account_erasure.sql recorded_as=20260913081147_clean_v5_event_bound_account_erasure
disposable-proof	Guard local targets and replay through PKG-050, A1, B3a and B3b	2026-09-27T10:19:34.4366979Z apply_source=20260913081242_clean_v5_qa_owner_product_activation.sql recorded_as=20260913081242_clean_v5_qa_owner_product_activation
disposable-proof	Guard local targets and replay through PKG-050, A1, B3a and B3b	2026-09-27T10:19:34.6604453Z PASS SOURCE147_REPLAY
disposable-proof	Guard local targets and replay through PKG-050, A1, B3a and B3b	2026-09-27T10:19:38.2773293Z PASS TWENTY_TWO_DEV_ALPHA_MIGRATIONS_REPLAYED_FROM_THE_EXACT_TEXT_CANONICAL_DEV_RECORDED
disposable-proof	Guard local targets and replay through PKG-050, A1, B3a and B3b	2026-09-27T10:19:38.9684581Z PASS ALL_FIFTEEN_FUNCTIONS_THE_CANDIDATES_READ_OR_PATCH_HAVE_THE_CANONICAL_DEV_BODY
disposable-proof	Guard local targets and replay through PKG-050, A1, B3a and B3b	2026-09-27T10:19:39.0949814Z PASS THE_CLOSURE_SOURCE_IS_CERTIFIED_AND_READY_AS_ON_CANONICAL_DEV
disposable-proof	Guard local targets and replay through PKG-050, A1, B3a and B3b	2026-09-27T10:19:40.4147289Z PASS THE_FIVE_PKG027_ROWS_REPLAYED_FROM_THE_EXACT_TEXT_CANONICAL_DEV_RECORDED
disposable-proof	Guard local targets and replay through PKG-050, A1, B3a and B3b	2026-09-27T10:19:40.6020839Z PASS EVERY_FUNCTION_PKG028_PATCHES_OR_THE_TICK_DEPENDS_ON_HAS_THE_CANONICAL_DEV_BODY
disposable-proof	Guard local targets and replay through PKG-050, A1, B3a and B3b	2026-09-27T10:19:40.7348941Z PASS THE_CLOSURE_SOURCE_IS_CERTIFIED_AND_READY_AS_ON_CANONICAL_DEV
disposable-proof	Guard local targets and replay through PKG-050, A1, B3a and B3b	2026-09-27T10:19:41.3268747Z PASS THE_TWO_PKG028_ROWS_REPLAYED_FROM_THE_EXACT_TEXT_CANONICAL_DEV_RECORDED
disposable-proof	Guard local targets and replay through PKG-050, A1, B3a and B3b	2026-09-27T10:19:42.0106070Z PASS EVERY_FUNCTION_PKG029_PATCHES_HAS_THE_CANONICAL_DEV_BODY
disposable-proof	Guard local targets and replay through PKG-050, A1, B3a and B3b	2026-09-27T10:19:42.1360890Z PASS THE_CLOSURE_SOURCE_IS_CERTIFIED_AND_READY_AS_ON_CANONICAL_DEV
disposable-proof	Guard local targets and replay through PKG-050, A1, B3a and B3b	2026-09-27T10:19:43.4349465Z PASS THE_FIVE_PKG029_ROWS_REPLAYED_FROM_THE_EXACT_TEXT_CANONICAL_DEV_RECORDED
disposable-proof	Guard local targets and replay through PKG-050, A1, B3a and B3b	2026-09-27T10:19:44.2526173Z PASS THE_TICK_WHAT_IT_READS_AND_EVERY_PKG029_BODY_EQUAL_CANONICAL_DEV
disposable-proof	Guard local targets and replay through PKG-050, A1, B3a and B3b	2026-09-27T10:19:44.4216995Z PASS THE_CLOSURE_SOURCE_IS_CERTIFIED_AND_READY_AS_ON_CANONICAL_DEV
disposable-proof	Guard local targets and replay through PKG-050, A1, B3a and B3b	2026-09-27T10:19:44.6896986Z PASS THE_PKG030_ROW_REPLAYED_FROM_THE_EXACT_TEXT_CANONICAL_DEV_RECORDED
disposable-proof	Guard local targets and replay through PKG-050, A1, B3a and B3b	2026-09-27T10:19:44.9153069Z PASS EVERY_FUNCTION_PKG031_PATCHES_HAS_THE_CANONICAL_DEV_BODY
disposable-proof	Guard local targets and replay through PKG-050, A1, B3a and B3b	2026-09-27T10:19:45.0413372Z PASS THE_CLOSURE_SOURCE_IS_CERTIFIED_AND_READY_AS_ON_CANONICAL_DEV
disposable-proof	Guard local targets and replay through PKG-050, A1, B3a and B3b	2026-09-27T10:19:45.5493035Z PASS THE_TWO_PKG031_ROWS_REPLAYED_FROM_THE_EXACT_TEXT_CANONICAL_DEV_RECORDED
disposable-proof	Guard local targets and replay through PKG-050, A1, B3a and B3b	2026-09-27T10:19:45.7297726Z PASS EVERY_BODY_PKG032_READS_OR_PATCHES_IS_CANONICAL_DEVS
disposable-proof	Guard local targets and replay through PKG-050, A1, B3a and B3b	2026-09-27T10:19:45.9065853Z PASS THE_CERTIFICATE_IS_BOUND_IN_ALL_THREE_PLACES_READY_AND_THE_READINESS_FUNCTION_IS_CANONICAL_DEVS_CONSTANT_ASIDE
disposable-proof	Guard local targets and replay through PKG-050, A1, B3a and B3b	2026-09-27T10:19:46.6920929Z PASS ALL_THREE_PREDECESSOR_BODIES_EQUAL_CANONICAL_DEV
disposable-proof	Guard local targets and replay through PKG-050, A1, B3a and B3b	2026-09-27T10:19:46.8269459Z PASS REPLAY_CLOSURE_CERTIFIED_AND_READY
disposable-proof	Guard local targets and replay through PKG-050, A1, B3a and B3b	2026-09-27T10:19:47.0889157Z PASS REPLAY_PKG033_EXACT_DEV_TEXT
disposable-proof	Guard local targets and replay through PKG-050, A1, B3a and B3b	2026-09-27T10:19:47.2294896Z PASS PREPARATION_AND_BOTH_BLOCKER_AUTHORITIES_MATCH_DEV
disposable-proof	Guard local targets and replay through PKG-050, A1, B3a and B3b	2026-09-27T10:19:47.3565975Z PASS REPLAY_CERTIFIED_AND_READY
disposable-proof	Guard local targets and replay through PKG-050, A1, B3a and B3b	2026-09-27T10:19:47.5941845Z PASS REPLAY_PKG034_EXACT_DEV_TEXT
disposable-proof	Guard local targets and replay through PKG-050, A1, B3a and B3b	2026-09-27T10:19:47.8547428Z PASS PREDECESSORS_EQUAL_DEV_AND_CLOSURE_READY
disposable-proof	Guard local targets and replay through PKG-050, A1, B3a and B3b	2026-09-27T10:19:48.4436198Z PASS REPLAY_PKG035_EXACT_DEV_TEXT
disposable-proof	Guard local targets and replay through PKG-050, A1, B3a and B3b	2026-09-27T10:19:48.6674821Z PASS LIVE_PREDECESSORS_AND_CERTIFICATE_MATCH
disposable-proof	Guard local targets and replay through PKG-050, A1, B3a and B3b	2026-09-27T10:19:48.9138766Z PASS REPLAY_PKG037_EXACT_DEV_TEXT
disposable-proof	Guard local targets and replay through PKG-050, A1, B3a and B3b	2026-09-27T10:19:49.5177855Z PASS EXACT_PKG038_PREDECESSOR_READY
disposable-proof	Guard local targets and replay through PKG-050, A1, B3a and B3b	2026-09-27T10:19:50.1597409Z PASS EXACT_PKG039_PREDECESSOR_READY
disposable-proof	Guard local targets and replay through PKG-050, A1, B3a and B3b	2026-09-27T10:19:50.9767991Z PASS EXACT_PKG040_PREDECESSOR_READY
disposable-proof	Guard local targets and replay through PKG-050, A1, B3a and B3b	2026-09-27T10:19:52.7224084Z PASS EXACT_PREDECESSOR_REPLAY_READY_CERTIFICATE_AND_NO_SUCH_FUNCTION
disposable-proof	Guard local targets and replay through PKG-050, A1, B3a and B3b	2026-09-27T10:19:54.0309794Z PASS BEFORE_NO_WRITER_EXISTS_AND_THE_EVENTS_STAY_UNREAD
disposable-proof	Guard local targets and replay through PKG-050, A1, B3a and B3b	2026-09-27T10:19:54.8791801Z PASS DRIFT_AND_BODY_TAMPERS_ROLL_BACK_ATOMICALLY
disposable-proof	Guard local targets and replay through PKG-050, A1, B3a and B3b	2026-09-27T10:19:57.1073830Z PASS APPLIED_ONCE_ONLY_THE_NEW_FUNCTION_APPEARED_CERTIFICATE_UNCHANGED
disposable-proof	Guard local targets and replay through PKG-050, A1, B3a and B3b	2026-09-27T10:19:57.3525029Z PASS THE_REQUESTER_SETTLES_ONLY_ITS_OWN_MESSAGE_EVENTS_ABOUT_THIS_DOGOVOR
disposable-proof	Guard local targets and replay through PKG-050, A1, B3a and B3b	2026-09-27T10:19:57.5105806Z PASS THE_WORKER_SETTLES_ITS_SIDE_AND_A_NEW_MESSAGE_COUNTS_AGAIN
disposable-proof	Guard local targets and replay through PKG-050, A1, B3a and B3b	2026-09-27T10:19:57.9260802Z PASS STRANGERS_UNKNOWN_IDS_AND_ANON_ARE_REFUSED_AND_THE_CERTIFICATE_IS_UNMOVED
disposable-proof	Guard local targets and replay through PKG-050, A1, B3a and B3b	2026-09-27T10:19:58.7863058Z PASS EXACT_SOURCE_BYTES_PKG050_AND_LOCAL_A1_PREDECESSOR
disposable-proof	Guard local targets and replay through PKG-050, A1, B3a and B3b	2026-09-27T10:19:59.6564268Z PASS ONLY_A1_BEGIN_BODY_CHANGED_WITH_SERVICE_ONLY_ACL_UNCHANGED_DATA_HISTORY_AND_CERTIFICATE
disposable-proof	Guard local targets and replay through PKG-050, A1, B3a and B3b	2026-09-27T10:19:59.6566311Z PASS CHAT_B3_PREPARE_NOTIFICATION_A1
disposable-proof	Guard local targets and replay through PKG-050, A1, B3a and B3b	2026-09-27T10:20:01.0706842Z PASS PREDECESSOR_AND_BODY_DRIFT_ROLL_BACK_WITH_UNCHANGED_CERTIFICATE
disposable-proof	Guard local targets and replay through PKG-050, A1, B3a and B3b	2026-09-27T10:20:03.3741224Z PASS ONLY_TWO_ADDITIVE_FUNCTIONS_WITH_AUTHENTICATED_ACL_AND_NO_CERTIFICATE_MOVEMENT
disposable-proof	Guard local targets and replay through PKG-050, A1, B3a and B3b	2026-09-27T10:20:04.8693829Z PASS EMPTY_NEWEST_OLDER_TIED_MICROSECOND_PAGES_AND_LATER_NEWEST_REFRESH
disposable-proof	Guard local targets and replay through PKG-050, A1, B3a and B3b	2026-09-27T10:20:04.9076607Z PASS CURSOR_LIMIT_SCOPE_EXPECTED_ACCOUNT_AND_ANON_REFUSALS
disposable-proof	Guard local targets and replay through PKG-050, A1, B3a and B3b	2026-09-27T10:20:05.4579366Z PASS EXACT_IDS_ONLY_NO_PARTIAL_BATCH_WRITES_NO_OTHER_RECIPIENT_OR_EVENT_SWEEP_AND_IDEMPOTENT_REPLAY
disposable-proof	Guard local targets and replay through PKG-050, A1, B3a and B3b	2026-09-27T10:20:05.6555338Z PASS SUPPRESSED_MISSING_IN_APP_AND_MISMATCHED_EVENT_LINKS_REMAIN_UNREAD
disposable-proof	Guard local targets and replay through PKG-050, A1, B3a and B3b	2026-09-27T10:20:05.7229360Z PASS EXPLICIT_TEXT_PHOTO_KIND_ORDERED_PRIVATE_METADATA_AND_PHOTO_EVENT_ID
disposable-proof	Guard local targets and replay through PKG-050, A1, B3a and B3b	2026-09-27T10:20:06.2861298Z PASS RESTRICTED_ACCOUNT_REFUSES_EXACT_READ_WITHOUT_EVENT_OR_CERTIFICATE_MUTATION
disposable-proof	Guard local targets and replay through PKG-050, A1, B3a and B3b	2026-09-27T10:20:07.0244518Z PASS CANONICAL_PARTICIPANTS_NOT_NULL_AND_ORDINARY_NULL_WRITES_REFUSED_WITHOUT_MUTATION
disposable-proof	Guard local targets and replay through PKG-050, A1, B3a and B3b	2026-09-27T10:20:08.1527343Z PASS BOTH_CANONICAL_MEMBERS_READ_AND_ACK_EXACT_EVENTS_OUTSIDER_REFUSED_WITHOUT_READ_CHANGE
disposable-proof	Guard local targets and replay through PKG-050, A1, B3a and B3b	2026-09-27T10:20:08.7468284Z PASS TERMINAL_HISTORY_CURRENT_SESSION_FENCE_AND_FINAL_UNCHANGED_CERTIFICATE
disposable-proof	Guard local targets and replay through PKG-050, A1, B3a and B3b	2026-09-27T10:20:08.7471732Z PASS CHAT_B3A_PRIVATE_HISTORY_AND_EXACT_READ
disposable-proof	Guard local targets and replay through PKG-050, A1, B3a and B3b	2026-09-27T10:20:12.5426314Z PASS EXACT_B3A_AND_BODY_PINS_ONE_ADDITIVE_READ_RPC_UNCHANGED_CERTIFICATE_AND_AUTHORITY
disposable-proof	Guard local targets and replay through PKG-050, A1, B3a and B3b	2026-09-27T10:20:14.5910039Z Expected values to be strictly deep-equal:
disposable-proof	Guard local targets and replay through PKG-050, A1, B3a and B3b	2026-09-27T10:20:14.5910563Z + actual - expected
disposable-proof	Guard local targets and replay through PKG-050, A1, B3a and B3b	2026-09-27T10:20:14.5910782Z 
disposable-proof	Guard local targets and replay through PKG-050, A1, B3a and B3b	2026-09-27T10:20:14.5910946Z   [
disposable-proof	Guard local targets and replay through PKG-050, A1, B3a and B3b	2026-09-27T10:20:14.5911437Z +   '8426e203-645e-4a69-b614-98e060c2d99a',
disposable-proof	Guard local targets and replay through PKG-050, A1, B3a and B3b	2026-09-27T10:20:14.5912724Z +   'c3f7aa53-27b8-4da3-b061-64f7f3983fb4',
disposable-proof	Guard local targets and replay through PKG-050, A1, B3a and B3b	2026-09-27T10:20:14.5913377Z     '1a0b5164-601b-49a9-906b-643eb254a069',
disposable-proof	Guard local targets and replay through PKG-050, A1, B3a and B3b	2026-09-27T10:20:14.5914012Z     'eb0aa10a-4137-4f30-ba36-14fa534025d7',
disposable-proof	Guard local targets and replay through PKG-050, A1, B3a and B3b	2026-09-27T10:20:14.5914643Z     'fba89bab-2026-44f1-b66f-b16a6a632a87',
disposable-proof	Guard local targets and replay through PKG-050, A1, B3a and B3b	2026-09-27T10:20:14.5915285Z     '22105ad6-446f-4ab1-9144-7b3a1b5852fd',
disposable-proof	Guard local targets and replay through PKG-050, A1, B3a and B3b	2026-09-27T10:20:14.5916181Z     '5a40b5f1-fec5-4e80-80c7-38063aae6c5d',
disposable-proof	Guard local targets and replay through PKG-050, A1, B3a and B3b	2026-09-27T10:20:14.5916603Z 
disposable-proof	Guard local targets and replay through PKG-050, A1, B3a and B3b	2026-09-27T10:20:14.5916958Z FAIL CHAT_B3B_EXACT_MESSAGE_WINDOW
disposable-proof	Guard local targets and replay through PKG-050, A1, B3a and B3b	2026-09-27T10:20:14.6017010Z ##[error]Process completed with exit code 1.
