PASS src/data/__tests__/agreement-screen-recovery.test.tsx (22.22 s)
FAIL src/data/__tests__/task-detail-screen.test.tsx (5.319 s)
  ● W04 actual screen and focused read lifecycle › shows where the job is as an approximate pin, and shows no map when there is no point

    expect(received).toEqual(expected) // deep equality

    Expected: {"latitude": 45.2671, "longitude": 19.8335}
    Received: undefined

      103 |     expect(text()).toContain('Približno područje. Tačna adresa se deli tek u Dogovoru.');
      104 |     const map = tree!.root.findByProps({ coarse: true });
    > 105 |     expect(map.props.position).toEqual({ latitude: 45.2671, longitude: 19.8335 });
          |                                ^
      106 |     expect(map.props.disabled).toBe(true);
      107 |
      108 |     await act(async () => { tree!.unmount(); }); tree = undefined;

      at Object.toEqual (src/data/__tests__/task-detail-screen.test.tsx:105:32)
      at asyncGeneratorStep (node_modules/@babel/runtime/helpers/asyncToGenerator.js:3:17)
      at _next (node_modules/@babel/runtime/helpers/asyncToGenerator.js:17:9)

PASS src/ui/location/__tests__/LocationOverviewMap.test.tsx
PASS src/data/__tests__/own-task-menu-screen.test.tsx (5.726 s)

Test Suites: 1 failed, 3 passed, 4 total
Tests:       1 failed, 122 passed, 123 total
Snapshots:   0 total
Time:        36.267 s, estimated 37 s
Ran all test suites within paths "src/ui/location/__tests__/LocationOverviewMap.test.tsx", "src/data/__tests__/task-detail-screen.test.tsx", "src/data/__tests__/own-task-menu-screen.test.tsx", "src/data/__tests__/agreement-screen-recovery.test.tsx".
Test results written to: docs\implementation\product-v1-closure-20260926\finalization-20260927\ROUND_08_INTEGRATION_JEST.json
