FAIL src/ui/__tests__/system-settings-action.test.tsx
  ● an unanswered native call times out and its late failure cannot replace the retry result

    expect(received).toBe(expected) // Object.is equality

    Expected: 0
    Received: 1

      49 |   expect(open).toHaveBeenCalledTimes(2);
      50 |   expect(action().props.error).toBeNull();
    > 51 |   expect(jest.getTimerCount()).toBe(0);
         |                                ^
      52 | });
      53 |
      54 | test('unmount retires the pending launch and old press without updating another action', async () => {

      at Object.toBe (src/ui/__tests__/system-settings-action.test.tsx:51:32)
      at asyncGeneratorStep (node_modules/@babel/runtime/helpers/asyncToGenerator.js:3:17)
      at _next (node_modules/@babel/runtime/helpers/asyncToGenerator.js:17:9)

  ● unmount retires the pending launch and old press without updating another action

    expect(received).toBe(expected) // Object.is equality

    Expected: 0
    Received: 2

      60 |   await act(async () => { reject(Error('old')); oldPress(); await flush(); });
      61 |   expect(open).toHaveBeenCalledTimes(1);
    > 62 |   expect(jest.getTimerCount()).toBe(0);
         |                                ^
      63 | });
      64 |

      at Object.toBe (src/ui/__tests__/system-settings-action.test.tsx:62:32)
      at asyncGeneratorStep (node_modules/@babel/runtime/helpers/asyncToGenerator.js:3:17)
      at _next (node_modules/@babel/runtime/helpers/asyncToGenerator.js:17:9)

PASS src/data/__tests__/intake-review-return.test.ts
PASS src/ui/__tests__/retired-discovery-routes.test.tsx (47.823 s)
PASS src/data/__tests__/agreement-collection-presentation.test.tsx (8.075 s)
PASS src/data/__tests__/ai-owned-intake-screen.test.tsx (12.224 s)
FAIL src/data/__tests__/v5-review-screen.test.tsx (7.717 s)
  ● shows publication only after the current owned Need revision and published state are read, then opens Discovery for that task

    expect(jest.fn()).toHaveBeenCalledWith(...expected)

    - Expected
    + Received

      Object {
        "params": Object {
    +     "publishedHandoff": "publication-1",
          "publishedNeedId": "55555555-5555-4555-8555-555555555555",
          "publishedRevision": "1",
        },
        "pathname": "/zadaci",
      },

    Number of calls: 1

      255 |   await act(async () => { retained(); retained(); });
      256 |   expect(mockRouter.replace).toHaveBeenCalledTimes(1);
    > 257 |   expect(mockRouter.replace).toHaveBeenCalledWith({ pathname: '/zadaci', params: { publishedNeedId: NEED, publishedRevision: '1' } });
          |                              ^
      258 |   expect(mockAccept).not.toHaveBeenCalled(); expect(mockResume).not.toHaveBeenCalled();
      259 | });
      260 |

      at Object.toHaveBeenCalledWith (src/data/__tests__/v5-review-screen.test.tsx:257:30)
      at asyncGeneratorStep (node_modules/@babel/runtime/helpers/asyncToGenerator.js:3:17)
      at _next (node_modules/@babel/runtime/helpers/asyncToGenerator.js:17:9)

PASS src/data/__tests__/push-preferences-native.test.tsx (5.974 s)
PASS src/data/__tests__/v5-avatar-screen.test.tsx
FAIL src/data/__tests__/push-settings-route.test.tsx
  ● chooses which of the two server sets to edit here, on the screen, and a flip of the retired app mode changes nothing

    expect(jest.fn()).toHaveBeenCalledTimes(expected)

    Expected number of calls: 1
    Received number of calls: 0

      39 |  expect(tree.root.findByType('PushPreferences' as never).props.role).toBe('WORKER');
      40 |  expect(JSON.stringify(tree.toJSON())).toContain('Obaveštenja o poslovima na koje se prijavljuješ.');
    > 41 |  old(); expect(mockBack).toHaveBeenCalledTimes(1);
         |                          ^
      42 | });
      43 |
      44 | // Step 11a (2026-09-24): unsaved changes of one set are no longer thrown away without a word by Back or a set switch.

      at Object.toHaveBeenCalledTimes (src/data/__tests__/push-settings-route.test.tsx:41:26)

PASS src/data/__tests__/voice-composer-controls.test.tsx
FAIL src/data/__tests__/pkg011-permission-recovery.test.tsx
  ● a settings failure stays visible and retryable without requesting permission

    expect(jest.fn()).toHaveBeenCalledTimes(expected)

    Expected number of calls: 2
    Received number of calls: 3

      34 |   jest.mocked(Linking.openSettings).mockResolvedValue(undefined);
      35 |   await act(async () => byLabel('Podešavanja telefona').props.onPress());
    > 36 |   expect(Linking.openSettings).toHaveBeenCalledTimes(2);
         |                                ^
      37 |   expect(texts()).not.toContain('Otvaranje podešavanja nije potvrđeno.');
      38 | });
      39 |

      at Object.toHaveBeenCalledTimes (src/data/__tests__/pkg011-permission-recovery.test.tsx:36:32)
      at asyncGeneratorStep (node_modules/@babel/runtime/helpers/asyncToGenerator.js:3:17)
      at _next (node_modules/@babel/runtime/helpers/asyncToGenerator.js:17:9)

PASS src/data/__tests__/agreement-collection-screen.test.tsx

Test Suites: 4 failed, 8 passed, 12 total
Tests:       5 failed, 332 passed, 337 total
Snapshots:   0 total
Time:        96.969 s, estimated 104 s
Ran all test suites within paths "src/data/__tests__/agreement-collection-screen.test.tsx", "src/data/__tests__/agreement-collection-presentation.test.tsx", "src/data/__tests__/ai-owned-intake-screen.test.tsx", "src/data/__tests__/v5-review-screen.test.tsx", "src/data/__tests__/intake-review-return.test.ts", "src/ui/__tests__/retired-discovery-routes.test.tsx", "src/ui/__tests__/system-settings-action.test.tsx", "src/data/__tests__/pkg011-permission-recovery.test.tsx", "src/data/__tests__/push-preferences-native.test.tsx", "src/data/__tests__/push-settings-route.test.tsx", "src/data/__tests__/v5-avatar-screen.test.tsx", "src/data/__tests__/voice-composer-controls.test.tsx".
Test results written to: docs\implementation\product-v1-closure-20260926\finalization-20260927\ROUND_07_JEST.json
Jest did not exit one second after the test run has completed.

'This usually means that there are asynchronous operations that weren't stopped in your tests. Consider running Jest with `--detectOpenHandles` to troubleshoot this issue.
