PASS src/data/__tests__/agreement-outbox-draft.test.ts (19.096 s)
PASS src/data/__tests__/agreement-incoming-refresh.test.ts
FAIL src/data/__tests__/agreement-incoming-refresh-hook.test.tsx
  ● refreshes only after a hint and replaces foreground listeners without replaying old hints

    TypeError: Cannot read properties of undefined (reading '0')

      42 | afterEach(async () => { await act(async () => { tree?.unmount(); await flush(); }); jest.useRealTimers(); });
      43 | const mount = async (props: Props = {}) => act(async () => { tree = create(<Probe {...props} />); await flush(); });
    > 44 | const received = () => mockReceived.mock.calls.at(-1)![0] as (value: unknown) => void;
         |                                                      ^
      45 |
      46 | it.each(['disabled', 'background', 'unfocused', 'web'])('does not register a native listener when %s', async reason => {
      47 |   if (reason === 'background') mockActivity = 'background';

      at received (src/data/__tests__/agreement-incoming-refresh-hook.test.tsx:44:54)
      at Object.received (src/data/__tests__/agreement-incoming-refresh-hook.test.tsx:55:30)
      at asyncGeneratorStep (node_modules/@babel/runtime/helpers/asyncToGenerator.js:3:17)
      at _next (node_modules/@babel/runtime/helpers/asyncToGenerator.js:17:9)

  ● retires a retained listener on accountABA

    TypeError: Cannot read properties of undefined (reading '0')

      42 | afterEach(async () => { await act(async () => { tree?.unmount(); await flush(); }); jest.useRealTimers(); });
      43 | const mount = async (props: Props = {}) => act(async () => { tree = create(<Probe {...props} />); await flush(); });
    > 44 | const received = () => mockReceived.mock.calls.at(-1)![0] as (value: unknown) => void;
         |                                                      ^
      45 |
      46 | it.each(['disabled', 'background', 'unfocused', 'web'])('does not register a native listener when %s', async reason => {
      47 |   if (reason === 'background') mockActivity = 'background';

      at received (src/data/__tests__/agreement-incoming-refresh-hook.test.tsx:44:54)
      at received (src/data/__tests__/agreement-incoming-refresh-hook.test.tsx:65:30)
      at asyncGeneratorStep (node_modules/@babel/runtime/helpers/asyncToGenerator.js:3:17)
      at _next (node_modules/@babel/runtime/helpers/asyncToGenerator.js:17:9)

  ● retires a retained listener on session

    TypeError: Cannot read properties of undefined (reading '0')

      42 | afterEach(async () => { await act(async () => { tree?.unmount(); await flush(); }); jest.useRealTimers(); });
      43 | const mount = async (props: Props = {}) => act(async () => { tree = create(<Probe {...props} />); await flush(); });
    > 44 | const received = () => mockReceived.mock.calls.at(-1)![0] as (value: unknown) => void;
         |                                                      ^
      45 |
      46 | it.each(['disabled', 'background', 'unfocused', 'web'])('does not register a native listener when %s', async reason => {
      47 |   if (reason === 'background') mockActivity = 'background';

      at received (src/data/__tests__/agreement-incoming-refresh-hook.test.tsx:44:54)
      at received (src/data/__tests__/agreement-incoming-refresh-hook.test.tsx:65:30)
      at asyncGeneratorStep (node_modules/@babel/runtime/helpers/asyncToGenerator.js:3:17)
      at _next (node_modules/@babel/runtime/helpers/asyncToGenerator.js:17:9)

  ● retires a retained listener on source

    TypeError: Cannot read properties of undefined (reading '0')

      42 | afterEach(async () => { await act(async () => { tree?.unmount(); await flush(); }); jest.useRealTimers(); });
      43 | const mount = async (props: Props = {}) => act(async () => { tree = create(<Probe {...props} />); await flush(); });
    > 44 | const received = () => mockReceived.mock.calls.at(-1)![0] as (value: unknown) => void;
         |                                                      ^
      45 |
      46 | it.each(['disabled', 'background', 'unfocused', 'web'])('does not register a native listener when %s', async reason => {
      47 |   if (reason === 'background') mockActivity = 'background';

      at received (src/data/__tests__/agreement-incoming-refresh-hook.test.tsx:44:54)
      at received (src/data/__tests__/agreement-incoming-refresh-hook.test.tsx:65:30)
      at asyncGeneratorStep (node_modules/@babel/runtime/helpers/asyncToGenerator.js:3:17)
      at _next (node_modules/@babel/runtime/helpers/asyncToGenerator.js:17:9)

  ● retires a retained listener on target

    TypeError: Cannot read properties of undefined (reading '0')

      42 | afterEach(async () => { await act(async () => { tree?.unmount(); await flush(); }); jest.useRealTimers(); });
      43 | const mount = async (props: Props = {}) => act(async () => { tree = create(<Probe {...props} />); await flush(); });
    > 44 | const received = () => mockReceived.mock.calls.at(-1)![0] as (value: unknown) => void;
         |                                                      ^
      45 |
      46 | it.each(['disabled', 'background', 'unfocused', 'web'])('does not register a native listener when %s', async reason => {
      47 |   if (reason === 'background') mockActivity = 'background';

      at received (src/data/__tests__/agreement-incoming-refresh-hook.test.tsx:44:54)
      at received (src/data/__tests__/agreement-incoming-refresh-hook.test.tsx:65:30)
      at asyncGeneratorStep (node_modules/@babel/runtime/helpers/asyncToGenerator.js:3:17)
      at _next (node_modules/@babel/runtime/helpers/asyncToGenerator.js:17:9)

  ● retires a retained listener on disabled

    TypeError: Cannot read properties of undefined (reading '0')

      42 | afterEach(async () => { await act(async () => { tree?.unmount(); await flush(); }); jest.useRealTimers(); });
      43 | const mount = async (props: Props = {}) => act(async () => { tree = create(<Probe {...props} />); await flush(); });
    > 44 | const received = () => mockReceived.mock.calls.at(-1)![0] as (value: unknown) => void;
         |                                                      ^
      45 |
      46 | it.each(['disabled', 'background', 'unfocused', 'web'])('does not register a native listener when %s', async reason => {
      47 |   if (reason === 'background') mockActivity = 'background';

      at received (src/data/__tests__/agreement-incoming-refresh-hook.test.tsx:44:54)
      at received (src/data/__tests__/agreement-incoming-refresh-hook.test.tsx:65:30)
      at asyncGeneratorStep (node_modules/@babel/runtime/helpers/asyncToGenerator.js:3:17)
      at _next (node_modules/@babel/runtime/helpers/asyncToGenerator.js:17:9)

  ● retires a retained listener on blur

    TypeError: Cannot read properties of undefined (reading '0')

      42 | afterEach(async () => { await act(async () => { tree?.unmount(); await flush(); }); jest.useRealTimers(); });
      43 | const mount = async (props: Props = {}) => act(async () => { tree = create(<Probe {...props} />); await flush(); });
    > 44 | const received = () => mockReceived.mock.calls.at(-1)![0] as (value: unknown) => void;
         |                                                      ^
      45 |
      46 | it.each(['disabled', 'background', 'unfocused', 'web'])('does not register a native listener when %s', async reason => {
      47 |   if (reason === 'background') mockActivity = 'background';

      at received (src/data/__tests__/agreement-incoming-refresh-hook.test.tsx:44:54)
      at received (src/data/__tests__/agreement-incoming-refresh-hook.test.tsx:65:30)
      at asyncGeneratorStep (node_modules/@babel/runtime/helpers/asyncToGenerator.js:3:17)
      at _next (node_modules/@babel/runtime/helpers/asyncToGenerator.js:17:9)

  ● retires a retained listener on unmount

    TypeError: Cannot read properties of undefined (reading '0')

      42 | afterEach(async () => { await act(async () => { tree?.unmount(); await flush(); }); jest.useRealTimers(); });
      43 | const mount = async (props: Props = {}) => act(async () => { tree = create(<Probe {...props} />); await flush(); });
    > 44 | const received = () => mockReceived.mock.calls.at(-1)![0] as (value: unknown) => void;
         |                                                      ^
      45 |
      46 | it.each(['disabled', 'background', 'unfocused', 'web'])('does not register a native listener when %s', async reason => {
      47 |   if (reason === 'background') mockActivity = 'background';

      at received (src/data/__tests__/agreement-incoming-refresh-hook.test.tsx:44:54)
      at received (src/data/__tests__/agreement-incoming-refresh-hook.test.tsx:65:30)
      at asyncGeneratorStep (node_modules/@babel/runtime/helpers/asyncToGenerator.js:3:17)
      at _next (node_modules/@babel/runtime/helpers/asyncToGenerator.js:17:9)

PASS src/data/__tests__/agreement-overview-presentation.test.tsx
FAIL src/data/__tests__/agreement-screen-recovery.test.tsx (27.539 s)
  ● D03 actual route and scoped resource integration › puts the linked task before the next step and accepted terms for narucilac

    No instances found with props: {"accessibilityLabel":"Otvori zadatak: Pomoć pri selidbi"}

      78 | let tree: ReactTestRenderer;
      79 | const texts = () => tree.root.findAll(node => String(node.type) === 'T').flatMap(node => node.children.filter(child => typeof child === 'string')).join(' ');
    > 80 | const button = (label: string) => tree.root.findByProps({ accessibilityLabel: label });
         |                                             ^
      81 | async function render() { await act(async () => { tree = create(<Dogovor />); }); }
      82 | async function hardwareBack() {
      83 |   await act(async () => {

      at expectOne (node_modules/react-test-renderer/cjs/react-test-renderer.development.js:15161:13)
      at ReactTestInstance.Object.<anonymous>.process.env.NODE_ENV._proto.findByProps (node_modules/react-test-renderer/cjs/react-test-renderer.development.js:17219:18)
      at findByProps (src/data/__tests__/agreement-screen-recovery.test.tsx:80:45)
      at button (src/data/__tests__/agreement-screen-recovery.test.tsx:169:18)
      at asyncGeneratorStep (node_modules/@babel/runtime/helpers/asyncToGenerator.js:3:17)
      at _next (node_modules/@babel/runtime/helpers/asyncToGenerator.js:17:9)

  ● D03 actual route and scoped resource integration › puts the linked task before the next step and accepted terms for uskocer

    No instances found with props: {"accessibilityLabel":"Otvori zadatak: Pomoć pri selidbi"}

      78 | let tree: ReactTestRenderer;
      79 | const texts = () => tree.root.findAll(node => String(node.type) === 'T').flatMap(node => node.children.filter(child => typeof child === 'string')).join(' ');
    > 80 | const button = (label: string) => tree.root.findByProps({ accessibilityLabel: label });
         |                                             ^
      81 | async function render() { await act(async () => { tree = create(<Dogovor />); }); }
      82 | async function hardwareBack() {
      83 |   await act(async () => {

      at expectOne (node_modules/react-test-renderer/cjs/react-test-renderer.development.js:15161:13)
      at ReactTestInstance.Object.<anonymous>.process.env.NODE_ENV._proto.findByProps (node_modules/react-test-renderer/cjs/react-test-renderer.development.js:17219:18)
      at findByProps (src/data/__tests__/agreement-screen-recovery.test.tsx:80:45)
      at button (src/data/__tests__/agreement-screen-recovery.test.tsx:169:18)
      at asyncGeneratorStep (node_modules/@babel/runtime/helpers/asyncToGenerator.js:3:17)
      at _next (node_modules/@babel/runtime/helpers/asyncToGenerator.js:17:9)

FAIL src/data/__tests__/pkg011-agreement-workspace.test.tsx (15.623 s)
  ● a Dogovor without a saved amount says so and never shows one › the overview writes it in words, with no "ukupno" beside it

    expect(received).not.toContain(expected) // indexOf

    Expected substring: not "ukupno"
    Received string:        "MA Marko Uskače na tvoj zadatak Pomoć pri selidbi Beograd Otvori zadatak Dogovoreno Završetak možeš potvrditi kada je posao obavljen, i pre nego što ga druga strana označi. Dogovoreni uslovi Dogovoreno ukupno Iznos nije sačuvan Termin Fleksibilno Izmene i otkazivanje Dogovora Cena, obim, termin ili otkazivanje uz razlog Bezbednost i privatna prijava Blokiranje i poverljiva prijava podršci Kontakt Podeli svoj broj kada ti odgovara Tok Dogovora Sačuvani događaji Nešto nije u redu? Prijava problema zaustavlja automatski završetak i vidi je druga strana. Prijavi problem Otvori poruke"

      213 |     await render(base({ cena: missing }));
      214 |     expect(texts()).toContain('Iznos nije sačuvan'); expect(texts()).not.toContain('0 RSD');
    > 215 |     expect(texts()).not.toContain('ukupno');
          |                         ^
      216 |     expect(tree.root.findByProps({ accessibilityLabel: 'Dogovoreno ukupno: Iznos nije sačuvan' })).toBeTruthy();
      217 |     // The same overview with a saved amount keeps its basis, so the check above is about the missing amount only.
      218 |     await act(async () => tree.unmount());

      at Object.toContain (src/data/__tests__/pkg011-agreement-workspace.test.tsx:215:25)
      at asyncGeneratorStep (node_modules/@babel/runtime/helpers/asyncToGenerator.js:3:17)
      at _next (node_modules/@babel/runtime/helpers/asyncToGenerator.js:17:9)

  ● a Dogovor without a saved amount says so and never shows one › Poruke opens the accepted overview where the missing amount stays words, never an invented price

    expect(received).not.toContain(expected) // indexOf

    Expected substring: not "ukupno"
    Received string:        "Dogovoreno ukupnoIznos nije sačuvan"

      230 |     const summary = tree.root.findByProps({ accessibilityLabel: 'Dogovoreno ukupno: Iznos nije sačuvan' });
      231 |     const copy = summary.findAll(node => String(node.type) === 'T').flatMap(node => node.children.filter(child => typeof child === 'string')).join('');
    > 232 |     expect(copy).toContain('Iznos nije sačuvan'); expect(copy).not.toContain('0 RSD'); expect(copy).not.toContain('ukupno');
          |                                                                                                         ^
      233 |   });
      234 |   test('the completion review writes it as a label, never in the amount style', async () => {
      235 |     await render(base({ cena: missing, radnje: { mozeOznacitiZavrsetak: false, mozePotvrditiZavrsetak: true, izmenaNaCekanju: false, predlogIzmene: null } }));

      at Object.toContain (src/data/__tests__/pkg011-agreement-workspace.test.tsx:232:105)
      at asyncGeneratorStep (node_modules/@babel/runtime/helpers/asyncToGenerator.js:3:17)
      at _next (node_modules/@babel/runtime/helpers/asyncToGenerator.js:17:9)

  ● Poruke says what waits for me and keeps accepted terms one press away › a completion the other side marked, as the requester

    No instances found with props: {"accessibilityLabel":"Mesto: Beograd"}

      261 |     expect(tree.root.findByProps({ accessibilityLabel: 'Dogovoreno ukupno: 3.000 RSD' })).toBeTruthy();
      262 |     expect(tree.root.findByProps({ accessibilityLabel: 'Termin: Fleksibilno' })).toBeTruthy();
    > 263 |     expect(tree.root.findByProps({ accessibilityLabel: 'Mesto: Beograd' })).toBeTruthy();
          |                      ^
      264 |   });
      265 |   test.each([
      266 |     ['the worker, whose completion waits for the other side', () => base({ stanje: 'AWAITING_REQUESTER', rokPotvrdeIso: '2026-09-18T10:00:00Z' }, 'uskocer')],

      at expectOne (node_modules/react-test-renderer/cjs/react-test-renderer.development.js:15161:13)
      at ReactTestInstance.Object.<anonymous>.process.env.NODE_ENV._proto.findByProps (node_modules/react-test-renderer/cjs/react-test-renderer.development.js:17219:18)
      at findByProps (src/data/__tests__/pkg011-agreement-workspace.test.tsx:263:22)
      at asyncGeneratorStep (node_modules/@babel/runtime/helpers/asyncToGenerator.js:3:17)
      at _next (node_modules/@babel/runtime/helpers/asyncToGenerator.js:17:9)

  ● Poruke says what waits for me and keeps accepted terms one press away › a change the other side proposed

    No instances found with props: {"accessibilityLabel":"Mesto: Beograd"}

      261 |     expect(tree.root.findByProps({ accessibilityLabel: 'Dogovoreno ukupno: 3.000 RSD' })).toBeTruthy();
      262 |     expect(tree.root.findByProps({ accessibilityLabel: 'Termin: Fleksibilno' })).toBeTruthy();
    > 263 |     expect(tree.root.findByProps({ accessibilityLabel: 'Mesto: Beograd' })).toBeTruthy();
          |                      ^
      264 |   });
      265 |   test.each([
      266 |     ['the worker, whose completion waits for the other side', () => base({ stanje: 'AWAITING_REQUESTER', rokPotvrdeIso: '2026-09-18T10:00:00Z' }, 'uskocer')],

      at expectOne (node_modules/react-test-renderer/cjs/react-test-renderer.development.js:15161:13)
      at ReactTestInstance.Object.<anonymous>.process.env.NODE_ENV._proto.findByProps (node_modules/react-test-renderer/cjs/react-test-renderer.development.js:17219:18)
      at findByProps (src/data/__tests__/pkg011-agreement-workspace.test.tsx:263:22)
      at asyncGeneratorStep (node_modules/@babel/runtime/helpers/asyncToGenerator.js:3:17)
      at _next (node_modules/@babel/runtime/helpers/asyncToGenerator.js:17:9)

  ● Poruke says what waits for me and keeps accepted terms one press away › a finished Dogovor whose rating is due

    No instances found with props: {"accessibilityLabel":"Mesto: Beograd"}

      261 |     expect(tree.root.findByProps({ accessibilityLabel: 'Dogovoreno ukupno: 3.000 RSD' })).toBeTruthy();
      262 |     expect(tree.root.findByProps({ accessibilityLabel: 'Termin: Fleksibilno' })).toBeTruthy();
    > 263 |     expect(tree.root.findByProps({ accessibilityLabel: 'Mesto: Beograd' })).toBeTruthy();
          |                      ^
      264 |   });
      265 |   test.each([
      266 |     ['the worker, whose completion waits for the other side', () => base({ stanje: 'AWAITING_REQUESTER', rokPotvrdeIso: '2026-09-18T10:00:00Z' }, 'uskocer')],

      at expectOne (node_modules/react-test-renderer/cjs/react-test-renderer.development.js:15161:13)
      at ReactTestInstance.Object.<anonymous>.process.env.NODE_ENV._proto.findByProps (node_modules/react-test-renderer/cjs/react-test-renderer.development.js:17219:18)
      at findByProps (src/data/__tests__/pkg011-agreement-workspace.test.tsx:263:22)
      at asyncGeneratorStep (node_modules/@babel/runtime/helpers/asyncToGenerator.js:3:17)
      at _next (node_modules/@babel/runtime/helpers/asyncToGenerator.js:17:9)

  ● Poruke says what waits for me and keeps accepted terms one press away › the worker, whose completion waits for the other side: no false waiting notice, and the accepted terms remain accessible

    No instances found with props: {"accessibilityLabel":"Mesto: Beograd"}

      280 |     expect(tree.root.findByProps({ accessibilityLabel: 'Dogovoreno ukupno: 3.000 RSD' })).toBeTruthy();
      281 |     expect(tree.root.findByProps({ accessibilityLabel: 'Termin: Fleksibilno' })).toBeTruthy();
    > 282 |     expect(tree.root.findByProps({ accessibilityLabel: 'Mesto: Beograd' })).toBeTruthy();
          |                      ^
      283 |   });
      284 | });
      285 | test('unconfirmed permissions keep completion closed and explain how to refresh, inside the next-step card', async () => {

      at expectOne (node_modules/react-test-renderer/cjs/react-test-renderer.development.js:15161:13)
      at ReactTestInstance.Object.<anonymous>.process.env.NODE_ENV._proto.findByProps (node_modules/react-test-renderer/cjs/react-test-renderer.development.js:17219:18)
      at findByProps (src/data/__tests__/pkg011-agreement-workspace.test.tsx:282:22)
      at asyncGeneratorStep (node_modules/@babel/runtime/helpers/asyncToGenerator.js:3:17)
      at _next (node_modules/@babel/runtime/helpers/asyncToGenerator.js:17:9)

  ● Poruke says what waits for me and keeps accepted terms one press away › my own proposal: no false waiting notice, and the accepted terms remain accessible

    No instances found with props: {"accessibilityLabel":"Mesto: Beograd"}

      280 |     expect(tree.root.findByProps({ accessibilityLabel: 'Dogovoreno ukupno: 3.000 RSD' })).toBeTruthy();
      281 |     expect(tree.root.findByProps({ accessibilityLabel: 'Termin: Fleksibilno' })).toBeTruthy();
    > 282 |     expect(tree.root.findByProps({ accessibilityLabel: 'Mesto: Beograd' })).toBeTruthy();
          |                      ^
      283 |   });
      284 | });
      285 | test('unconfirmed permissions keep completion closed and explain how to refresh, inside the next-step card', async () => {

      at expectOne (node_modules/react-test-renderer/cjs/react-test-renderer.development.js:15161:13)
      at ReactTestInstance.Object.<anonymous>.process.env.NODE_ENV._proto.findByProps (node_modules/react-test-renderer/cjs/react-test-renderer.development.js:17219:18)
      at findByProps (src/data/__tests__/pkg011-agreement-workspace.test.tsx:282:22)
      at asyncGeneratorStep (node_modules/@babel/runtime/helpers/asyncToGenerator.js:3:17)
      at _next (node_modules/@babel/runtime/helpers/asyncToGenerator.js:17:9)

  ● Poruke says what waits for me and keeps accepted terms one press away › a rating the read could not answer for: no false waiting notice, and the accepted terms remain accessible

    No instances found with props: {"accessibilityLabel":"Mesto: Beograd"}

      280 |     expect(tree.root.findByProps({ accessibilityLabel: 'Dogovoreno ukupno: 3.000 RSD' })).toBeTruthy();
      281 |     expect(tree.root.findByProps({ accessibilityLabel: 'Termin: Fleksibilno' })).toBeTruthy();
    > 282 |     expect(tree.root.findByProps({ accessibilityLabel: 'Mesto: Beograd' })).toBeTruthy();
          |                      ^
      283 |   });
      284 | });
      285 | test('unconfirmed permissions keep completion closed and explain how to refresh, inside the next-step card', async () => {

      at expectOne (node_modules/react-test-renderer/cjs/react-test-renderer.development.js:15161:13)
      at ReactTestInstance.Object.<anonymous>.process.env.NODE_ENV._proto.findByProps (node_modules/react-test-renderer/cjs/react-test-renderer.development.js:17219:18)
      at findByProps (src/data/__tests__/pkg011-agreement-workspace.test.tsx:282:22)
      at asyncGeneratorStep (node_modules/@babel/runtime/helpers/asyncToGenerator.js:3:17)
      at _next (node_modules/@babel/runtime/helpers/asyncToGenerator.js:17:9)

  ● Poruke says what waits for me and keeps accepted terms one press away › a confirmed Dogovor with nothing to do: no false waiting notice, and the accepted terms remain accessible

    No instances found with props: {"accessibilityLabel":"Mesto: Beograd"}

      280 |     expect(tree.root.findByProps({ accessibilityLabel: 'Dogovoreno ukupno: 3.000 RSD' })).toBeTruthy();
      281 |     expect(tree.root.findByProps({ accessibilityLabel: 'Termin: Fleksibilno' })).toBeTruthy();
    > 282 |     expect(tree.root.findByProps({ accessibilityLabel: 'Mesto: Beograd' })).toBeTruthy();
          |                      ^
      283 |   });
      284 | });
      285 | test('unconfirmed permissions keep completion closed and explain how to refresh, inside the next-step card', async () => {

      at expectOne (node_modules/react-test-renderer/cjs/react-test-renderer.development.js:15161:13)
      at ReactTestInstance.Object.<anonymous>.process.env.NODE_ENV._proto.findByProps (node_modules/react-test-renderer/cjs/react-test-renderer.development.js:17219:18)
      at findByProps (src/data/__tests__/pkg011-agreement-workspace.test.tsx:282:22)
      at asyncGeneratorStep (node_modules/@babel/runtime/helpers/asyncToGenerator.js:3:17)
      at _next (node_modules/@babel/runtime/helpers/asyncToGenerator.js:17:9)

  ● the requester reaches the Zadatak this Dogovor grew out of, and is offered no Prijava of their own

    expect(received).toContain(expected) // indexOf

    Expected value: "Otvori zadatak: Pomoć pri selidbi"
    Received array: ["Nazad", "Poruke", "Otvori zadatak: Pomoć pri selidbi. Beograd", "Izmene i otkazivanje Dogovora", "Bezbednost i privatna prijava", "Kontakt", "Tok Dogovora", "Prijavi problem", "Otvori poruke"]

      321 | test('the requester reaches the Zadatak this Dogovor grew out of, and is offered no Prijava of their own', async () => {
      322 |   await render(base());
    > 323 |   expect(labels()).toContain('Otvori zadatak: Pomoć pri selidbi');
          |                    ^
      324 |   expect(rowTexts('Otvori zadatak: Pomoć pri selidbi')).toEqual(expect.arrayContaining(['Pomoć pri selidbi', 'Otvori zadatak']));
      325 |   expect(tree.root.findByProps({ accessibilityLabel: 'Dogovoreno ukupno: 3.000 RSD' })).toBeTruthy();
      326 |   expect(labels()).not.toContain('Zadatak');

      at Object.toContain (src/data/__tests__/pkg011-agreement-workspace.test.tsx:323:20)
      at asyncGeneratorStep (node_modules/@babel/runtime/helpers/asyncToGenerator.js:3:17)
      at _next (node_modules/@babel/runtime/helpers/asyncToGenerator.js:17:9)

  ● the worker reaches the Prilika and the offer they sent

    TypeError: Cannot read properties of undefined (reading 'findAll')

      318 | // The task link leads the overview; accepted terms stay separate from its current-detail destination.
      319 | const row = (label: string) => presses().find(node => node.props.accessibilityLabel === label)!;
    > 320 | const rowTexts = (label: string) => row(label).findAll(node => String(node.type) === 'T').flatMap(node => node.children.filter(child => typeof child === 'string'));
          |                                               ^
      321 | test('the requester reaches the Zadatak this Dogovor grew out of, and is offered no Prijava of their own', async () => {
      322 |   await render(base());
      323 |   expect(labels()).toContain('Otvori zadatak: Pomoć pri selidbi');

      at rowTexts (src/data/__tests__/pkg011-agreement-workspace.test.tsx:320:47)
      at Object.rowTexts (src/data/__tests__/pkg011-agreement-workspace.test.tsx:333:10)
      at asyncGeneratorStep (node_modules/@babel/runtime/helpers/asyncToGenerator.js:3:17)
      at _next (node_modules/@babel/runtime/helpers/asyncToGenerator.js:17:9)

  ● showing the Poruke tab with a loaded conversation settles the message notifications about this Dogovor once per list

    expect(jest.fn()).toHaveBeenCalledTimes(expected)

    Expected number of calls: 1
    Received number of calls: 0

      356 |   mockParams = { id: mockAgreementId, tab: 'poruke' };
      357 |   await render(base());
    > 358 |   expect(mockMessagesRead).toHaveBeenCalledTimes(1);
          |                            ^
      359 |   expect(mockMessagesRead).toHaveBeenCalledWith(mockAgreementId);
      360 | });
      361 | test('the Pregled tab settles nothing: the person has not read the messages there', async () => {

      at Object.toHaveBeenCalledTimes (src/data/__tests__/pkg011-agreement-workspace.test.tsx:358:28)
      at asyncGeneratorStep (node_modules/@babel/runtime/helpers/asyncToGenerator.js:3:17)
      at _next (node_modules/@babel/runtime/helpers/asyncToGenerator.js:17:9)

  ● a refused settlement leaves the conversation exactly as it was

    expect(jest.fn()).toHaveBeenCalledWith(...expected)

    Expected: "20000000-0000-4000-8000-000000000001"

    Number of calls: 0

      367 |   mockMessagesRead.mockRejectedValue(new Error('MESSAGES_READ_UNCONFIRMED'));
      368 |   await render(base());
    > 369 |   expect(mockMessagesRead).toHaveBeenCalledWith(mockAgreementId);
          |                            ^
      370 |   expect(tree.root.findAll(node => String(node.type) === 'AgreementChat')).toHaveLength(1);
      371 | });
      372 |

      at Object.toHaveBeenCalledWith (src/data/__tests__/pkg011-agreement-workspace.test.tsx:369:28)
      at asyncGeneratorStep (node_modules/@babel/runtime/helpers/asyncToGenerator.js:3:17)
      at _next (node_modules/@babel/runtime/helpers/asyncToGenerator.js:17:9)

  ● showing the Poruke tab with a loaded conversation settles the message notifications about this Dogovor once per list

    expect(jest.fn()).toHaveBeenCalledTimes(expected)

    Expected number of calls: 1
    Received number of calls: 0

      375 |   mockParams = { id: mockAgreementId, tab: 'poruke' };
      376 |   await render(base());
    > 377 |   expect(mockMessagesRead).toHaveBeenCalledTimes(1);
          |                            ^
      378 |   expect(mockMessagesRead).toHaveBeenCalledWith(mockAgreementId);
      379 | });
      380 | test('the Pregled tab settles nothing: the person has not read the messages there', async () => {

      at Object.toHaveBeenCalledTimes (src/data/__tests__/pkg011-agreement-workspace.test.tsx:377:28)
      at asyncGeneratorStep (node_modules/@babel/runtime/helpers/asyncToGenerator.js:3:17)
      at _next (node_modules/@babel/runtime/helpers/asyncToGenerator.js:17:9)

  ● a refused settlement leaves the conversation exactly as it was

    expect(jest.fn()).toHaveBeenCalledWith(...expected)

    Expected: "20000000-0000-4000-8000-000000000001"

    Number of calls: 0

      386 |   mockMessagesRead.mockRejectedValue(new Error('MESSAGES_READ_UNCONFIRMED'));
      387 |   await render(base());
    > 388 |   expect(mockMessagesRead).toHaveBeenCalledWith(mockAgreementId);
          |                            ^
      389 |   expect(tree.root.findAll(node => String(node.type) === 'AgreementChat')).toHaveLength(1);
      390 | });
      391 |

      at Object.toHaveBeenCalledWith (src/data/__tests__/pkg011-agreement-workspace.test.tsx:388:28)
      at asyncGeneratorStep (node_modules/@babel/runtime/helpers/asyncToGenerator.js:3:17)
      at _next (node_modules/@babel/runtime/helpers/asyncToGenerator.js:17:9)

  ● the top bar keeps the other person on both views, then Back returns to the overview before leaving

    expect(received).toBe(expected) // Object.is equality

    Expected: 1
    Received: 2

      398 |   expect(headers()).toContain('Marko'); expect(headers()).not.toContain('Dogovor'); expect(texts()).toContain('Dogovoreno');
      399 |   expect(bar().props.subtitle).toBe('Uskače na tvoj zadatak');
    > 400 |   expect(texts().split('Dogovoreno').length - 1).toBe(1);
          |                                                  ^
      401 |   // No rating is invented for a person the Dogovor carries none for.
      402 |   expect(texts()).not.toContain('Još nema ocena');
      403 |   await act(async () => tree.root.findByProps({ accessibilityLabel: 'Poruke' }).props.onPress());

      at Object.toBe (src/data/__tests__/pkg011-agreement-workspace.test.tsx:400:50)
      at asyncGeneratorStep (node_modules/@babel/runtime/helpers/asyncToGenerator.js:3:17)
      at _next (node_modules/@babel/runtime/helpers/asyncToGenerator.js:17:9)

  ● the overview of a 1:1 Dogovor says each thing once › it has no participants block and no people fact; a group Dogovor keeps both

    expect(received).toHaveLength(expected)

    Expected length: 1
    Received length: 0
    Received array:  []

      477 |     await render(base({ pokrivenost: { ukupno: 3, popunjeno: 2, preostalo: 1 } }));
      478 |     expect(people()).toEqual(['Ti · tražiš pomoć']); expect(texts()).toContain('Uskače');
    > 479 |     expect(tree.root.findAll(node => String(node.type) === 'View' && node.props.accessibilityLabel === 'Ljudi: 2 osobe')).toHaveLength(1);
          |                                                                                                                           ^
      480 |   });
      481 |   test('the facts are 24 px drawings in rows of at least 36 at 17/22, and the term keeps its zone on its own line', async () => {
      482 |     await render(base({ vremeTekst: '26. sep · 10:00–12:00 (po vremenu u Srbiji)' }));

      at Object.toHaveLength (src/data/__tests__/pkg011-agreement-workspace.test.tsx:479:123)
      at asyncGeneratorStep (node_modules/@babel/runtime/helpers/asyncToGenerator.js:3:17)
      at _next (node_modules/@babel/runtime/helpers/asyncToGenerator.js:17:9)

  ● the overview of a 1:1 Dogovor says each thing once › the facts are 24 px drawings in rows of at least 36 at 17/22, and the term keeps its zone on its own line

    expect(received).toEqual(expected) // deep equality

    - Expected  - 0
    + Received  + 1

      Array [
    +   "Termin",
        "26. sep · 10:00–12:00",
        "Po vremenu u Srbiji",
      ]

      486 |     expect(fact.findAll(node => node.props.kind === 'calendar' && typeof node.type !== 'string')[0].props.size).toBe(24);
      487 |     const lines = fact.findAll(node => String(node.type) === 'T').map(node => node.children.filter(child => typeof child === 'string').join(''));
    > 488 |     expect(lines).toEqual(['26. sep · 10:00–12:00', 'Po vremenu u Srbiji']);
          |                   ^
      489 |     expect(flat(fact.findAll(node => String(node.type) === 'T')[0].props.style)).toMatchObject({ fontSize: 17, lineHeight: 22 });
      490 |   });
      491 |   test.each(['COMPLETED', 'CANCELLED'])('a %s Dogovor without a time says "Bez tačnog termina"', async state => {

      at Object.toEqual (src/data/__tests__/pkg011-agreement-workspace.test.tsx:488:19)
      at asyncGeneratorStep (node_modules/@babel/runtime/helpers/asyncToGenerator.js:3:17)
      at _next (node_modules/@babel/runtime/helpers/asyncToGenerator.js:17:9)

PASS src/data/__tests__/agreement-chat-terminal-photos.test.tsx
FAIL src/data/__tests__/push-runtime.test.tsx
  ● Test suite failed to run

    spawnSync C:\Program Files\nodejs\node.exe EPERM

      102 | // public contract rather than parsing an obsolete literal in the worker source.
      103 | type PublicCopy = { title: string; body: string };
    > 104 | const transportContract = JSON.parse(execFileSync(process.execPath, ['--input-type=module', '-e', `
          |                                                  ^
      105 |  import { PUSH_EVENT_TYPES, notificationPushCopy } from './supabase/functions/_shared/pushNotificationCopy.mjs';
      106 |  process.stdout.write(JSON.stringify({
      107 |   eventTypes: PUSH_EVENT_TYPES,

      at Object.<anonymous> (src/data/__tests__/push-runtime.test.tsx:104:50)

FAIL src/data/__tests__/agreement-thread-presentation.test.tsx
  ● leaves a closed thread read-only while retaining exact unknown-outcome retry and accepted terms access

    TypeError: currentPhotos?.refresh is not a function

      239 |     if (!mounted.current || source.current.outbox !== owner) return;
      240 |     const currentPhotos = source.current.photos;
    > 241 |     if (currentPhotos?.agreementId === photoAgreementId) await currentPhotos?.refresh();
          |                                                                               ^
      242 |   };
      243 |   const send = () => {
      244 |     if (!mounted.current || source.current.outbox !== outbox || source.current.terminal || !source.current.writable) return;

      at refresh (src/ui/AgreementChat.tsx:241:79)
      at asyncGeneratorStep (node_modules/@babel/runtime/helpers/asyncToGenerator.js:3:17)
      at _next (node_modules/@babel/runtime/helpers/asyncToGenerator.js:17:9)

PASS src/data/__tests__/agreement-chat-ui.test.tsx
FAIL src/data/__tests__/agreement-outbox.test.ts
  ● two mounted instances serialize distinct durable additions instead of losing either

    expect(received).toEqual(expected) // deep equality

    - Expected  - 1
    + Received  + 0

      Array [
    -   "Leva",
        "Desna",
      ]

      300 |   const store = memory(); const a = setup({ storage: store }), b = setup({ storage: { getItem: store.getItem, setItem: store.setItem } });
      301 |   await Promise.all([a.model.start(), b.model.start()]); a.model.setDraft('Leva'); b.model.setDraft('Desna');
    > 302 |   await Promise.all([a.model.sendDraft(), b.model.sendDraft()]); expect(stored(store).entries.map((entry: any) => entry.command.body)).toEqual(['Leva', 'Desna']);
          |                                                                                                                                        ^
      303 |   expect(a.model.getSnapshot().entries).toHaveLength(2); expect(b.model.getSnapshot().entries).toHaveLength(2);
      304 | });
      305 |

      at Object.toEqual (src/data/__tests__/agreement-outbox.test.ts:302:136)
      at asyncGeneratorStep (node_modules/@babel/runtime/helpers/asyncToGenerator.js:3:17)
      at _next (node_modules/@babel/runtime/helpers/asyncToGenerator.js:17:9)

PASS src/data/__tests__/agreement-workspace-announcements.test.tsx
PASS src/data/__tests__/agreement-outbox-hook.test.tsx
PASS src/data/__tests__/agreement-outbox-forget.test.ts

Test Suites: 6 failed, 8 passed, 14 total
Tests:       30 failed, 251 passed, 281 total
Snapshots:   0 total
Time:        88.65 s
Ran all test suites within paths "src/data/__tests__/agreement-incoming-refresh.test.ts", "src/data/__tests__/agreement-incoming-refresh-hook.test.tsx", "src/data/__tests__/agreement-chat-ui.test.tsx", "src/data/__tests__/agreement-chat-terminal-photos.test.tsx", "src/data/__tests__/agreement-overview-presentation.test.tsx", "src/data/__tests__/agreement-outbox.test.ts", "src/data/__tests__/agreement-outbox-draft.test.ts", "src/data/__tests__/agreement-outbox-hook.test.tsx", "src/data/__tests__/agreement-outbox-forget.test.ts", "src/data/__tests__/agreement-thread-presentation.test.tsx", "src/data/__tests__/agreement-screen-recovery.test.tsx", "src/data/__tests__/agreement-workspace-announcements.test.tsx", "src/data/__tests__/push-runtime.test.tsx", "src/data/__tests__/pkg011-agreement-workspace.test.tsx".
