disposable-proof	Guard local targets and replay through PKG-050, A1, B3a and B3b	﻿2026-09-27T10:00:07.7385885Z ##[group]Run set -euo pipefail
disposable-proof	Guard local targets and replay through PKG-050, A1, B3a and B3b	2026-09-27T10:00:07.7386258Z ^[[36;1mset -euo pipefail^[[0m
disposable-proof	Guard local targets and replay through PKG-050, A1, B3a and B3b	2026-09-27T10:00:07.7386536Z ^[[36;1mnode --input-type=module - <<'NODE'^[[0m
disposable-proof	Guard local targets and replay through PKG-050, A1, B3a and B3b	2026-09-27T10:00:07.7387112Z ^[[36;1mimport {assertLocalDeviceProofTargets} from './supabase/proofs/ru5_device_ui_local_guard.mjs';^[[0m
disposable-proof	Guard local targets and replay through PKG-050, A1, B3a and B3b	2026-09-27T10:00:07.7387660Z ^[[36;1mimport assert from 'node:assert/strict';^[[0m
disposable-proof	Guard local targets and replay through PKG-050, A1, B3a and B3b	2026-09-27T10:00:07.7388196Z ^[[36;1massertLocalDeviceProofTargets(process.env.RU5_DEVICE_SUPABASE_URL, process.env.RU5_DEVICE_DB_URL);^[[0m
disposable-proof	Guard local targets and replay through PKG-050, A1, B3a and B3b	2026-09-27T10:00:07.7388820Z ^[[36;1massert.equal(process.env.DB_URL, process.env.RU5_DEVICE_DB_URL);^[[0m
disposable-proof	Guard local targets and replay through PKG-050, A1, B3a and B3b	2026-09-27T10:00:07.7389197Z ^[[36;1mNODE^[[0m
disposable-proof	Guard local targets and replay through PKG-050, A1, B3a and B3b	2026-09-27T10:00:07.7389394Z ^[[36;1mrun_stage() {^[[0m
disposable-proof	Guard local targets and replay through PKG-050, A1, B3a and B3b	2026-09-27T10:00:07.7389620Z ^[[36;1m  local stage="$1"^[[0m
disposable-proof	Guard local targets and replay through PKG-050, A1, B3a and B3b	2026-09-27T10:00:07.7389864Z ^[[36;1m  shift^[[0m
disposable-proof	Guard local targets and replay through PKG-050, A1, B3a and B3b	2026-09-27T10:00:07.7390181Z ^[[36;1m  printf '%s START\n' "$stage" >> "$PRE_V3_ARTIFACT_DIR/stages.txt"^[[0m
disposable-proof	Guard local targets and replay through PKG-050, A1, B3a and B3b	2026-09-27T10:00:07.7390614Z ^[[36;1m  if "$@" 2>&1 | tee "$PRE_V3_ARTIFACT_DIR/$stage.log"; then^[[0m
disposable-proof	Guard local targets and replay through PKG-050, A1, B3a and B3b	2026-09-27T10:00:07.7391073Z ^[[36;1m    printf '%s PASS\n' "$stage" >> "$PRE_V3_ARTIFACT_DIR/stages.txt"^[[0m
disposable-proof	Guard local targets and replay through PKG-050, A1, B3a and B3b	2026-09-27T10:00:07.7391687Z ^[[36;1m  else^[[0m
disposable-proof	Guard local targets and replay through PKG-050, A1, B3a and B3b	2026-09-27T10:00:07.7392174Z ^[[36;1m    printf '%s FAIL\n' "$stage" >> "$PRE_V3_ARTIFACT_DIR/stages.txt"^[[0m
disposable-proof	Guard local targets and replay through PKG-050, A1, B3a and B3b	2026-09-27T10:00:07.7392905Z ^[[36;1m    return 1^[[0m
disposable-proof	Guard local targets and replay through PKG-050, A1, B3a and B3b	2026-09-27T10:00:07.7393124Z ^[[36;1m  fi^[[0m
disposable-proof	Guard local targets and replay through PKG-050, A1, B3a and B3b	2026-09-27T10:00:07.7393310Z ^[[36;1m}^[[0m
disposable-proof	Guard local targets and replay through PKG-050, A1, B3a and B3b	2026-09-27T10:00:07.7393738Z ^[[36;1m# Same dependency order as pkg050-agreement-messages-read-proof.yml.^[[0m
disposable-proof	Guard local targets and replay through PKG-050, A1, B3a and B3b	2026-09-27T10:00:07.7394273Z ^[[36;1m# Replay modes only prepare predecessors; PKG-051 is deliberately absent.^[[0m
disposable-proof	Guard local targets and replay through PKG-050, A1, B3a and B3b	2026-09-27T10:00:07.7394818Z ^[[36;1mrun_stage 03-source147 python3 supabase/proofs/pkg023j/replay_source147.py^[[0m
disposable-proof	Guard local targets and replay through PKG-050, A1, B3a and B3b	2026-09-27T10:00:07.7395611Z ^[[36;1mrun_stage 04-dev-alpha-to-pkg026 node supabase/proofs/pkg027/pkg027_proof.mjs replay^[[0m
disposable-proof	Guard local targets and replay through PKG-050, A1, B3a and B3b	2026-09-27T10:00:07.7396173Z ^[[36;1mrun_stage 05-pkg027 node supabase/proofs/pkg028/pkg028_proof.mjs replay^[[0m
disposable-proof	Guard local targets and replay through PKG-050, A1, B3a and B3b	2026-09-27T10:00:07.7396688Z ^[[36;1mrun_stage 06-pkg028 node supabase/proofs/pkg029/pkg029_proof.mjs replay^[[0m
disposable-proof	Guard local targets and replay through PKG-050, A1, B3a and B3b	2026-09-27T10:00:07.7397190Z ^[[36;1mrun_stage 07-pkg029 node supabase/proofs/pkg030/pkg030_proof.mjs replay^[[0m
disposable-proof	Guard local targets and replay through PKG-050, A1, B3a and B3b	2026-09-27T10:00:07.7397681Z ^[[36;1mrun_stage 08-pkg030 node supabase/proofs/pkg031/pkg031_proof.mjs replay^[[0m
disposable-proof	Guard local targets and replay through PKG-050, A1, B3a and B3b	2026-09-27T10:00:07.7398192Z ^[[36;1mrun_stage 09-pkg031 node supabase/proofs/pkg032/pkg032_proof.mjs replay^[[0m
disposable-proof	Guard local targets and replay through PKG-050, A1, B3a and B3b	2026-09-27T10:00:07.7398685Z ^[[36;1mrun_stage 10-pkg032 node supabase/proofs/pkg033/pkg033_proof.mjs replay^[[0m
disposable-proof	Guard local targets and replay through PKG-050, A1, B3a and B3b	2026-09-27T10:00:07.7399168Z ^[[36;1mrun_stage 11-pkg033 node supabase/proofs/pkg034/pkg034_proof.mjs replay^[[0m
disposable-proof	Guard local targets and replay through PKG-050, A1, B3a and B3b	2026-09-27T10:00:07.7399667Z ^[[36;1mrun_stage 12-pkg034 node supabase/proofs/pkg035/pkg035_proof.mjs replay^[[0m
disposable-proof	Guard local targets and replay through PKG-050, A1, B3a and B3b	2026-09-27T10:00:07.7400156Z ^[[36;1mrun_stage 13-pkg035 node supabase/proofs/pkg037/pkg037_proof.mjs replay^[[0m
disposable-proof	Guard local targets and replay through PKG-050, A1, B3a and B3b	2026-09-27T10:00:07.7400644Z ^[[36;1mrun_stage 14-pkg037 node supabase/proofs/pkg038/pkg038_proof.mjs replay^[[0m
disposable-proof	Guard local targets and replay through PKG-050, A1, B3a and B3b	2026-09-27T10:00:07.7401130Z ^[[36;1mrun_stage 15-pkg038 node supabase/proofs/pkg039/pkg039_proof.mjs replay^[[0m
disposable-proof	Guard local targets and replay through PKG-050, A1, B3a and B3b	2026-09-27T10:00:07.7401628Z ^[[36;1mrun_stage 16-pkg039 node supabase/proofs/pkg040/pkg040_proof.mjs replay^[[0m
disposable-proof	Guard local targets and replay through PKG-050, A1, B3a and B3b	2026-09-27T10:00:07.7402109Z ^[[36;1mrun_stage 17-pkg040 node supabase/proofs/pkg042/pkg042_proof.mjs replay^[[0m
disposable-proof	Guard local targets and replay through PKG-050, A1, B3a and B3b	2026-09-27T10:00:07.7422074Z ^[[36;1mrun_stage 18-pkg042-to-pkg050 node supabase/proofs/pkg050/pkg050_proof.mjs^[[0m
disposable-proof	Guard local targets and replay through PKG-050, A1, B3a and B3b	2026-09-27T10:00:07.7423062Z ^[[36;1mrun_stage 19-a1-preparation node supabase/proofs/chat/prepare_notification_a1.mjs^[[0m
disposable-proof	Guard local targets and replay through PKG-050, A1, B3a and B3b	2026-09-27T10:00:07.7423679Z ^[[36;1mrun_stage 20-b3a node supabase/proofs/chat/private_history_read_proof.mjs^[[0m
disposable-proof	Guard local targets and replay through PKG-050, A1, B3a and B3b	2026-09-27T10:00:07.7424213Z ^[[36;1mrun_stage 21-b3b node supabase/proofs/chat/message_window_proof.mjs^[[0m
disposable-proof	Guard local targets and replay through PKG-050, A1, B3a and B3b	2026-09-27T10:00:07.7424861Z ^[[36;1mnode --input-type=module - <<'NODE' 2>&1 | tee "$PRE_V3_ARTIFACT_DIR/22-report-admission.log"^[[0m
disposable-proof	Guard local targets and replay through PKG-050, A1, B3a and B3b	2026-09-27T10:00:07.7425375Z ^[[36;1mimport assert from 'node:assert/strict';^[[0m
disposable-proof	Guard local targets and replay through PKG-050, A1, B3a and B3b	2026-09-27T10:00:07.7425703Z ^[[36;1mimport {readFileSync} from 'node:fs';^[[0m
disposable-proof	Guard local targets and replay through PKG-050, A1, B3a and B3b	2026-09-27T10:00:07.7426447Z ^[[36;1mfor (const name of ['chat-b3-a1-preparation.json', 'chat-b3a-report.json', 'chat-b3b-report.json']) {^[[0m
disposable-proof	Guard local targets and replay through PKG-050, A1, B3a and B3b	2026-09-27T10:00:07.7427156Z ^[[36;1m  const report = JSON.parse(readFileSync(process.env.PRE_V3_ARTIFACT_DIR + '/' + name, 'utf8'));^[[0m
disposable-proof	Guard local targets and replay through PKG-050, A1, B3a and B3b	2026-09-27T10:00:07.7427827Z ^[[36;1m  assert.equal(report.result, 'PASS'); assert.equal(report.sourceSha, process.env.GITHUB_SHA);^[[0m
disposable-proof	Guard local targets and replay through PKG-050, A1, B3a and B3b	2026-09-27T10:00:07.7428475Z ^[[36;1m  assert.equal(report.actualAuth, true); assert.equal(report.actualDatabase, true);^[[0m
disposable-proof	Guard local targets and replay through PKG-050, A1, B3a and B3b	2026-09-27T10:00:07.7429085Z ^[[36;1m  assert.equal(report.liveAccess, false); assert.equal(report.providerCalled, false);^[[0m
disposable-proof	Guard local targets and replay through PKG-050, A1, B3a and B3b	2026-09-27T10:00:07.7429823Z ^[[36;1m  assert.equal(report.providerCalls, 0); assert.equal(report.storageCalls, 0); assert.equal(report.deviceProven, false);^[[0m
disposable-proof	Guard local targets and replay through PKG-050, A1, B3a and B3b	2026-09-27T10:00:07.7430618Z ^[[36;1m  assert.ok(report.checks.length > 0); assert.ok(report.checks.every(check => check.result === 'PASS'));^[[0m
disposable-proof	Guard local targets and replay through PKG-050, A1, B3a and B3b	2026-09-27T10:00:07.7431329Z ^[[36;1m  assert.ok(Object.values(report.sourceArtifactHashes).every(hash => /^[a-f0-9]{64}$/.test(hash)));^[[0m
disposable-proof	Guard local targets and replay through PKG-050, A1, B3a and B3b	2026-09-27T10:00:07.7431837Z ^[[36;1m  console.log('PASS ' + name);^[[0m
disposable-proof	Guard local targets and replay through PKG-050, A1, B3a and B3b	2026-09-27T10:00:07.7432095Z ^[[36;1m}^[[0m
disposable-proof	Guard local targets and replay through PKG-050, A1, B3a and B3b	2026-09-27T10:00:07.7432281Z ^[[36;1mNODE^[[0m
disposable-proof	Guard local targets and replay through PKG-050, A1, B3a and B3b	2026-09-27T10:00:07.7496574Z shell: /usr/bin/bash --noprofile --norc -e -o pipefail {0}
disposable-proof	Guard local targets and replay through PKG-050, A1, B3a and B3b	2026-09-27T10:00:07.7496938Z env:
disposable-proof	Guard local targets and replay through PKG-050, A1, B3a and B3b	2026-09-27T10:00:07.7497128Z   CI: 1
disposable-proof	Guard local targets and replay through PKG-050, A1, B3a and B3b	2026-09-27T10:00:07.7497321Z   SUPABASE_TELEMETRY_DISABLED: 1
disposable-proof	Guard local targets and replay through PKG-050, A1, B3a and B3b	2026-09-27T10:00:07.7497564Z   DO_NOT_TRACK: 1
disposable-proof	Guard local targets and replay through PKG-050, A1, B3a and B3b	2026-09-27T10:00:07.7498183Z   DB_URL: ***127.0.0.1:54322/postgres
disposable-proof	Guard local targets and replay through PKG-050, A1, B3a and B3b	2026-09-27T10:00:07.7498493Z   PRE_V3_ARTIFACT_DIR: /tmp/chat-b3-artifacts
disposable-proof	Guard local targets and replay through PKG-050, A1, B3a and B3b	2026-09-27T10:00:07.7498811Z   SUPABASE_INTERNAL_IMAGE_REGISTRY: ghcr.io
disposable-proof	Guard local targets and replay through PKG-050, A1, B3a and B3b	2026-09-27T10:00:07.7499312Z   RU5_DEVICE_PROOF_DIR: /tmp/uskoci-ru5-device-ui
disposable-proof	Guard local targets and replay through PKG-050, A1, B3a and B3b	2026-09-27T10:00:07.7499769Z   RU5_DEVICE_DB_URL: ***127.0.0.1:54322/postgres
disposable-proof	Guard local targets and replay through PKG-050, A1, B3a and B3b	2026-09-27T10:00:07.7500127Z   RU5_DEVICE_SUPABASE_URL: http://127.0.0.1:54321
disposable-proof	Guard local targets and replay through PKG-050, A1, B3a and B3b	2026-09-27T10:00:07.7501125Z   RU5_DEVICE_ANON_KEY: ***
disposable-proof	Guard local targets and replay through PKG-050, A1, B3a and B3b	2026-09-27T10:00:07.7502158Z   RU5_DEVICE_SERVICE_ROLE_KEY: ***
disposable-proof	Guard local targets and replay through PKG-050, A1, B3a and B3b	2026-09-27T10:00:07.7502414Z ##[endgroup]
disposable-proof	Guard local targets and replay through PKG-050, A1, B3a and B3b	2026-09-27T10:00:07.8663784Z apply_source=20260907080000_clean_n01_message_event.sql recorded_as=20260907090358_clean_n01_message_event
disposable-proof	Guard local targets and replay through PKG-050, A1, B3a and B3b	2026-09-27T10:00:07.9631016Z apply_source=20260907080100_clean_n02_selection_event.sql recorded_as=20260907090454_clean_n02_selection_event
disposable-proof	Guard local targets and replay through PKG-050, A1, B3a and B3b	2026-09-27T10:00:08.0664974Z apply_source=20260907080200_clean_n03_event_inbox.sql recorded_as=20260907090527_clean_n03_event_inbox
disposable-proof	Guard local targets and replay through PKG-050, A1, B3a and B3b	2026-09-27T10:00:08.1684571Z apply_source=20260907080300_clean_n05_agreement_change_events.sql recorded_as=20260907090615_clean_n05_agreement_change_events
disposable-proof	Guard local targets and replay through PKG-050, A1, B3a and B3b	2026-09-27T10:00:08.3042240Z apply_source=20260907080400_clean_n06_push_device_registry.sql recorded_as=20260907090645_clean_n06_push_device_registry
disposable-proof	Guard local targets and replay through PKG-050, A1, B3a and B3b	2026-09-27T10:00:08.4006139Z apply_source=20260907100000_clean_n08_notification_preferences.sql recorded_as=20260907102458_clean_n08_notification_preferences
disposable-proof	Guard local targets and replay through PKG-050, A1, B3a and B3b	2026-09-27T10:00:08.5077996Z apply_source=20260907110000_clean_d03_message_retry.sql recorded_as=20260907130151_clean_d03_message_retry
disposable-proof	Guard local targets and replay through PKG-050, A1, B3a and B3b	2026-09-27T10:00:08.5995313Z apply_source=20260907120000_clean_ai_need_draft_safety_authority.sql recorded_as=20260907135905_clean_ai_need_draft_safety_authority
disposable-proof	Guard local targets and replay through PKG-050, A1, B3a and B3b	2026-09-27T10:00:08.7494581Z apply_source=20260908120000_clean_p0e_completion_guards.sql recorded_as=20260908120000_clean_p0e_completion_guards
disposable-proof	Guard local targets and replay through PKG-050, A1, B3a and B3b	2026-09-27T10:00:08.8526116Z apply_source=20260908130000_clean_p1_legal_consent_ledger.sql recorded_as=20260908130000_clean_p1_legal_consent_ledger
disposable-proof	Guard local targets and replay through PKG-050, A1, B3a and B3b	2026-09-27T10:00:08.9884923Z apply_source=20260908140000_clean_p4_processor_map_registry.sql recorded_as=20260908140000_clean_p4_processor_map_registry
disposable-proof	Guard local targets and replay through PKG-050, A1, B3a and B3b	2026-09-27T10:00:09.1107675Z apply_source=20260908150000_clean_p3_retention_schedule_registry.sql recorded_as=20260908150000_clean_p3_retention_schedule_registry
disposable-proof	Guard local targets and replay through PKG-050, A1, B3a and B3b	2026-09-27T10:00:09.2270240Z apply_source=20260908160000_clean_p2_data_export_requests.sql recorded_as=20260908160000_clean_p2_data_export_requests
disposable-proof	Guard local targets and replay through PKG-050, A1, B3a and B3b	2026-09-27T10:00:09.3388366Z apply_source=20260908170000_clean_d0140a_policy_bundle_registration.sql recorded_as=20260908170000_clean_d0140a_policy_bundle_registration
disposable-proof	Guard local targets and replay through PKG-050, A1, B3a and B3b	2026-09-27T10:00:09.4317644Z apply_source=20260909110000_clean_w02_calendar_authority.sql recorded_as=20260909110000_clean_w02_calendar_authority
disposable-proof	Guard local targets and replay through PKG-050, A1, B3a and B3b	2026-09-27T10:00:09.5548279Z apply_source=20260909120000_clean_w02_calendar_interval_integrity.sql recorded_as=20260909120000_clean_w02_calendar_interval_integrity
disposable-proof	Guard local targets and replay through PKG-050, A1, B3a and B3b	2026-09-27T10:00:09.6680762Z apply_source=20260909130000_clean_w02_flexible_calendar_scope.sql recorded_as=20260909130000_clean_w02_flexible_calendar_scope
disposable-proof	Guard local targets and replay through PKG-050, A1, B3a and B3b	2026-09-27T10:00:09.7777141Z apply_source=20260909140000_clean_w02_availability_commands.sql recorded_as=20260909140000_clean_w02_availability_commands
disposable-proof	Guard local targets and replay through PKG-050, A1, B3a and B3b	2026-09-27T10:00:09.8799385Z apply_source=20260909150000_clean_w02_persistent_availability_matching.sql recorded_as=20260909150000_clean_w02_persistent_availability_matching
disposable-proof	Guard local targets and replay through PKG-050, A1, B3a and B3b	2026-09-27T10:00:10.0050322Z apply_source=20260909160000_clean_w02_owned_location_review.sql recorded_as=20260909160000_clean_w02_owned_location_review
disposable-proof	Guard local targets and replay through PKG-050, A1, B3a and B3b	2026-09-27T10:00:10.1280345Z apply_source=20260910053000_clean_w02_shared_capability_validation.sql recorded_as=20260910053000_clean_w02_shared_capability_validation
disposable-proof	Guard local targets and replay through PKG-050, A1, B3a and B3b	2026-09-27T10:00:10.2274001Z apply_source=20260910121926_clean_w02_regional_country_authority.sql recorded_as=20260910121926_clean_w02_regional_country_authority
disposable-proof	Guard local targets and replay through PKG-050, A1, B3a and B3b	2026-09-27T10:00:10.4261726Z apply_source=20260910130851_clean_w02_resolved_location_authority.sql recorded_as=20260910130851_clean_w02_resolved_location_authority
disposable-proof	Guard local targets and replay through PKG-050, A1, B3a and B3b	2026-09-27T10:00:10.5840398Z apply_source=20260910144644_clean_w05_publication_evaluator_authority.sql recorded_as=20260910144644_clean_w05_publication_evaluator_authority
disposable-proof	Guard local targets and replay through PKG-050, A1, B3a and B3b	2026-09-27T10:00:10.7157350Z apply_source=20260910153005_clean_p2_export_delivery_authority.sql recorded_as=20260910153005_clean_p2_export_delivery_authority
disposable-proof	Guard local targets and replay through PKG-050, A1, B3a and B3b	2026-09-27T10:00:10.8590278Z apply_source=20260910162955_clean_p3_retention_execution_authority.sql recorded_as=20260910162955_clean_p3_retention_execution_authority
disposable-proof	Guard local targets and replay through PKG-050, A1, B3a and B3b	2026-09-27T10:00:11.0273620Z apply_source=20260910172132_clean_w03_owned_ai_intake_authority.sql recorded_as=20260910172132_clean_w03_owned_ai_intake_authority
disposable-proof	Guard local targets and replay through PKG-050, A1, B3a and B3b	2026-09-27T10:00:11.1825186Z apply_source=20260910193029_clean_n09_expo_push_transport.sql recorded_as=20260910193029_clean_n09_expo_push_transport
disposable-proof	Guard local targets and replay through PKG-050, A1, B3a and B3b	2026-09-27T10:00:11.3157638Z apply_source=20260910214845_clean_dispatch_need_lock_order.sql recorded_as=20260910214845_clean_dispatch_need_lock_order
disposable-proof	Guard local targets and replay through PKG-050, A1, B3a and B3b	2026-09-27T10:00:11.4158302Z apply_source=20260911174500_clean_pre_v3_worker_capacity.sql recorded_as=20260911174500_clean_pre_v3_worker_capacity
disposable-proof	Guard local targets and replay through PKG-050, A1, B3a and B3b	2026-09-27T10:00:11.5132177Z apply_source=20260911174600_clean_pre_v3_worker_single_authority.sql recorded_as=20260911174600_clean_pre_v3_worker_single_authority
disposable-proof	Guard local targets and replay through PKG-050, A1, B3a and B3b	2026-09-27T10:00:11.6123224Z apply_source=20260911183000_clean_pre_v3_inbox_delivery_visibility.sql recorded_as=20260911183000_clean_pre_v3_inbox_delivery_visibility
disposable-proof	Guard local targets and replay through PKG-050, A1, B3a and B3b	2026-09-27T10:00:11.7046542Z apply_source=20260911190000_clean_pre_v3_m05_admitted_source.sql recorded_as=20260911190000_clean_pre_v3_m05_admitted_source
disposable-proof	Guard local targets and replay through PKG-050, A1, B3a and B3b	2026-09-27T10:00:11.8109694Z apply_source=20260911190100_clean_pre_v3_agreement_execution_guards.sql recorded_as=20260911190100_clean_pre_v3_agreement_execution_guards
disposable-proof	Guard local targets and replay through PKG-050, A1, B3a and B3b	2026-09-27T10:00:11.9143783Z apply_source=20260911210000_clean_pre_v3_need_lifecycle_receipt.sql recorded_as=20260911210000_clean_pre_v3_need_lifecycle_receipt
disposable-proof	Guard local targets and replay through PKG-050, A1, B3a and B3b	2026-09-27T10:00:12.0173344Z apply_source=20260911213000_clean_pre_v3_agreement_replay_guards.sql recorded_as=20260911213000_clean_pre_v3_agreement_replay_guards
disposable-proof	Guard local targets and replay through PKG-050, A1, B3a and B3b	2026-09-27T10:00:12.1896249Z apply_source=20260911220000_clean_pre_v3_requester_identity.sql recorded_as=20260911220000_clean_pre_v3_requester_identity
disposable-proof	Guard local targets and replay through PKG-050, A1, B3a and B3b	2026-09-27T10:00:12.3056500Z apply_source=20260912090000_clean_pre_v3_event_semantics.sql recorded_as=20260912090000_clean_pre_v3_event_semantics
disposable-proof	Guard local targets and replay through PKG-050, A1, B3a and B3b	2026-09-27T10:00:12.4273874Z apply_source=20260912091000_clean_pre_v3_safety_authority.sql recorded_as=20260912091000_clean_pre_v3_safety_authority
disposable-proof	Guard local targets and replay through PKG-050, A1, B3a and B3b	2026-09-27T10:00:12.5580380Z apply_source=20260912091100_clean_pre_v3_safety_audit_vocabulary.sql recorded_as=20260912091100_clean_pre_v3_safety_audit_vocabulary
disposable-proof	Guard local targets and replay through PKG-050, A1, B3a and B3b	2026-09-27T10:00:12.6528256Z apply_source=20260912100000_clean_pre_v3_reviews_authority.sql recorded_as=20260912100000_clean_pre_v3_reviews_authority
disposable-proof	Guard local targets and replay through PKG-050, A1, B3a and B3b	2026-09-27T10:00:12.7661348Z apply_source=20260912130000_clean_pre_v3_account_closure_preparation.sql recorded_as=20260912130000_clean_pre_v3_account_closure_preparation
disposable-proof	Guard local targets and replay through PKG-050, A1, B3a and B3b	2026-09-27T10:00:12.9442939Z apply_source=20260912131000_clean_pre_v3_push_readiness.sql recorded_as=20260912131000_clean_pre_v3_push_readiness
disposable-proof	Guard local targets and replay through PKG-050, A1, B3a and B3b	2026-09-27T10:00:13.0694029Z apply_source=20260912131100_clean_pre_v3_push_readiness_column_qualification.sql recorded_as=20260912131100_clean_pre_v3_push_readiness_column_qualification
disposable-proof	Guard local targets and replay through PKG-050, A1, B3a and B3b	2026-09-27T10:00:13.1682155Z apply_source=20260912193000_clean_pre_v3_publication_owner_product_activation.sql recorded_as=20260912193000_clean_pre_v3_publication_owner_product_activation
disposable-proof	Guard local targets and replay through PKG-050, A1, B3a and B3b	2026-09-27T10:00:13.2717967Z apply_source=20260912194000_clean_pre_v3_publication_executable_policy.sql recorded_as=20260912194000_clean_pre_v3_publication_executable_policy
disposable-proof	Guard local targets and replay through PKG-050, A1, B3a and B3b	2026-09-27T10:00:13.3784579Z apply_source=20260912213702_clean_v5_review_acceptance.sql recorded_as=20260912213702_clean_v5_review_acceptance
disposable-proof	Guard local targets and replay through PKG-050, A1, B3a and B3b	2026-09-27T10:00:13.5079004Z apply_source=20260912214126_clean_v5_bounded_ai_test_budget.sql recorded_as=20260912214126_clean_v5_bounded_ai_test_budget
disposable-proof	Guard local targets and replay through PKG-050, A1, B3a and B3b	2026-09-27T10:00:13.6104997Z apply_source=20260912220506_clean_v5_owned_worker_profile.sql recorded_as=20260912220506_clean_v5_owned_worker_profile
disposable-proof	Guard local targets and replay through PKG-050, A1, B3a and B3b	2026-09-27T10:00:13.7496496Z apply_source=20260912222338_clean_v5_owner_safety_legal_reads.sql recorded_as=20260912222338_clean_v5_owner_safety_legal_reads
disposable-proof	Guard local targets and replay through PKG-050, A1, B3a and B3b	2026-09-27T10:00:13.8474102Z apply_source=20260912224647_clean_v5_owned_media.sql recorded_as=20260912224647_clean_v5_owned_media
disposable-proof	Guard local targets and replay through PKG-050, A1, B3a and B3b	2026-09-27T10:00:14.0048362Z apply_source=20260912230039_clean_v5_policy_bound_closure.sql recorded_as=20260912230039_clean_v5_policy_bound_closure
disposable-proof	Guard local targets and replay through PKG-050, A1, B3a and B3b	2026-09-27T10:00:14.2156312Z apply_source=20260912233901_clean_v5_ai_turn_restart_recovery.sql recorded_as=20260912233901_clean_v5_ai_turn_restart_recovery
disposable-proof	Guard local targets and replay through PKG-050, A1, B3a and B3b	2026-09-27T10:00:14.3846844Z apply_source=20260912234201_clean_v5_owned_qa_recovery.sql recorded_as=20260912234201_clean_v5_owned_qa_recovery
disposable-proof	Guard local targets and replay through PKG-050, A1, B3a and B3b	2026-09-27T10:00:14.4819951Z apply_source=20260913000109_clean_v5_approved_qa_limits.sql recorded_as=20260913000109_clean_v5_approved_qa_limits
disposable-proof	Guard local targets and replay through PKG-050, A1, B3a and B3b	2026-09-27T10:00:14.5861584Z apply_source=20260913000144_clean_v5_qa_classifier_authority.sql recorded_as=20260913000144_clean_v5_qa_classifier_authority
disposable-proof	Guard local targets and replay through PKG-050, A1, B3a and B3b	2026-09-27T10:00:14.7588957Z apply_source=20260913001000_clean_v5_owned_export_projection.sql recorded_as=20260913001000_clean_v5_owned_export_projection
disposable-proof	Guard local targets and replay through PKG-050, A1, B3a and B3b	2026-09-27T10:00:14.8603311Z apply_source=20260913002405_clean_v5_group_conversation.sql recorded_as=20260913002405_clean_v5_group_conversation
disposable-proof	Guard local targets and replay through PKG-050, A1, B3a and B3b	2026-09-27T10:00:15.0401708Z apply_source=20260913002428_clean_v5_agreement_location_snapshot.sql recorded_as=20260913002428_clean_v5_agreement_location_snapshot
disposable-proof	Guard local targets and replay through PKG-050, A1, B3a and B3b	2026-09-27T10:00:15.2143760Z apply_source=20260913005720_clean_v5_media_evidence_protection.sql recorded_as=20260913005720_clean_v5_media_evidence_protection
disposable-proof	Guard local targets and replay through PKG-050, A1, B3a and B3b	2026-09-27T10:00:15.4055784Z apply_source=20260913014627_clean_v5_retention_source_compatibility.sql recorded_as=20260913014627_clean_v5_retention_source_compatibility
disposable-proof	Guard local targets and replay through PKG-050, A1, B3a and B3b	2026-09-27T10:00:15.6089048Z apply_source=20260913022110_clean_v5_worker_turn_restart_recovery.sql recorded_as=20260913022110_clean_v5_worker_turn_restart_recovery
disposable-proof	Guard local targets and replay through PKG-050, A1, B3a and B3b	2026-09-27T10:00:15.8673596Z apply_source=20260913044510_clean_v5_unknown_ai_turn_exit.sql recorded_as=20260913044510_clean_v5_unknown_ai_turn_exit
disposable-proof	Guard local targets and replay through PKG-050, A1, B3a and B3b	2026-09-27T10:00:16.1371423Z apply_source=20260913045824_clean_v5_support_case_authority.sql recorded_as=20260913045824_clean_v5_support_case_authority
disposable-proof	Guard local targets and replay through PKG-050, A1, B3a and B3b	2026-09-27T10:00:16.4300518Z apply_source=20260913065130_clean_v5_agreement_private_photos.sql recorded_as=20260913065130_clean_v5_agreement_private_photos
disposable-proof	Guard local targets and replay through PKG-050, A1, B3a and B3b	2026-09-27T10:00:16.6761790Z apply_source=20260913080237_clean_v5_self_reported_identity_requirement.sql recorded_as=20260913080237_clean_v5_self_reported_identity_requirement
disposable-proof	Guard local targets and replay through PKG-050, A1, B3a and B3b	2026-09-27T10:00:16.9191071Z apply_source=20260913081147_clean_v5_event_bound_account_erasure.sql recorded_as=20260913081147_clean_v5_event_bound_account_erasure
disposable-proof	Guard local targets and replay through PKG-050, A1, B3a and B3b	2026-09-27T10:00:17.3548528Z apply_source=20260913081242_clean_v5_qa_owner_product_activation.sql recorded_as=20260913081242_clean_v5_qa_owner_product_activation
disposable-proof	Guard local targets and replay through PKG-050, A1, B3a and B3b	2026-09-27T10:00:17.5957558Z PASS SOURCE147_REPLAY
disposable-proof	Guard local targets and replay through PKG-050, A1, B3a and B3b	2026-09-27T10:00:21.1847981Z PASS TWENTY_TWO_DEV_ALPHA_MIGRATIONS_REPLAYED_FROM_THE_EXACT_TEXT_CANONICAL_DEV_RECORDED
disposable-proof	Guard local targets and replay through PKG-050, A1, B3a and B3b	2026-09-27T10:00:21.8645732Z PASS ALL_FIFTEEN_FUNCTIONS_THE_CANDIDATES_READ_OR_PATCH_HAVE_THE_CANONICAL_DEV_BODY
disposable-proof	Guard local targets and replay through PKG-050, A1, B3a and B3b	2026-09-27T10:00:21.9936137Z PASS THE_CLOSURE_SOURCE_IS_CERTIFIED_AND_READY_AS_ON_CANONICAL_DEV
disposable-proof	Guard local targets and replay through PKG-050, A1, B3a and B3b	2026-09-27T10:00:23.4051398Z PASS THE_FIVE_PKG027_ROWS_REPLAYED_FROM_THE_EXACT_TEXT_CANONICAL_DEV_RECORDED
disposable-proof	Guard local targets and replay through PKG-050, A1, B3a and B3b	2026-09-27T10:00:23.5872838Z PASS EVERY_FUNCTION_PKG028_PATCHES_OR_THE_TICK_DEPENDS_ON_HAS_THE_CANONICAL_DEV_BODY
disposable-proof	Guard local targets and replay through PKG-050, A1, B3a and B3b	2026-09-27T10:00:23.7167818Z PASS THE_CLOSURE_SOURCE_IS_CERTIFIED_AND_READY_AS_ON_CANONICAL_DEV
disposable-proof	Guard local targets and replay through PKG-050, A1, B3a and B3b	2026-09-27T10:00:24.3614619Z PASS THE_TWO_PKG028_ROWS_REPLAYED_FROM_THE_EXACT_TEXT_CANONICAL_DEV_RECORDED
disposable-proof	Guard local targets and replay through PKG-050, A1, B3a and B3b	2026-09-27T10:00:25.0485326Z PASS EVERY_FUNCTION_PKG029_PATCHES_HAS_THE_CANONICAL_DEV_BODY
disposable-proof	Guard local targets and replay through PKG-050, A1, B3a and B3b	2026-09-27T10:00:25.1779883Z PASS THE_CLOSURE_SOURCE_IS_CERTIFIED_AND_READY_AS_ON_CANONICAL_DEV
disposable-proof	Guard local targets and replay through PKG-050, A1, B3a and B3b	2026-09-27T10:00:26.5365089Z PASS THE_FIVE_PKG029_ROWS_REPLAYED_FROM_THE_EXACT_TEXT_CANONICAL_DEV_RECORDED
disposable-proof	Guard local targets and replay through PKG-050, A1, B3a and B3b	2026-09-27T10:00:27.3940430Z PASS THE_TICK_WHAT_IT_READS_AND_EVERY_PKG029_BODY_EQUAL_CANONICAL_DEV
disposable-proof	Guard local targets and replay through PKG-050, A1, B3a and B3b	2026-09-27T10:00:27.5687104Z PASS THE_CLOSURE_SOURCE_IS_CERTIFIED_AND_READY_AS_ON_CANONICAL_DEV
disposable-proof	Guard local targets and replay through PKG-050, A1, B3a and B3b	2026-09-27T10:00:27.8461172Z PASS THE_PKG030_ROW_REPLAYED_FROM_THE_EXACT_TEXT_CANONICAL_DEV_RECORDED
disposable-proof	Guard local targets and replay through PKG-050, A1, B3a and B3b	2026-09-27T10:00:28.0732056Z PASS EVERY_FUNCTION_PKG031_PATCHES_HAS_THE_CANONICAL_DEV_BODY
disposable-proof	Guard local targets and replay through PKG-050, A1, B3a and B3b	2026-09-27T10:00:28.2007193Z PASS THE_CLOSURE_SOURCE_IS_CERTIFIED_AND_READY_AS_ON_CANONICAL_DEV
disposable-proof	Guard local targets and replay through PKG-050, A1, B3a and B3b	2026-09-27T10:00:28.7385600Z PASS THE_TWO_PKG031_ROWS_REPLAYED_FROM_THE_EXACT_TEXT_CANONICAL_DEV_RECORDED
disposable-proof	Guard local targets and replay through PKG-050, A1, B3a and B3b	2026-09-27T10:00:28.9330173Z PASS EVERY_BODY_PKG032_READS_OR_PATCHES_IS_CANONICAL_DEVS
disposable-proof	Guard local targets and replay through PKG-050, A1, B3a and B3b	2026-09-27T10:00:29.1155397Z PASS THE_CERTIFICATE_IS_BOUND_IN_ALL_THREE_PLACES_READY_AND_THE_READINESS_FUNCTION_IS_CANONICAL_DEVS_CONSTANT_ASIDE
disposable-proof	Guard local targets and replay through PKG-050, A1, B3a and B3b	2026-09-27T10:00:29.9360361Z PASS ALL_THREE_PREDECESSOR_BODIES_EQUAL_CANONICAL_DEV
disposable-proof	Guard local targets and replay through PKG-050, A1, B3a and B3b	2026-09-27T10:00:30.0741824Z PASS REPLAY_CLOSURE_CERTIFIED_AND_READY
disposable-proof	Guard local targets and replay through PKG-050, A1, B3a and B3b	2026-09-27T10:00:30.3465096Z PASS REPLAY_PKG033_EXACT_DEV_TEXT
disposable-proof	Guard local targets and replay through PKG-050, A1, B3a and B3b	2026-09-27T10:00:30.4908418Z PASS PREPARATION_AND_BOTH_BLOCKER_AUTHORITIES_MATCH_DEV
disposable-proof	Guard local targets and replay through PKG-050, A1, B3a and B3b	2026-09-27T10:00:30.6211409Z PASS REPLAY_CERTIFIED_AND_READY
disposable-proof	Guard local targets and replay through PKG-050, A1, B3a and B3b	2026-09-27T10:00:30.8656515Z PASS REPLAY_PKG034_EXACT_DEV_TEXT
disposable-proof	Guard local targets and replay through PKG-050, A1, B3a and B3b	2026-09-27T10:00:31.1334737Z PASS PREDECESSORS_EQUAL_DEV_AND_CLOSURE_READY
disposable-proof	Guard local targets and replay through PKG-050, A1, B3a and B3b	2026-09-27T10:00:31.7400951Z PASS REPLAY_PKG035_EXACT_DEV_TEXT
disposable-proof	Guard local targets and replay through PKG-050, A1, B3a and B3b	2026-09-27T10:00:31.9626455Z PASS LIVE_PREDECESSORS_AND_CERTIFICATE_MATCH
disposable-proof	Guard local targets and replay through PKG-050, A1, B3a and B3b	2026-09-27T10:00:32.2202981Z PASS REPLAY_PKG037_EXACT_DEV_TEXT
disposable-proof	Guard local targets and replay through PKG-050, A1, B3a and B3b	2026-09-27T10:00:32.8045930Z PASS EXACT_PKG038_PREDECESSOR_READY
disposable-proof	Guard local targets and replay through PKG-050, A1, B3a and B3b	2026-09-27T10:00:33.5329892Z PASS EXACT_PKG039_PREDECESSOR_READY
disposable-proof	Guard local targets and replay through PKG-050, A1, B3a and B3b	2026-09-27T10:00:34.3589507Z PASS EXACT_PKG040_PREDECESSOR_READY
disposable-proof	Guard local targets and replay through PKG-050, A1, B3a and B3b	2026-09-27T10:00:36.1664774Z PASS EXACT_PREDECESSOR_REPLAY_READY_CERTIFICATE_AND_NO_SUCH_FUNCTION
disposable-proof	Guard local targets and replay through PKG-050, A1, B3a and B3b	2026-09-27T10:00:37.4446580Z PASS BEFORE_NO_WRITER_EXISTS_AND_THE_EVENTS_STAY_UNREAD
disposable-proof	Guard local targets and replay through PKG-050, A1, B3a and B3b	2026-09-27T10:00:38.2919793Z PASS DRIFT_AND_BODY_TAMPERS_ROLL_BACK_ATOMICALLY
disposable-proof	Guard local targets and replay through PKG-050, A1, B3a and B3b	2026-09-27T10:00:40.5290933Z PASS APPLIED_ONCE_ONLY_THE_NEW_FUNCTION_APPEARED_CERTIFICATE_UNCHANGED
disposable-proof	Guard local targets and replay through PKG-050, A1, B3a and B3b	2026-09-27T10:00:40.7698933Z PASS THE_REQUESTER_SETTLES_ONLY_ITS_OWN_MESSAGE_EVENTS_ABOUT_THIS_DOGOVOR
disposable-proof	Guard local targets and replay through PKG-050, A1, B3a and B3b	2026-09-27T10:00:40.9262129Z PASS THE_WORKER_SETTLES_ITS_SIDE_AND_A_NEW_MESSAGE_COUNTS_AGAIN
disposable-proof	Guard local targets and replay through PKG-050, A1, B3a and B3b	2026-09-27T10:00:41.3483441Z PASS STRANGERS_UNKNOWN_IDS_AND_ANON_ARE_REFUSED_AND_THE_CERTIFICATE_IS_UNMOVED
disposable-proof	Guard local targets and replay through PKG-050, A1, B3a and B3b	2026-09-27T10:00:42.2155615Z PASS EXACT_SOURCE_BYTES_PKG050_AND_LOCAL_A1_PREDECESSOR
disposable-proof	Guard local targets and replay through PKG-050, A1, B3a and B3b	2026-09-27T10:00:43.1243274Z PASS ONLY_A1_BEGIN_BODY_CHANGED_WITH_SERVICE_ONLY_ACL_UNCHANGED_DATA_HISTORY_AND_CERTIFICATE
disposable-proof	Guard local targets and replay through PKG-050, A1, B3a and B3b	2026-09-27T10:00:43.1264103Z PASS CHAT_B3_PREPARE_NOTIFICATION_A1
disposable-proof	Guard local targets and replay through PKG-050, A1, B3a and B3b	2026-09-27T10:00:44.5511869Z PASS PREDECESSOR_AND_BODY_DRIFT_ROLL_BACK_WITH_UNCHANGED_CERTIFICATE
disposable-proof	Guard local targets and replay through PKG-050, A1, B3a and B3b	2026-09-27T10:00:46.8226640Z PASS ONLY_TWO_ADDITIVE_FUNCTIONS_WITH_AUTHENTICATED_ACL_AND_NO_CERTIFICATE_MOVEMENT
disposable-proof	Guard local targets and replay through PKG-050, A1, B3a and B3b	2026-09-27T10:00:48.3565033Z PASS EMPTY_NEWEST_OLDER_TIED_MICROSECOND_PAGES_AND_LATER_NEWEST_REFRESH
disposable-proof	Guard local targets and replay through PKG-050, A1, B3a and B3b	2026-09-27T10:00:48.3953430Z PASS CURSOR_LIMIT_SCOPE_EXPECTED_ACCOUNT_AND_ANON_REFUSALS
disposable-proof	Guard local targets and replay through PKG-050, A1, B3a and B3b	2026-09-27T10:00:48.9490961Z PASS EXACT_IDS_ONLY_NO_PARTIAL_BATCH_WRITES_NO_OTHER_RECIPIENT_OR_EVENT_SWEEP_AND_IDEMPOTENT_REPLAY
disposable-proof	Guard local targets and replay through PKG-050, A1, B3a and B3b	2026-09-27T10:00:49.1491294Z PASS SUPPRESSED_MISSING_IN_APP_AND_MISMATCHED_EVENT_LINKS_REMAIN_UNREAD
disposable-proof	Guard local targets and replay through PKG-050, A1, B3a and B3b	2026-09-27T10:00:49.2188841Z PASS EXPLICIT_TEXT_PHOTO_KIND_ORDERED_PRIVATE_METADATA_AND_PHOTO_EVENT_ID
disposable-proof	Guard local targets and replay through PKG-050, A1, B3a and B3b	2026-09-27T10:00:49.7842964Z PASS RESTRICTED_ACCOUNT_REFUSES_EXACT_READ_WITHOUT_EVENT_OR_CERTIFICATE_MUTATION
disposable-proof	Guard local targets and replay through PKG-050, A1, B3a and B3b	2026-09-27T10:00:49.9698058Z LOCAL_SQL:PROCESS_EXIT:status=3:ERROR:  null value in column "requester_account_id" of relation "agreements" violates not-null constraint
disposable-proof	Guard local targets and replay through PKG-050, A1, B3a and B3b	2026-09-27T10:00:49.9702385Z DETAIL:  Failing row contains (410a0bcb-c3dd-443b-ac0d-ccfb08d6a1f5, a3bb9a61-b4a3-409c-a9b7-5b5c26ca7a4c, b5671d9f-d882-4d6a-b719-fcd7a996cc65, 6d5c9d04-5741-4124-aba0-01471c5d0dc5, null, 21c4eee1-409a-4b38-ae8d-1573b0d3ebf1, 7fac869c-34b9-493d-bb2d-4b778f52f2f3, f5020d9f-33f3-449c-8345-fc5ea9db1f55, 1, CONFIRMED, 2026-09-27 10:00:48.114821+00, 2026-09-27 10:00:48.114821+00).
disposable-proof	Guard local targets and replay through PKG-050, A1, B3a and B3b	2026-09-27T10:00:49.9707144Z 
disposable-proof	Guard local targets and replay through PKG-050, A1, B3a and B3b	2026-09-27T10:00:49.9707509Z FAIL CHAT_B3A_PRIVATE_HISTORY_AND_EXACT_READ
disposable-proof	Guard local targets and replay through PKG-050, A1, B3a and B3b	2026-09-27T10:00:49.9816825Z ##[error]Process completed with exit code 1.
