PASS src/data/__tests__/agreement-chat-ui.test.tsx (7.52 s)
  D03 actual message component
    √ keeps history, writing and photo recovery while refresh progress and its failure have separate feedback (176 ms)
    √ restores the same historical message after the foreground gate remounts a fresh transcript (24 ms)
    √ retains historical reading intent through StrictMode effect replay (45 ms)
    √ lets a new reading gesture cancel restoration instead of pulling the reader back (17 ms)
    √ does not let retired native callbacks overwrite the remounted chat reading intent (29 ms)
    √ clamps the old offset when a saved anchor no longer exists in the fresh read (14 ms)
    √ offers draft storage recovery without hiding ready unknown-command retry (6 ms)
    √ retires photo preparations after exact retry using the current controller and ignores a departed owner (13 ms)
    √ preserves older-history reading position when retained-refresh feedback changes height (19 ms)
    √ sends one explicit photo-only command and preserves a pending selection instead of silently sending text alone (21 ms)
    √ reads historical photographs under exact Agreement/message IDs and refuses false local reconciliation on attachment mismatch (11 ms)
    √ permits explicit support selection of a photo-only message without changing its canonical empty body (9 ms)
    √ hears a message with text and photos as both, and a message with neither as a message without text (9 ms)
    √ shows latest history initially, preserves an older reading position, and follows an explicit outgoing message (37 ms)
    √ keeps following through keyboard geometry events and cancels queued follow when the person reads history (23 ms)
    √ preserves the history message position when context enters and leaves above it (21 ms)
    √ treats accessibility history navigation as intentional without sending or retrying (23 ms)
    √ distinguishes successful empty, loading and failed reads (31 ms)
    √ preserves composer text in offline/error state and keeps it outside the history scroller (16 ms)
    √ returns to the photo controls when explicitly opening them from older history (26 ms)
    √ unknown delivery has exact-command retry and no invented sent/read state (6 ms)
    √ an in-flight message does not block composing another message (9 ms)
    √ terminal state blocks new text/send but leaves unknown-intent retry (14 ms)
    √ server reconciliation suppresses the local duplicate only for matching sender/key/body (23 ms)
    √ uses Unicode code points for the 2,000-character limit and preserves over-limit text (69 ms)
    √ shows actionable storage failure and retains the draft (12 ms)
    √ offers only a canonical selected historical message, with its persisted version independent of current writable state (10 ms)
    √ does not select an unconfirmed local outbox item, failed read, or missing message version (14 ms)
    the look of the conversation
      √ reads the day and the clock from the words the read wrote, and invents no day (1 ms)
      √ names each day once above its messages and puts only the clock in a bubble (7 ms)
      √ distinguishes speakers with readable white and forest surfaces while keeping names and times in the spoken message (6 ms)
      √ gives the multiline draft a full row above the toolbar while keeping the send state and target intact (21 ms)
      √ keeps the photo tools behind the pill's "+" and never hides a chosen photo (27 ms)
      √ never offers a "+" that does nothing, and folds the photo tools away after a send (41 ms)
      √ offers a quiet refresh at the head of the thread and in the empty thread, and none where nothing new can come (37 ms)
      √ centres the first read and sits a read thread on the composer (6 ms)
      √ keeps a failed send in place with its reason and the retry of that exact message (5 ms)
      √ says a closed Dogovor is closed, true of a finished and of a cancelled one (11 ms)

Test Suites: 1 passed, 1 total
Tests:       38 passed, 38 total
Snapshots:   0 total
Time:        8.435 s
Ran all test suites within paths "src/data/__tests__/agreement-chat-ui.test.tsx".
Test results written to: docs\implementation\product-v1-closure-20260926\finalization-20260927\ROUND_06_CHAT_FINAL.json
