PASS src/data/__tests__/conversation-point-ask.test.tsx (13.363 s)
  pointsMissing
    √ counts the points a topology requires and the ones already confirmed (12 ms)
    √ asks for nothing when the work is remote (2 ms)
    √ counts a stationary task as one point (1 ms)
    √ counts every stop on a multi-stop route (1 ms)
    √ ignores a confirmed point for a slot the topology no longer has (2 ms)
    √ survives junk instead of a topology or a point set (3 ms)
  the conversation point ask
    √ opens a saved route as an ordered exact preview and hides it without a loss warning or a write (80 ms)
    √ previews a saved work point as one point without route semantics (12 ms)
    √ does not present a full set bound to a different geography as saved (24 ms)
    √ reopens a saved route only explicitly and clean closing keeps its saved baseline (17 ms)
    √ closes the competing-write gate synchronously when an explicit saved-point edit is admitted (17 ms)
    √ warns about an unconfirmed saved-point edit without claiming saved points will be lost (846 ms)
    √ warns before dropping the first unconfirmed point even when no points were confirmed (26 ms)
    √ discarding a pending edit restores a clean saved baseline and does not create a second loss warning (46 ms)
    √ distinguishes a loaded partial baseline from newly confirmed changes (42 ms)
    √ returns an explicitly changed full set to its receipt preview and uses the new revision on a later edit (47 ms)
    √ does not read or auto-locate while disabled and starts the first read when enabled (15 ms)
    √ retires a read disabled in flight and rereads when enabled (15 ms)
    √ freezes active edits and rejects retained confirm and close callbacks across disabled ABA (34 ms)
    √ removes navigation while disabled and rejects a retained edit entry (14 ms)
    √ rejects a saved preview edit entry after account changes (24 ms)
    √ rejects a saved preview edit entry after ABA changes (18 ms)
    √ keeps read-only, country-missing and summary states outside the manual-decision interlock (13 ms)
    √ reports editing transitions without callback-identity toggles and releases the parent on unmount (17 ms)
    √ routes both header and Android Back through the pending-edit question and retires handlers on disable (77 ms)
    √ shows each actual route point separately with one active map and allows choosing the destination first (22 ms)
    √ shows one work-place row for a stationary task without inventing another point (8 ms)
    √ seeds label-only places and each actual waypoint without repeating identical label and area text (35 ms)
    √ reopens a confirmed point without changing it and saves its moved replacement only after explicit confirmation (36 ms)
    √ asks before switching away from an unconfirmed edit and retains the previous confirmed point when discarded (71 ms)
    √ keeps multi-stop slot order and seeds each stop from its own server geography (19 ms)
    √ rejects an older slot callback and repeated final confirmation while a save is in flight (24 ms)
    √ rejects retained map confirmation after blur (15 ms)
    √ rejects retained map confirmation after blur-refocus (22 ms)
    √ rejects retained map confirmation after ABA (15 ms)
    √ reads the location review for its own conversation (9 ms)
    √ asks for the first missing point and seeds it with the address already known (6 ms)
    √ hands the editor a resolver that can actually reach the search endpoint (8 ms)
    √ writes nothing until every required point is confirmed (13 ms)
    √ saves both points as one explicitly confirmed value and reports back (20 ms)
    √ starts from the point already confirmed and asks only for the rest (18 ms)
    √ does not offer the map for a conversation that can no longer be edited (7 ms)
    √ reports a failed save instead of claiming the place was kept (21 ms)
    √ after a failed save the same points can be sent again, and a reload asks before it replaces them (50 ms)
    √ a confirmed reload replaces the unsaved points only after it is confirmed (40 ms)
    √ leaving with a confirmed but unsaved point asks first, and only the confirm leaves (63 ms)
    √ leaving with several confirmed points speaks of them in the plural (33 ms)

Test Suites: 1 passed, 1 total
Tests:       47 passed, 47 total
Snapshots:   0 total
Time:        14.645 s
Ran all test suites within paths "src/data/__tests__/conversation-point-ask.test.tsx".
Test results written to: docs\implementation\product-v1-closure-20260926\finalization-20260927\ROUND_10_POINT_JEST.json
