R19 media binary read regression evidence, 2026-09-25
Execution-output excerpts retained from the subtask's actual tool results.
These are compact excerpts, not full stdout. No credentials or network responses were captured.

BEFORE: mediaClientService still called functions.invoke and required a Blob.
Command: npx jest src/data/__tests__/media-binary-read.test.ts --runInBand --testTimeout=30000
Exit code: 1
FAIL src/data/__tests__/media-binary-read.test.ts
  PASS demonstrates that the installed Functions SDK consumes JPEG as lossy text (26 ms)
  FAIL returns exactly the original JPEG bytes through the real media service read (8 ms)
    Expected: true
    Received: false
    at expect(result.ok).toBe(true)
Test Suites: 1 failed, 1 total
Tests:       1 failed, 1 passed, 2 total
Snapshots:   0 total
Time:        1.641 s

AFTER INITIAL FIX: same two tests, direct authorized binary response read.
Command: npx jest src/data/__tests__/media-binary-read.test.ts --runInBand --testTimeout=30000
Exit code: 0
PASS src/data/__tests__/media-binary-read.test.ts
  PASS demonstrates that the installed Functions SDK consumes JPEG as lossy text (32 ms)
  PASS returns exactly the original JPEG bytes through the real media service read (4 ms)
Test Suites: 1 passed, 1 total
Tests:       2 passed, 2 total
Snapshots:   0 total
Time:        2.747 s

AFTER EXTENDED GUARD/ERROR/CONTRACT TESTS
Command: npx jest src/data/__tests__/media-binary-read.test.ts src/data/__tests__/media-client.test.ts --runInBand --testTimeout=30000
Exit code: 0
PASS src/data/__tests__/media-binary-read.test.ts
PASS src/data/__tests__/media-client.test.ts
Test Suites: 2 passed, 2 total
Tests:       62 passed, 62 total
Snapshots:   0 total
Time:        2.266 s, estimated 3 s

TYPES
Command: npx tsc --noEmit -p tsconfig.json
Exit code: 0
Output: none

INSTALLED SDK / REAL JPEG FIXTURE
@supabase/supabase-js: 2.112.4
@supabase/functions-js: 2.112.4
Fixture: assets/brand/entry-v49/worker.jpg
Bytes: 239882
SHA-256: c25266122c8c47f96994c6cff05f9e5e5b7428de4a9d78521eb6f4084612d3d3

No DEV write, device operation, dependency change, SDK modification or paid provider call.
Native image display remains for integrator APK verification.
