17:57:10 device <serial withheld> physical HONOR VKP-NX9 android 16 arm64-v8a (1264, 2728) app 1.0.0 35 dfd6130034be992c
17:57:10 PASS INSTALLED_APK_IS_THE_BUILT_ARTIFACT {"installed": "dfd6130034be992cffb5314b845e14a78339d7b150d83c7dd3818918dbed5fc3", "expected": "dfd6130034be992cffb5314b845e14a78339d7b150d83c7dd3818918dbed5fc3"}
17:58:04 PASS LIST_SHOWS_CARDS_AND_A_COUNT {"cards": 5, "count": 7, "note": "identical labels collapse; the count line is the truth"}
17:58:14 map state: sheet (0, 2125, 1264, 2377) cards 0 list-count button True
17:58:18 markers on screen 1 not yet tried 1
17:58:26 markers on screen 3 not yet tried 3
18:02:59 PASS PIN_TIMING_MEASURED {"touches": 30, "peekShown": 30, "traced": 30, "firstFeedbackMs": {"p50": 68, "p95": 86, "max": 93}, "usableContentMs": {"p50": 477, "p95": 1503, "max": 1848}, "peekMovedPxAfterAppearing": [0, 0, 0], "conditions": "PHYSICAL HONOR VKP-NX9 | P6 CANDIDATE 507cb99d ARM64 (SHA dfd61300, run 36735155343) 
18:02:59 PASS PEEK_DOES_NOT_MOVE_AFTER_IT_APPEARS {"movedPx": [0, 0, 0]}
18:03:16 PASS PAN_SETTLES_TO_A_READ {"settled": ["OWN_MOVE"]}
18:03:16 PASS PAN_KEEPS_THE_TOP_LINE_AND_SHOWS_NO_ERROR {}
18:03:28 PASS ZOOM_OUT_SETTLES_TO_A_READ {"settled": ["OWN_MOVE"]}
18:03:28 PASS ZOOM_OUT_KEEPS_THE_TOP_LINE_AND_SHOWS_NO_ERROR {}
18:03:39 PASS ZOOM_IN_SETTLES_TO_A_READ {"settled": ["OWN_MOVE"]}
18:03:39 PASS ZOOM_IN_KEEPS_THE_TOP_LINE_AND_SHOWS_NO_ERROR {}
18:04:26 PASS LIST_SHOWS_CARDS_AND_A_COUNT {"cards": 5, "count": 7, "note": "identical labels collapse; the count line is the truth"}
18:04:40 PASS LIST_SURVIVES_FLINGS_WITH_ITS_TOP_LINE {"errors": []}
18:06:59 PASS VISIBLE_RETURN_MEASURED {"n": 8, "p50S": 2.753, "p95S": 3.033, "maxS": 3.033}
18:07:47 PASS FILTERS_TOGGLE_AND_RETURN_TO_THE_WHOLE_LIST {"chips": {"Na daljinu": {"found": true, "countOn": 0, "changedAfterS": 2.8, "countBackAfterOff": 7}, "Na licu mesta": {"found": true, "countOn": 7, "changedAfterS": null, "countBackAfterOff": 7}}, "base": 7}
18:07:55 PASS SEARCH_PANEL_OPENS_WITH_A_TEXT_FIELD {"openedS": 3.03}
18:08:08 PASS SEARCH_SUGGESTS_A_PLACE_WITH_A_COUNT {"suggestions": ["Detelinara, Novi Sad, 2 zadatka", "Svi zadaci, 7 zadataka", "Oblast sa mape, 1 zadatak"]}
18:08:20 PASS SEARCH_COUNT_MATCHES_THE_SUGGESTION {"suggestion": "Detelinara, Novi Sad, 2 zadatka", "list": 2}
18:08:35 PASS SEARCH_RESTORED_TO_THE_STATE_BEFORE {"before": "Pretraži zadatke, Svi zadaci, Bilo kada · Dodaj uslove", "after": "Pretraži zadatke, Svi zadaci, Bilo kada · Dodaj uslove", "countBefore": 7, "countAfter": 7}
18:12:51 PASS EVERY_CYCLE_OPENED_AND_RETURNED {"returns": 20}
18:12:51 PASS APP_PROCESS_SURVIVED_CYCLES {"pids": ["14972"]}
18:12:51 PASS NO_MEMORY_ACCUMULATION_OVER_THE_CYCLES {"baseline_kb": 717133, "warm_kb": 708359, "peak_kb": 780705, "final_kb": 740361}
18:13:33 PASS NO_ANR_OR_CRASH {"anr": 0, "fatal": 0, "died": 0, "exitInfoAnr": 0, "exitInfoCrash": 0, "daveyOver700ms": 0, "daveyMaxMs": 0, "reanimatedDeadTagLines": 100867, "p6ReadFailed": 0, "viewToBitmapErrors": 0}
18:13:33 PASS NO_P6_READ_FAILURE_IN_THE_LOG {"count": 0}
18:14:07 PASS P6_READER_IS_RUNNING {"p6TraceLines": 107}
18:14:07 RESULT PASS
