TAP version 13
# Subtest: actual outbound server time context at 2026-09-07T21:59:59.000Z
ok 1 - actual outbound server time context at 2026-09-07T21:59:59.000Z
  ---
  duration_ms: 210.111314
  type: 'test'
  ...
# Subtest: actual outbound server time context at 2026-09-07T22:00:00.000Z
ok 2 - actual outbound server time context at 2026-09-07T22:00:00.000Z
  ---
  duration_ms: 57.486327
  type: 'test'
  ...
# Subtest: actual outbound server time context at 2026-09-07T23:59:59.000Z
ok 3 - actual outbound server time context at 2026-09-07T23:59:59.000Z
  ---
  duration_ms: 52.609095
  type: 'test'
  ...
# Subtest: actual outbound server time context at 2026-09-08T00:00:00.000Z
ok 4 - actual outbound server time context at 2026-09-08T00:00:00.000Z
  ---
  duration_ms: 41.849979
  type: 'test'
  ...
# Subtest: actual outbound server time context at 2026-12-31T23:30:00.000Z
ok 5 - actual outbound server time context at 2026-12-31T23:30:00.000Z
  ---
  duration_ms: 30.036352
  type: 'test'
  ...
# Subtest: actual outbound server time context at 2026-03-29T00:30:00.000Z
ok 6 - actual outbound server time context at 2026-03-29T00:30:00.000Z
  ---
  duration_ms: 32.441086
  type: 'test'
  ...
# Subtest: actual outbound server time context at 2026-03-29T01:30:00.000Z
ok 7 - actual outbound server time context at 2026-03-29T01:30:00.000Z
  ---
  duration_ms: 47.902209
  type: 'test'
  ...
# Subtest: actual outbound server time context at 2026-10-25T00:30:00.000Z
ok 8 - actual outbound server time context at 2026-10-25T00:30:00.000Z
  ---
  duration_ms: 34.087089
  type: 'test'
  ...
# Subtest: actual outbound server time context at 2026-10-25T01:30:00.000Z
ok 9 - actual outbound server time context at 2026-10-25T01:30:00.000Z
  ---
  duration_ms: 41.772369
  type: 'test'
  ...
# Subtest: gemini actual handler sends newest30 chronologically and persists validated proposals
ok 10 - gemini actual handler sends newest30 chronologically and persists validated proposals
  ---
  duration_ms: 26.872579
  type: 'test'
  ...
# Subtest: openai actual handler sends newest30 chronologically and persists validated proposals
ok 11 - openai actual handler sends newest30 chronologically and persists validated proposals
  ---
  duration_ms: 27.144427
  type: 'test'
  ...
# Subtest: short history stays chronological without invented prior turns
ok 12 - short history stays chronological without invented prior turns
  ---
  duration_ms: 28.469283
  type: 'test'
  ...
# Subtest: legacy provider context shares date grounding without V2 writer cutover
ok 13 - legacy provider context shares date grounding without V2 writer cutover
  ---
  duration_ms: 27.479414
  type: 'test'
  ...
# Subtest: provider network failure logs fixed categories only and performs no writer call
ok 14 - provider network failure logs fixed categories only and performs no writer call
  ---
  duration_ms: 36.09812
  type: 'test'
  ...
# Subtest: provider http failure logs fixed categories only and performs no writer call
ok 15 - provider http failure logs fixed categories only and performs no writer call
  ---
  duration_ms: 20.2269
  type: 'test'
  ...
# Subtest: provider json failure logs fixed categories only and performs no writer call
ok 16 - provider json failure logs fixed categories only and performs no writer call
  ---
  duration_ms: 24.772434
  type: 'test'
  ...
# Subtest: provider output failure logs fixed categories only and performs no writer call
ok 17 - provider output failure logs fixed categories only and performs no writer call
  ---
  duration_ms: 23.221195
  type: 'test'
  ...
1..17
# tests 17
# suites 0
# pass 17
# fail 0
# cancelled 0
# skipped 0
# todo 0
# duration_ms 1123.951399
