PUBLIC NORMALIZED LOG COPY - credential values redacted where detected.
Original raw log retained outside Git in the workspace evidence archive.
Original SHA256: 844cc0e5b7e89a82f660e77090c612cf0a5aa781541d820faa65f1f0398e8c58

﻿2026-09-07T20:47:45.1409190Z Current runner version: '2.337.0'
2026-09-07T20:47:45.1428883Z ##[group]Runner Image Provisioner
2026-09-07T20:47:45.1429700Z Hosted Compute Agent
2026-09-07T20:47:45.1430317Z Version: 20260828.587
2026-09-07T20:47:45.1431379Z Commit: abac92662cab4cc7352de4f9f9d2e2419aad9c29
2026-09-07T20:47:45.1432140Z Build Date: 2026-08-28T16:44:25Z
2026-09-07T20:47:45.1432810Z Worker ID: {8b7707d6-a0e3-477d-8f91-9db125a05826}
2026-09-07T20:47:45.1433504Z Azure Region: westus3
2026-09-07T20:47:45.1434044Z ##[endgroup]
2026-09-07T20:47:45.1435392Z ##[group]Operating System
2026-09-07T20:47:45.1435984Z Ubuntu
2026-09-07T20:47:45.1436473Z 24.04.4
2026-09-07T20:47:45.1436959Z LTS
2026-09-07T20:47:45.1437450Z ##[endgroup]
2026-09-07T20:47:45.1437975Z ##[group]Runner Image
2026-09-07T20:47:45.1438529Z Image: ubuntu-24.04
2026-09-07T20:47:45.1439048Z Version: 20260831.293.1
2026-09-07T20:47:45.1440193Z Included Software: https://github.com/actions/runner-images/blob/ubuntu24/20260831.293/images/ubuntu/Ubuntu2404-Readme.md
2026-09-07T20:47:45.1441740Z Image Release: https://github.com/actions/runner-images/releases/tag/ubuntu24%2F20260831.293
2026-09-07T20:47:45.1442639Z ##[endgroup]
2026-09-07T20:47:45.1443644Z ##[group]GITHUB_TOKEN Permissions
2026-09-07T20:47:45.1445514Z Contents: read
2026-09-07T20:47:45.1446062Z Metadata: read
2026-09-07T20:47:45.1446627Z ##[endgroup]
2026-09-07T20:47:45.1448796Z Secret source: Actions
2026-09-07T20:47:45.1449827Z Prepare workflow directory
2026-09-07T20:47:45.1743788Z Prepare all required actions
2026-09-07T20:47:45.1788834Z Getting action download info
2026-09-07T20:47:45.4902705Z Download action repository 'actions/checkout@v4' (SHA:11d5960a326750d5838078e36cf38b85af677262)
2026-09-07T20:47:45.8655834Z Download action repository 'actions/setup-python@v5' (SHA:a26af69be951a213d495a4c3e4e4022e16d87065)
2026-09-07T20:47:46.2111302Z Download action repository 'actions/setup-node@v4' (SHA:49933ea5288caeca8642d1e84afbd3f7d6820020)
2026-09-07T20:47:46.4164456Z Complete job name: pre-p4-integrity
2026-09-07T20:47:46.4852873Z Node 20 is being deprecated. This workflow is running with Node 24 by default. If you need to temporarily use Node 20, you can set the ACTIONS_ALLOW_USE_UNSECURE_NODE_VERSION=true environment variable. For more information see: https://github.blog/changelog/2025-09-19-deprecation-of-node-20-on-github-actions-runners/
2026-09-07T20:47:46.4861892Z ##[group]Run actions/checkout@v4
2026-09-07T20:47:46.4862736Z with:
2026-09-07T20:47:46.4863346Z   repository: Uskoci1/USKOCI-CLEAN
2026-09-07T20:47:46.4867622Z   token: ***
2026-09-07T20:47:46.4868153Z   ssh-strict: true
2026-09-07T20:47:46.4868775Z   ssh-user: git
2026-09-07T20:47:46.4869363Z   persist-credentials: true
2026-09-07T20:47:46.4869979Z   clean: true
2026-09-07T20:47:46.4870706Z   sparse-checkout-cone-mode: true
2026-09-07T20:47:46.4871386Z   fetch-depth: 1
2026-09-07T20:47:46.4871953Z   fetch-tags: false
2026-09-07T20:47:46.4872553Z   show-progress: true
2026-09-07T20:47:46.4873174Z   lfs: false
2026-09-07T20:47:46.4873801Z   submodules: false
2026-09-07T20:47:46.4874430Z   set-safe-directory: true
2026-09-07T20:47:46.4875072Z   allow-unsafe-pr-checkout: false
2026-09-07T20:47:46.4875942Z ##[endgroup]
2026-09-07T20:47:46.5868921Z Syncing repository: Uskoci1/USKOCI-CLEAN
2026-09-07T20:47:46.5871181Z ##[group]Getting Git version info
2026-09-07T20:47:46.5872030Z Working directory is '/home/runner/work/USKOCI-CLEAN/USKOCI-CLEAN'
2026-09-07T20:47:46.5873381Z [command]/usr/bin/git version
2026-09-07T20:47:46.5941899Z git version 2.55.0
2026-09-07T20:47:46.5959065Z ##[endgroup]
2026-09-07T20:47:46.5971875Z Temporarily overriding HOME='/home/runner/work/_temp/f1e62315-66a7-4c0b-aed4-320a5e609c3b' before making global git config changes
2026-09-07T20:47:46.5974520Z Adding repository directory to the temporary git global config as a safe directory
2026-09-07T20:47:46.5976610Z [command]/usr/bin/git config --global --add safe.directory /home/runner/work/USKOCI-CLEAN/USKOCI-CLEAN
2026-09-07T20:47:46.8677041Z Deleting the contents of '/home/runner/work/USKOCI-CLEAN/USKOCI-CLEAN'
2026-09-07T20:47:46.8681002Z ##[group]Initializing the repository
2026-09-07T20:47:46.8686025Z [command]/usr/bin/git init /home/runner/work/USKOCI-CLEAN/USKOCI-CLEAN
2026-09-07T20:47:47.0199228Z hint: Using 'master' as the name for the initial branch. This default branch name
2026-09-07T20:47:47.0202636Z hint: will change to "main" in Git 3.0. To configure the initial branch name
2026-09-07T20:47:47.0205511Z hint: to use in all of your new repositories, which will suppress this warning,
2026-09-07T20:47:47.0207436Z hint: call:
2026-09-07T20:47:47.0208423Z hint:
2026-09-07T20:47:47.0209758Z hint: 	git config --global init.defaultBranch <name>
2026-09-07T20:47:47.0211951Z hint:
2026-09-07T20:47:47.0213480Z hint: Names commonly chosen instead of 'master' are 'main', 'trunk' and
2026-09-07T20:47:47.0215726Z hint: 'development'. The just-created branch can be renamed via this command:
2026-09-07T20:47:47.0217590Z hint:
2026-09-07T20:47:47.0218886Z hint: 	git branch -m <name>
2026-09-07T20:47:47.0220927Z hint:
2026-09-07T20:47:47.0222929Z hint: Disable this message with "git config set advice.defaultBranchName false"
2026-09-07T20:47:47.0226128Z Initialized empty Git repository in /home/runner/work/USKOCI-CLEAN/USKOCI-CLEAN/.git/
2026-09-07T20:47:47.0231649Z [command]/usr/bin/git remote add origin https://github.com/Uskoci1/USKOCI-CLEAN
2026-09-07T20:47:47.0264496Z ##[endgroup]
2026-09-07T20:47:47.0267074Z ##[group]Disabling automatic garbage collection
2026-09-07T20:47:47.0269091Z [command]/usr/bin/git config --local gc.auto 0
2026-09-07T20:47:47.0294784Z ##[endgroup]
2026-09-07T20:47:47.0297050Z ##[group]Setting up auth
2026-09-07T20:47:47.0299881Z [command]/usr/bin/git config --local --name-only --get-regexp core\.sshCommand
2026-09-07T20:47:47.0330811Z [command]/usr/bin/git submodule foreach --recursive sh -c "git config --local --name-only --get-regexp 'core\.sshCommand' && git config --local --unset-all 'core.sshCommand' || :"
2026-09-07T20:47:47.3499257Z [command]/usr/bin/git config --local --name-only --get-regexp http\.https\:\/\/github\.com\/\.extraheader
2026-09-07T20:47:47.3529407Z [command]/usr/bin/git submodule foreach --recursive sh -c "git config --local --name-only --get-regexp 'http\.https\:\/\/github\.com\/\.extraheader' && git config --local --unset-all 'http.https://github.com/.extraheader' || :"
2026-09-07T20:47:47.3710339Z [command]/usr/bin/git config --local --name-only --get-regexp ^includeIf\.gitdir:
2026-09-07T20:47:47.3739750Z [command]/usr/bin/git submodule foreach --recursive git config --local --show-origin --name-only --get-regexp remote.origin.url
2026-09-07T20:47:47.3934654Z [command]/usr/bin/git config --local http.https://github.com/.extraheader AUTHORIZATION: basic ***
2026-09-07T20:47:47.3964971Z ##[endgroup]
2026-09-07T20:47:47.3974096Z ##[group]Fetching the repository
2026-09-07T20:47:47.3977967Z [command]/usr/bin/git -c protocol.version=2 fetch --no-tags --prune --no-recurse-submodules --depth=1 origin +34015946c6926b1758f104b70f0ce43a6e8261ca:refs/remotes/pull/66/merge
2026-09-07T20:47:49.2909528Z From https://github.com/Uskoci1/USKOCI-CLEAN
2026-09-07T20:47:49.2910312Z  * [new ref]         34015946c6926b1758f104b70f0ce43a6e8261ca -> pull/66/merge
2026-09-07T20:47:49.2913664Z ##[endgroup]
2026-09-07T20:47:49.2917219Z ##[group]Determining the checkout info
2026-09-07T20:47:49.2917944Z ##[endgroup]
2026-09-07T20:47:49.2924333Z [command]/usr/bin/git sparse-checkout disable
2026-09-07T20:47:49.2967100Z [command]/usr/bin/git config --local --unset-all extensions.worktreeConfig
2026-09-07T20:47:49.2999191Z ##[group]Checking out the ref
2026-09-07T20:47:49.3002192Z [command]/usr/bin/git checkout --progress --force refs/remotes/pull/66/merge
2026-09-07T20:47:49.3488543Z Note: switching to 'refs/remotes/pull/66/merge'.
2026-09-07T20:47:49.3488968Z
2026-09-07T20:47:49.3489272Z You are in 'detached HEAD' state. You can look around, make experimental
2026-09-07T20:47:49.3489872Z changes and commit them, and you can discard any commits you make in this
2026-09-07T20:47:49.3491121Z state without impacting any branches by switching back to a branch.
2026-09-07T20:47:49.3491476Z
2026-09-07T20:47:49.3491762Z If you want to create a new branch to retain commits you create, you may
2026-09-07T20:47:49.3492326Z do so (now or later) by using -c with the switch command. Example:
2026-09-07T20:47:49.3492651Z
2026-09-07T20:47:49.3492817Z   git switch -c <new-branch-name>
2026-09-07T20:47:49.3493095Z
2026-09-07T20:47:49.3493279Z Or undo this operation with:
2026-09-07T20:47:49.3493580Z
2026-09-07T20:47:49.3493785Z   git switch -
2026-09-07T20:47:49.3494022Z
2026-09-07T20:47:49.3494508Z Turn off this advice by setting config variable advice.detachedHead to false
2026-09-07T20:47:49.3494980Z
2026-09-07T20:47:49.3495554Z HEAD is now at 3401594 Merge c1b803285e2b5b97c57680ea09c9f17a6934d32d into d4d8cd09bf44dd54c7355605b0c256813b46ab1b
2026-09-07T20:47:49.3499697Z ##[endgroup]
2026-09-07T20:47:49.3531982Z [command]/usr/bin/git log -1 --format=%H
2026-09-07T20:47:49.3552235Z 34015946c6926b1758f104b70f0ce43a6e8261ca
2026-09-07T20:47:49.3806913Z Node 20 is being deprecated. This workflow is running with Node 24 by default. If you need to temporarily use Node 20, you can set the ACTIONS_ALLOW_USE_UNSECURE_NODE_VERSION=true environment variable. For more information see: https://github.blog/changelog/2025-09-19-deprecation-of-node-20-on-github-actions-runners/
2026-09-07T20:47:49.3808976Z ##[group]Run actions/setup-python@v5
2026-09-07T20:47:49.3809380Z with:
2026-09-07T20:47:49.3809707Z   python-version: 3.13
2026-09-07T20:47:49.3810089Z   check-latest: false
2026-09-07T20:47:49.3812658Z   token: ***
2026-09-07T20:47:49.3813046Z   update-environment: true
2026-09-07T20:47:49.3813444Z   allow-prereleases: false
2026-09-07T20:47:49.3813791Z   freethreaded: false
2026-09-07T20:47:49.3814163Z ##[endgroup]
2026-09-07T20:47:49.5043960Z ##[group]Installed versions
2026-09-07T20:47:49.5134223Z (node:2035) [DEP0040] DeprecationWarning: The `punycode` module is deprecated. Please use a userland alternative instead.
2026-09-07T20:47:49.5135363Z (Use `node --trace-deprecation ...` to show where the warning was created)
2026-09-07T20:47:49.5136390Z Successfully set up CPython (3.13.15)
2026-09-07T20:47:49.5137262Z ##[endgroup]
2026-09-07T20:47:49.5274492Z ##[group]Run sh supabase/migrations/check_md5.sh
2026-09-07T20:47:49.5275185Z sh supabase/migrations/check_md5.sh
2026-09-07T20:47:49.5364965Z shell: /usr/bin/bash -e {0}
2026-09-07T20:47:49.5365426Z env:
2026-09-07T20:47:49.5365886Z   pythonLocation: /opt/hostedtoolcache/Python/3.13.15/x64
2026-09-07T20:47:49.5366504Z   PKG_CONFIG_PATH: /opt/hostedtoolcache/Python/3.13.15/x64/lib/pkgconfig
2026-09-07T20:47:49.5367106Z   Python_ROOT_DIR: /opt/hostedtoolcache/Python/3.13.15/x64
2026-09-07T20:47:49.5367626Z   Python2_ROOT_DIR: /opt/hostedtoolcache/Python/3.13.15/x64
2026-09-07T20:47:49.5368109Z   Python3_ROOT_DIR: /opt/hostedtoolcache/Python/3.13.15/x64
2026-09-07T20:47:49.5368588Z   LD_LIBRARY_PATH: /opt/hostedtoolcache/Python/3.13.15/x64/lib
2026-09-07T20:47:49.5369128Z ##[endgroup]
2026-09-07T20:47:50.3413062Z PASS migration_integrity files=87 live_snapshot=87 pending=0 191500=RECORDED_STATEMENT_RECONSTRUCTION exact_byte_mirror=false participant_contract=PASS
2026-09-07T20:47:50.3538993Z Node 20 is being deprecated. This workflow is running with Node 24 by default. If you need to temporarily use Node 20, you can set the ACTIONS_ALLOW_USE_UNSECURE_NODE_VERSION=true environment variable. For more information see: https://github.blog/changelog/2025-09-19-deprecation-of-node-20-on-github-actions-runners/
2026-09-07T20:47:50.3540350Z ##[group]Run actions/setup-node@v4
2026-09-07T20:47:50.3541104Z with:
2026-09-07T20:47:50.3541404Z   node-version: 24
2026-09-07T20:47:50.3541717Z   cache: npm
2026-09-07T20:47:50.3542009Z   always-auth: false
2026-09-07T20:47:50.3542358Z   check-latest: false
2026-09-07T20:47:50.3544706Z   token: ***
2026-09-07T20:47:50.3544976Z env:
2026-09-07T20:47:50.3545335Z   pythonLocation: /opt/hostedtoolcache/Python/3.13.15/x64
2026-09-07T20:47:50.3545979Z   PKG_CONFIG_PATH: /opt/hostedtoolcache/Python/3.13.15/x64/lib/pkgconfig
2026-09-07T20:47:50.3546474Z   Python_ROOT_DIR: /opt/hostedtoolcache/Python/3.13.15/x64
2026-09-07T20:47:50.3547027Z   Python2_ROOT_DIR: /opt/hostedtoolcache/Python/3.13.15/x64
2026-09-07T20:47:50.3547486Z   Python3_ROOT_DIR: /opt/hostedtoolcache/Python/3.13.15/x64
2026-09-07T20:47:50.3547927Z   LD_LIBRARY_PATH: /opt/hostedtoolcache/Python/3.13.15/x64/lib
2026-09-07T20:47:50.3548322Z ##[endgroup]
2026-09-07T20:47:50.4867783Z Found in cache @ /opt/hostedtoolcache/node/24.20.0/x64
2026-09-07T20:47:50.4870196Z (node:2048) [DEP0040] DeprecationWarning: The `punycode` module is deprecated. Please use a userland alternative instead.
2026-09-07T20:47:50.4871101Z (Use `node --trace-deprecation ...` to show where the warning was created)
2026-09-07T20:47:50.4872622Z ##[group]Environment details
2026-09-07T20:47:50.9681233Z node: v24.20.0
2026-09-07T20:47:50.9681896Z npm: 11.19.0
2026-09-07T20:47:50.9682910Z yarn: 1.22.22
2026-09-07T20:47:50.9684019Z ##[endgroup]
2026-09-07T20:47:50.9701594Z [command]/opt/hostedtoolcache/node/24.20.0/x64/bin/npm config get cache
2026-09-07T20:47:51.4029931Z /home/runner/.npm
2026-09-07T20:47:51.6288898Z Cache hit for: node-cache-Linux-x64-npm-8397ea54b5b80fda2980aa993dfe2420b89679f27acfefdcdfd110c26b03facb
2026-09-07T20:47:51.6378023Z (node:2048) [DEP0169] DeprecationWarning: `url.parse()` behavior is not standardized and prone to errors that have security implications. Use the WHATWG URL API instead. CVEs are not issued for `url.parse()` vulnerabilities.
2026-09-07T20:47:52.8478927Z Received 37748736 of 195310476 (19.3%), 36.0 MBs/sec
2026-09-07T20:47:53.8476660Z Received 142606336 of 195310476 (73.0%), 68.0 MBs/sec
2026-09-07T20:47:54.1222939Z Received 195310476 of 195310476 (100.0%), 81.9 MBs/sec
2026-09-07T20:47:54.1224089Z Cache Size: ~186 MB (195310476 B)
2026-09-07T20:47:54.1283160Z [command]/usr/bin/tar -xf /home/runner/work/_temp/1d20665c-780e-48b6-b9d2-6875cc09ed05/cache.tzst -P -C /home/runner/work/USKOCI-CLEAN/USKOCI-CLEAN --use-compress-program unzstd
2026-09-07T20:47:54.3459740Z Cache restored successfully
2026-09-07T20:47:54.3536234Z Cache restored from key: node-cache-Linux-x64-npm-8397ea54b5b80fda2980aa993dfe2420b89679f27acfefdcdfd110c26b03facb
2026-09-07T20:47:54.3665353Z ##[group]Run npm ci
2026-09-07T20:47:54.3665675Z npm ci
2026-09-07T20:47:54.3697057Z shell: /usr/bin/bash -e {0}
2026-09-07T20:47:54.3697488Z env:
2026-09-07T20:47:54.3697870Z   pythonLocation: /opt/hostedtoolcache/Python/3.13.15/x64
2026-09-07T20:47:54.3698429Z   PKG_CONFIG_PATH: /opt/hostedtoolcache/Python/3.13.15/x64/lib/pkgconfig
2026-09-07T20:47:54.3698911Z   Python_ROOT_DIR: /opt/hostedtoolcache/Python/3.13.15/x64
2026-09-07T20:47:54.3699338Z   Python2_ROOT_DIR: /opt/hostedtoolcache/Python/3.13.15/x64
2026-09-07T20:47:54.3699859Z   Python3_ROOT_DIR: /opt/hostedtoolcache/Python/3.13.15/x64
2026-09-07T20:47:54.3700301Z   LD_LIBRARY_PATH: /opt/hostedtoolcache/Python/3.13.15/x64/lib
2026-09-07T20:47:54.3701157Z ##[endgroup]
2026-09-07T20:48:01.4259722Z npm warn deprecated inflight@1.0.6: This module is not supported, and leaks memory. Do not use it. Check out lru-cache if you want a good and tested way to coalesce async requests by a key value, which is much more comprehensive and powerful.
2026-09-07T20:48:01.5501784Z npm warn deprecated abab@2.0.6: Use your platform's native atob() and btoa() methods instead
2026-09-07T20:48:01.5657528Z npm warn deprecated glob@7.2.3: Old versions of glob are not supported, and contain widely publicized security vulnerabilities, which have been fixed in the current version. Please update. Support for old versions may be purchased (at exorbitant rates) by contacting i@izs.me
2026-09-07T20:48:01.5675142Z npm warn deprecated glob@7.2.3: Old versions of glob are not supported, and contain widely publicized security vulnerabilities, which have been fixed in the current version. Please update. Support for old versions may be purchased (at exorbitant rates) by contacting i@izs.me
2026-09-07T20:48:01.5680753Z npm warn deprecated glob@7.2.3: Old versions of glob are not supported, and contain widely publicized security vulnerabilities, which have been fixed in the current version. Please update. Support for old versions may be purchased (at exorbitant rates) by contacting i@izs.me
2026-09-07T20:48:01.5701782Z npm warn deprecated glob@7.2.3: Old versions of glob are not supported, and contain widely publicized security vulnerabilities, which have been fixed in the current version. Please update. Support for old versions may be purchased (at exorbitant rates) by contacting i@izs.me
2026-09-07T20:48:01.5712508Z npm warn deprecated whatwg-encoding@2.0.0: Use @exodus/bytes instead for a more spec-conformant and faster implementation
2026-09-07T20:48:01.6986316Z npm warn deprecated domexception@4.0.0: Use your platform's native DOMException instead
2026-09-07T20:48:11.7138344Z
2026-09-07T20:48:11.7139371Z > uskoci-app@1.0.0 postinstall
2026-09-07T20:48:11.7140120Z > node ./scripts/sync-entry-reference-assets.cjs
2026-09-07T20:48:11.7140757Z
2026-09-07T20:48:11.7697337Z [entry-reference] city 64388 bytes mime=image/webp sha256=ad4c57566f3a69b269f6371f2ed516146e583e820c2ce8051c3dcaf870193f01
2026-09-07T20:48:11.7699502Z [entry-reference] font 134916 bytes header=00010000 sha256=0b82ab5fdba8e0147e38e89237ea4a430f0d7017c313d9b8e56a309acde756c0
2026-09-07T20:48:11.7701106Z [entry-reference] animation data generated from canonical HTML
2026-09-07T20:48:11.8349588Z
2026-09-07T20:48:11.8350972Z added 855 packages, and audited 857 packages in 17s
2026-09-07T20:48:11.8351332Z
2026-09-07T20:48:11.8351725Z 82 packages are looking for funding
2026-09-07T20:48:11.8352670Z   run `npm fund` for details
2026-09-07T20:48:11.8362266Z
2026-09-07T20:48:11.8362540Z found 0 vulnerabilities
2026-09-07T20:48:11.8964723Z ##[group]Run node --test scripts/metro-cache-concurrency.test.cjs
2026-09-07T20:48:11.8965311Z node --test scripts/metro-cache-concurrency.test.cjs
2026-09-07T20:48:11.8990331Z shell: /usr/bin/bash -e {0}
2026-09-07T20:48:11.8990925Z env:
2026-09-07T20:48:11.8991340Z   pythonLocation: /opt/hostedtoolcache/Python/3.13.15/x64
2026-09-07T20:48:11.8991842Z   PKG_CONFIG_PATH: /opt/hostedtoolcache/Python/3.13.15/x64/lib/pkgconfig
2026-09-07T20:48:11.8992321Z   Python_ROOT_DIR: /opt/hostedtoolcache/Python/3.13.15/x64
2026-09-07T20:48:11.8992768Z   Python2_ROOT_DIR: /opt/hostedtoolcache/Python/3.13.15/x64
2026-09-07T20:48:11.8993222Z   Python3_ROOT_DIR: /opt/hostedtoolcache/Python/3.13.15/x64
2026-09-07T20:48:11.8993680Z   LD_LIBRARY_PATH: /opt/hostedtoolcache/Python/3.13.15/x64/lib
2026-09-07T20:48:11.8994057Z ##[endgroup]
2026-09-07T20:48:12.2657333Z ✔ Windows bounds concurrent warm reads and writes across all stores and preserves values (50.750865ms)
2026-09-07T20:48:12.2659392Z ✔ sync throws and async rejections release their slot without changing errors or stalling later work (5.034948ms)
2026-09-07T20:48:12.2661198Z ✔ clear keeps the original store receiver, return value, and synchronous errors (1.19785ms)
2026-09-07T20:48:12.2662456Z ✔ linux keeps the exact default cache array and store objects (2.331302ms)
2026-09-07T20:48:12.2663572Z ✔ darwin keeps the exact default cache array and store objects (0.649675ms)
2026-09-07T20:48:12.2664799Z ✔ installed Metro discovers the CommonJS config and loads Expo defaults (208.989342ms)
2026-09-07T20:48:12.9120325Z ✔ installed Expo binary store survives controlled descriptor pressure with unchanged disk values (668.217293ms)
2026-09-07T20:48:12.9122674Z ℹ Expo 57.0.18; linux; BinaryFileStore; 1200 disk writes + 3600 warm reads; injected baseline EMFILE refusals=1136; wrapped refusals=0; wrapped peak=32; completed disk operations=4869
2026-09-07T20:48:12.9339577Z ℹ tests 7
2026-09-07T20:48:12.9340686Z ℹ suites 0
2026-09-07T20:48:12.9341484Z ℹ pass 7
2026-09-07T20:48:12.9342175Z ℹ fail 0
2026-09-07T20:48:12.9342818Z ℹ cancelled 0
2026-09-07T20:48:12.9343499Z ℹ skipped 0
2026-09-07T20:48:12.9344122Z ℹ todo 0
2026-09-07T20:48:12.9344898Z ℹ duration_ms 1000.759058
2026-09-07T20:48:12.9413514Z ##[group]Run npx tsc --noEmit
2026-09-07T20:48:12.9413913Z npx tsc --noEmit
2026-09-07T20:48:12.9436646Z shell: /usr/bin/bash -e {0}
2026-09-07T20:48:12.9436979Z env:
2026-09-07T20:48:12.9437427Z   pythonLocation: /opt/hostedtoolcache/Python/3.13.15/x64
2026-09-07T20:48:12.9437970Z   PKG_CONFIG_PATH: /opt/hostedtoolcache/Python/3.13.15/x64/lib/pkgconfig
2026-09-07T20:48:12.9438475Z   Python_ROOT_DIR: /opt/hostedtoolcache/Python/3.13.15/x64
2026-09-07T20:48:12.9438957Z   Python2_ROOT_DIR: /opt/hostedtoolcache/Python/3.13.15/x64
2026-09-07T20:48:12.9439399Z   Python3_ROOT_DIR: /opt/hostedtoolcache/Python/3.13.15/x64
2026-09-07T20:48:12.9439850Z   LD_LIBRARY_PATH: /opt/hostedtoolcache/Python/3.13.15/x64/lib
2026-09-07T20:48:12.9440264Z ##[endgroup]
2026-09-07T20:48:17.5315539Z ##[group]Run npm test -- --runInBand
2026-09-07T20:48:17.5316233Z npm test -- --runInBand
2026-09-07T20:48:17.5344437Z shell: /usr/bin/bash -e {0}
2026-09-07T20:48:17.5344786Z env:
2026-09-07T20:48:17.5345152Z   pythonLocation: /opt/hostedtoolcache/Python/3.13.15/x64
2026-09-07T20:48:17.5345628Z   PKG_CONFIG_PATH: /opt/hostedtoolcache/Python/3.13.15/x64/lib/pkgconfig
2026-09-07T20:48:17.5346092Z   Python_ROOT_DIR: /opt/hostedtoolcache/Python/3.13.15/x64
2026-09-07T20:48:17.5346494Z   Python2_ROOT_DIR: /opt/hostedtoolcache/Python/3.13.15/x64
2026-09-07T20:48:17.5346932Z   Python3_ROOT_DIR: /opt/hostedtoolcache/Python/3.13.15/x64
2026-09-07T20:48:17.5347310Z   LD_LIBRARY_PATH: /opt/hostedtoolcache/Python/3.13.15/x64/lib
2026-09-07T20:48:17.5347699Z ##[endgroup]
2026-09-07T20:48:17.6316591Z
2026-09-07T20:48:17.6317397Z > uskoci-app@1.0.0 test
2026-09-07T20:48:17.6318180Z > jest --runInBand
2026-09-07T20:48:17.6318455Z
2026-09-07T20:48:20.2554079Z PASS src/data/__tests__/agreement-outbox.test.ts
2026-09-07T20:48:21.0501198Z PASS src/data/__tests__/auth-entry-surface.test.tsx
2026-09-07T20:48:21.2246343Z PASS src/store/__tests__/session-epoch.test.ts
2026-09-07T20:48:21.4777412Z PASS src/data/__tests__/agreement-screen-recovery.test.tsx
2026-09-07T20:48:21.5919871Z PASS src/data/__tests__/auth-entry-hooks.test.tsx
2026-09-07T20:48:27.2483557Z PASS src/store/__tests__/session-layout.test.tsx (5.644 s)
2026-09-07T20:48:27.3627079Z PASS src/data/__tests__/cdl-a09-worker-profile-equivalence.test.ts
2026-09-07T20:48:27.5151600Z PASS src/data/__tests__/profile-hub.test.tsx
2026-09-07T20:48:27.6621397Z PASS src/data/__tests__/agreement-chat-ui.test.tsx
2026-09-07T20:48:27.7633825Z PASS src/store/__tests__/return-target-ownership.test.ts
2026-09-07T20:48:27.8507077Z PASS src/data/__tests__/cdl-a03-need-read-equivalence.test.ts
2026-09-07T20:48:27.9611623Z PASS src/data/__tests__/cdl-a02-agreement-mutation-equivalence.test.ts
2026-09-07T20:48:28.0880302Z PASS scripts/__tests__/eas-preview-guard.test.ts
2026-09-07T20:48:30.8448250Z PASS src/data/__tests__/m02-atomski-izbor.test.ts
2026-09-07T20:48:30.9216156Z PASS src/data/__tests__/cdl-a01-agreement-read-equivalence.test.ts
2026-09-07T20:48:34.3006675Z PASS src/data/__tests__/r02-ai-nacrt.test.ts
2026-09-07T20:48:34.3997524Z PASS src/data/__tests__/notification-preferences-client.test.ts
2026-09-07T20:48:34.5021208Z PASS src/data/__tests__/inbox-model.test.ts
2026-09-07T20:48:34.5931903Z PASS src/data/__tests__/auth-client.test.ts
2026-09-07T20:48:34.6528228Z PASS src/data/__tests__/ru5-p0c03-application-client.test.ts
2026-09-07T20:48:34.7252185Z PASS src/data/__tests__/cdl-a10-ai-command-shadow-equivalence.test.ts
2026-09-07T20:48:36.0646426Z PASS scripts/__tests__/firebase-config.test.ts
2026-09-07T20:48:36.1663251Z PASS src/data/__tests__/entry-intro-hook.test.tsx
2026-09-07T20:48:36.2552267Z PASS src/data/__tests__/entry-splash-ready-hook.test.tsx
2026-09-07T20:48:36.3508124Z PASS src/data/__tests__/auth-availability-client.test.ts
2026-09-07T20:48:36.4418942Z PASS src/data/__tests__/own-profile-client.test.ts
2026-09-07T20:48:36.4951136Z PASS src/data/__tests__/ru5-p0c01-public-profile.test.ts
2026-09-07T20:48:36.5571734Z PASS __tests__/notificationMessageEventContract.test.ts
2026-09-07T20:48:36.6347705Z PASS src/data/__tests__/agreement-message-client.test.ts
2026-09-07T20:48:36.7153025Z PASS src/data/__tests__/agreement-message-read.test.ts
2026-09-07T20:48:36.7769856Z PASS src/data/__tests__/cdl-a12-ai-publish-shadow-equivalence.test.ts
2026-09-07T20:48:36.8504909Z PASS __tests__/tabLayoutSafeAreaContract.test.ts
2026-09-07T20:48:39.4544247Z PASS src/data/__tests__/m07-zavrsetak.test.ts
2026-09-07T20:48:39.5091616Z PASS src/data/__tests__/cdl-a05-phone-grant-equivalence.test.ts
2026-09-07T20:48:41.8704048Z PASS src/data/__tests__/m04-privatnost-kontakt.test.ts
2026-09-07T20:48:42.0350809Z PASS __tests__/routerDecoderDependencyContract.test.ts
2026-09-07T20:48:42.0858478Z PASS __tests__/notificationSelectionEventContract.test.ts
2026-09-07T20:48:42.1476653Z PASS src/data/__tests__/cdl-a08-exact-location-equivalence.test.ts
2026-09-07T20:48:42.1983292Z PASS src/data/__tests__/cdl-a07-completion-mark-equivalence.test.ts
2026-09-07T20:48:42.2692644Z PASS src/data/__tests__/focused-resource-hook.test.tsx
2026-09-07T20:48:42.3267286Z PASS src/data/__tests__/opportunities-read.test.ts
2026-09-07T20:48:42.3938267Z PASS src/data/__tests__/ru2-ai-v2-ui.test.ts
2026-09-07T20:48:42.4432821Z PASS src/data/__tests__/cdl-a06-problem-report-equivalence.test.ts
2026-09-07T20:48:42.6233816Z PASS src/data/__tests__/entry-brand-scene-clock.test.tsx
2026-09-07T20:48:42.6745323Z PASS src/data/__tests__/cdl-a11-ai-conversation-shadow-equivalence.test.ts
2026-09-07T20:48:42.7336672Z PASS src/data/__tests__/cdl-a04-response-viewed-equivalence.test.ts
2026-09-07T20:48:42.7912367Z PASS src/store/__tests__/auth-runtime.test.ts
2026-09-07T20:48:42.8743310Z PASS src/data/__tests__/inbox-client.test.ts
2026-09-07T20:48:42.9243589Z PASS src/data/__tests__/focused-resource.test.ts
2026-09-07T20:48:42.9949695Z PASS src/data/__tests__/entry-intent-client.test.ts
2026-09-07T20:48:43.0397689Z PASS __tests__/ru5DevicePostflightSqlContract.test.ts
2026-09-07T20:48:43.1142610Z PASS src/data/__tests__/agreement-outbox-hook.test.tsx
2026-09-07T20:48:43.1620008Z PASS __tests__/notificationForwardAdmissionContract.test.ts
2026-09-07T20:48:43.2193273Z PASS __tests__/inboxBackendContract.test.ts
2026-09-07T20:48:43.2644226Z PASS src/data/__tests__/ru5-p0d01-candidate-projection-contract.test.ts
2026-09-07T20:48:43.3167922Z PASS __tests__/entrySafeAreaContract.test.ts
2026-09-07T20:48:43.3606844Z PASS __tests__/notificationPushRegistryContract.test.ts
2026-09-07T20:48:43.4149663Z PASS __tests__/notificationAgreementChangeContract.test.ts
2026-09-07T20:48:43.4679600Z PASS src/lib/__tests__/selectionIdempotency.test.ts
2026-09-07T20:48:43.5941390Z PASS __tests__/nativeBuildDependencyContract.test.ts
2026-09-07T20:48:43.6363803Z PASS src/data/__tests__/aiNeedV2Ui.test.ts
2026-09-07T20:48:43.6374981Z
2026-09-07T20:48:43.6383622Z Test Suites: 61 passed, 61 total
2026-09-07T20:48:43.6384574Z Tests:       540 passed, 540 total
2026-09-07T20:48:43.6385136Z Snapshots:   0 total
2026-09-07T20:48:43.6385816Z Time:        25.475 s
2026-09-07T20:48:43.6386302Z Ran all test suites.
2026-09-07T20:48:43.7747274Z Node 20 is being deprecated. This workflow is running with Node 24 by default. If you need to temporarily use Node 20, you can set the ACTIONS_ALLOW_USE_UNSECURE_NODE_VERSION=true environment variable. For more information see: https://github.blog/changelog/2025-09-19-deprecation-of-node-20-on-github-actions-runners/
2026-09-07T20:48:43.7748479Z Post job cleanup.
2026-09-07T20:48:43.8913659Z (node:2293) [DEP0040] DeprecationWarning: The `punycode` module is deprecated. Please use a userland alternative instead.
2026-09-07T20:48:43.8914558Z (Use `node --trace-deprecation ...` to show where the warning was created)
2026-09-07T20:48:43.8917863Z Cache hit occurred on the primary key node-cache-Linux-x64-npm-8397ea54b5b80fda2980aa993dfe2420b89679f27acfefdcdfd110c26b03facb, not saving cache.
2026-09-07T20:48:43.9011684Z Node 20 is being deprecated. This workflow is running with Node 24 by default. If you need to temporarily use Node 20, you can set the ACTIONS_ALLOW_USE_UNSECURE_NODE_VERSION=true environment variable. For more information see: https://github.blog/changelog/2025-09-19-deprecation-of-node-20-on-github-actions-runners/
2026-09-07T20:48:43.9013243Z Post job cleanup.
2026-09-07T20:48:44.0080087Z (node:2301) [DEP0040] DeprecationWarning: The `punycode` module is deprecated. Please use a userland alternative instead.
2026-09-07T20:48:44.0081117Z (Use `node --trace-deprecation ...` to show where the warning was created)
2026-09-07T20:48:44.0195123Z Node 20 is being deprecated. This workflow is running with Node 24 by default. If you need to temporarily use Node 20, you can set the ACTIONS_ALLOW_USE_UNSECURE_NODE_VERSION=true environment variable. For more information see: https://github.blog/changelog/2025-09-19-deprecation-of-node-20-on-github-actions-runners/
2026-09-07T20:48:44.0196310Z Post job cleanup.
2026-09-07T20:48:44.1024649Z [command]/usr/bin/git version
2026-09-07T20:48:44.1060038Z git version 2.55.0
2026-09-07T20:48:44.1093006Z Temporarily overriding HOME='/home/runner/work/_temp/c9c666bb-487d-4b85-a718-88b686d9ff74' before making global git config changes
2026-09-07T20:48:44.1094493Z Adding repository directory to the temporary git global config as a safe directory
2026-09-07T20:48:44.1098736Z [command]/usr/bin/git config --global --add safe.directory /home/runner/work/USKOCI-CLEAN/USKOCI-CLEAN
2026-09-07T20:48:44.1132402Z [command]/usr/bin/git config --local --name-only --get-regexp core\.sshCommand
2026-09-07T20:48:44.1162939Z [command]/usr/bin/git submodule foreach --recursive sh -c "git config --local --name-only --get-regexp 'core\.sshCommand' && git config --local --unset-all 'core.sshCommand' || :"
2026-09-07T20:48:44.1363780Z [command]/usr/bin/git config --local --name-only --get-regexp http\.https\:\/\/github\.com\/\.extraheader
2026-09-07T20:48:44.1383468Z http.https://github.com/.extraheader
2026-09-07T20:48:44.1393361Z [command]/usr/bin/git config --local --unset-all http.https://github.com/.extraheader
2026-09-07T20:48:44.1425079Z [command]/usr/bin/git submodule foreach --recursive sh -c "git config --local --name-only --get-regexp 'http\.https\:\/\/github\.com\/\.extraheader' && git config --local --unset-all 'http.https://github.com/.extraheader' || :"
2026-09-07T20:48:44.1626946Z [command]/usr/bin/git config --local --name-only --get-regexp ^includeIf\.gitdir:
2026-09-07T20:48:44.1662519Z [command]/usr/bin/git submodule foreach --recursive git config --local --show-origin --name-only --get-regexp remote.origin.url
2026-09-07T20:48:44.2043660Z Cleaning up orphan processes
2026-09-07T20:48:44.2290055Z ##[warning]Node.js 20 is deprecated. The following actions target Node.js 20 but are being forced to run on Node.js 24: actions/checkout@v4, actions/setup-node@v4, actions/setup-python@v5. For more information see: https://github.blog/changelog/2025-09-19-deprecation-of-node-20-on-github-actions-runners/
