09-27 23:32:47.102 31093 31178 I ReactNativeJS: [USKOCI_MAP_LOAD] ["map-mounted",1636]
09-27 23:33:02.222 31093 31178 I ReactNativeJS: [USKOCI_MAP_LOAD] ["deadline",16756]
09-27 23:33:04.605 31093 31178 I ReactNativeJS: [USKOCI_MAP_LOAD] ["frame-fully",19139]
09-27 23:33:04.605 31093 31178 I ReactNativeJS: [USKOCI_MAP_LOAD] ["map-loaded",19139]
09-27 23:35:32.392 31093 31178 I ReactNativeJS: [USKOCI_MAP_LOAD] ["retired",166926]
09-27 23:39:20.117 31093 31178 I ReactNativeJS: [USKOCI_MAP_LOAD] ["map-mounted",42]
09-27 23:39:32.734 31093 31178 I ReactNativeJS: [USKOCI_MAP_LOAD] ["frame-fully",12659]
09-27 23:39:32.735 31093 31178 I ReactNativeJS: [USKOCI_MAP_LOAD] ["map-loaded",12660]
09-27 23:43:00.648 31093 31178 I ReactNativeJS: [USKOCI_MAP_LOAD] ["retired",220573]
09-27 23:43:00.949 31093 31178 I ReactNativeJS: [USKOCI_DISCOVERY_TRACE] [1,"route-trace",1333,0]
09-27 23:43:01.133 31093 31178 I ReactNativeJS: [USKOCI_DISCOVERY_TRACE] [2,"route-focus",1333,0]
09-27 23:43:01.215 31093 31178 I ReactNativeJS: [USKOCI_DISCOVERY_TRACE] [3,"content",true,563.4,0,0,1333]
09-27 23:43:01.215 31093 31178 I ReactNativeJS: [USKOCI_DISCOVERY_TRACE] [4,"restore-check",true,false,false,1333,false,true,0,563.4]
09-27 23:43:01.215 31093 31178 I ReactNativeJS: [USKOCI_DISCOVERY_TRACE] [5,"layout",true,515.4,0,563.4,1333]
09-27 23:43:01.215 31093 31178 I ReactNativeJS: [USKOCI_DISCOVERY_TRACE] [6,"restore-check",true,false,false,1333,false,true,515.4,563.4]
09-27 23:43:01.216 31093 31178 I ReactNativeJS: [USKOCI_DISCOVERY_TRACE] [7,"scroll0",true,false,1333,-1,false,1333,true,true,true,true]
09-27 23:43:01.216 31093 31178 I ReactNativeJS: [USKOCI_DISCOVERY_TRACE] [8,"scroll-reject",0,true,true,true,false]
09-27 23:43:01.216 31093 31178 I ReactNativeJS: [USKOCI_DISCOVERY_TRACE] [9,"ready",false,1,true,1333,1333,743.1,true,true,true,515.4,563.4,560,-1,-1,false]
09-27 23:43:01.715 31093 31178 I ReactNativeJS: [USKOCI_DISCOVERY_TRACE] [10,"ready",false,1,true,1333,1333,695.2,true,true,true,515.4,563.4,560,0,-1,false]
09-27 23:43:03.691 31093 31178 I ReactNativeJS: [USKOCI_DISCOVERY_TRACE] [11,"focus",3,1333,1333,true,0,true,false,false]
09-27 23:43:03.691 31093 31178 I ReactNativeJS: [USKOCI_DISCOVERY_TRACE] [12,"restore-check",true,true,false,1333,false,true,515.4,0]
09-27 23:43:03.821 31093 31178 I ReactNativeJS: [USKOCI_DISCOVERY_TRACE] [13,"content",true,2885.7,0,515.4,1333]
09-27 23:43:03.822 31093 31178 I ReactNativeJS: [USKOCI_DISCOVERY_TRACE] [14,"restore-check",true,true,false,1333,false,true,515.4,2885.7]
09-27 23:43:03.906 31093 31178 I ReactNativeJS: [USKOCI_MAP_LOAD] ["map-mounted",81]
09-27 23:43:04.822 31093 31178 I ReactNativeJS: [USKOCI_DISCOVERY_TRACE] [15,"focus",3,1333,1333,true,0,true,false,false]
09-27 23:43:04.824 31093 31178 I ReactNativeJS: [USKOCI_DISCOVERY_TRACE] [16,"restore-check",true,true,false,1333,false,true,515.4,2885.7]
09-27 23:43:04.854 31093 31178 I ReactNativeJS: [USKOCI_DISCOVERY_TRACE] [17,"ready",false,1,true,1333,1333,757.6,true,true,true,515.4,2885.7,560,-1,-1,false]
09-27 23:43:05.040 31093 31178 I ReactNativeJS: [USKOCI_DISCOVERY_TRACE] [18,"content",true,2753.9,2885.7,515.4,1333]
09-27 23:43:05.040 31093 31178 I ReactNativeJS: [USKOCI_DISCOVERY_TRACE] [19,"restore-check",true,true,false,1333,false,true,515.4,2753.9]
09-27 23:43:05.417 31093 31178 I ReactNativeJS: [USKOCI_DISCOVERY_TRACE] [20,"ready",false,1,true,1333,1333,760.1,true,true,true,515.4,2753.9,560,-1,-1,false]
09-27 23:43:16.164 31093 31178 I ReactNativeJS: [USKOCI_DISCOVERY_TRACE] [21,"restore-check",true,true,false,1333,false,true,515.4,2753.9]
09-27 23:43:16.438 31093 31178 I ReactNativeJS: [USKOCI_DISCOVERY_TRACE] [22,"ready",false,1,true,1333,1333,766.2,true,true,true,515.4,2753.9,560,0,-1,false]
09-27 23:43:19.208 31093 31178 I ReactNativeJS: [USKOCI_MAP_LOAD] ["deadline",15383]
09-27 23:43:22.388 31093 31178 I ReactNativeJS: [USKOCI_MAP_LOAD] ["frame-fully",18563]
09-27 23:43:22.432 31093 31178 I ReactNativeJS: [USKOCI_MAP_LOAD] ["map-loaded",18607]
09-27 23:43:41.117 31093 31178 I ReactNativeJS: [USKOCI_DISCOVERY_TRACE] [23,"route-view",true,1333,1333,0]
09-27 23:43:42.415 31093 31178 I ReactNativeJS: [USKOCI_DISCOVERY_TRACE] [24,"restore-check",true,true,false,1333,false,true,515.4,2753.9]
09-27 23:43:42.440 31093 31178 I ReactNativeJS: [USKOCI_DISCOVERY_TRACE] [25,"focus",3,1333,1333,true,0,true,false,false]
09-27 23:43:42.441 31093 31178 I ReactNativeJS: [USKOCI_DISCOVERY_TRACE] [26,"restore-check",true,true,false,1333,false,true,515.4,2753.9]
09-27 23:43:44.098 31093 31178 I ReactNativeJS: [USKOCI_DISCOVERY_TRACE] [27,"ready",false,1,true,1333,1333,766.2,true,true,true,515.4,2753.9,560,-1,-1,false]
09-27 23:43:44.400 31093 31178 I ReactNativeJS: [USKOCI_DISCOVERY_TRACE] [28,"ready",false,1,true,1333,1333,695.2,true,true,true,515.4,2753.9,560,0,-1,false]
09-27 23:44:22.592 31093 31178 I ReactNativeJS: [USKOCI_DISCOVERY_TRACE] [29,"route-view",true,1333,1333,2]
09-27 23:44:22.610 31093 31178 I ReactNativeJS: [USKOCI_DISCOVERY_TRACE] [30,"focus",3,1333,1333,true,2,true,false,false]
09-27 23:44:22.610 31093 31178 I ReactNativeJS: [USKOCI_DISCOVERY_TRACE] [31,"restore-check",true,true,false,1333,false,true,515.4,2753.9]
09-27 23:44:22.610 31093 31178 I ReactNativeJS: [USKOCI_DISCOVERY_TRACE] [32,"geometry",767,135,135,72,64,true,2,515.4,2753.9]
09-27 23:44:22.657 31093 31178 I ReactNativeJS: [USKOCI_DISCOVERY_TRACE] [33,"content",true,2801.9,2753.9,515.4,1333]
09-27 23:44:22.657 31093 31178 I ReactNativeJS: [USKOCI_DISCOVERY_TRACE] [34,"restore-check",true,true,false,1333,false,true,515.4,2801.9]
09-27 23:44:25.492 31093 31178 I ReactNativeJS: [USKOCI_DISCOVERY_TRACE] [35,"focus",3,1333,1333,true,2,true,false,false]
09-27 23:44:25.497 31093 31178 I ReactNativeJS: [USKOCI_DISCOVERY_TRACE] [36,"restore-check",true,true,false,1333,false,true,515.4,2801.9]
09-27 23:44:25.497 31093 31178 I ReactNativeJS: [USKOCI_DISCOVERY_TRACE] [37,"geometry",767,71,71,72,64,true,2,515.4,2801.9]
09-27 23:44:25.616 31093 31178 I ReactNativeJS: [USKOCI_DISCOVERY_TRACE] [38,"ready",false,1,true,1333,1333,135.2,true,true,true,515.4,2801.9,560,-1,-1,false]
09-27 23:44:25.619 31093 31178 I ReactNativeJS: [USKOCI_DISCOVERY_TRACE] [39,"layout",true,624,515.4,2801.9,1333]
09-27 23:44:25.622 31093 31178 I ReactNativeJS: [USKOCI_DISCOVERY_TRACE] [40,"restore-check",true,true,false,1333,false,true,624,2801.9]
09-27 23:44:25.627 31093 31178 I ReactNativeJS: [USKOCI_DISCOVERY_TRACE] [41,"restore-check",true,true,false,1333,false,true,624,2801.9]
09-27 23:44:25.634 31093 31178 I ReactNativeJS: [USKOCI_DISCOVERY_TRACE] [42,"index",2,2,true]
09-27 23:44:25.635 31093 31178 I ReactNativeJS: [USKOCI_DISCOVERY_TRACE] [43,"ready",true,2,true,1333,1333,135.2,true,true,true,624,2801.9,560,2,-1,true]
09-27 23:44:25.781 31093 31178 I ReactNativeJS: [USKOCI_DISCOVERY_TRACE] [44,"ready",false,1,true,1333,1333,135.2,true,true,true,624,2801.9,624,-1,-1,false]
09-27 23:44:28.788 31093 31178 I ReactNativeJS: [USKOCI_DISCOVERY_TRACE] [45,"ready",true,2,true,1333,1333,71.2,true,true,true,624,2801.9,624,2,-1,true]
09-27 23:44:28.807 31093 31178 I ReactNativeJS: [USKOCI_DISCOVERY_TRACE] [46,"restore-check",true,true,true,1333,false,true,624,2801.9]
09-27 23:44:28.811 31093 31178 I ReactNativeJS: [USKOCI_DISCOVERY_TRACE] [47,"request",1333,1333,2801.9,624]
09-27 23:44:28.878 31093 31178 I ReactNativeJS: [USKOCI_DISCOVERY_TRACE] [48,"ack",1333,1333,1333]
09-27 23:44:28.884 31093 31178 I ReactNativeJS: [USKOCI_DISCOVERY_TRACE] [49,"ready",true,2,true,-1,1333,71.2,true,true,true,624,2801.9,624,2,1333,true]
09-27 23:44:29.407 31093 31178 I ReactNativeJS: [USKOCI_DISCOVERY_TRACE] [50,"write-offset",1333,1333]
09-27 23:44:33.972 31093 31178 I ReactNativeJS: [USKOCI_DISCOVERY_TRACE] [51,"route-blur",1333,2]
09-27 23:44:33.974 31093 31178 I ReactNativeJS: [USKOCI_DISCOVERY_TRACE] [52,"seed",3,1333,1333,false,true,2]
09-27 23:44:34.180 31093 31178 I ReactNativeJS: [USKOCI_MAP_LOAD] ["retired",90355]
09-27 23:44:34.194 31093 31178 I ReactNativeJS: [USKOCI_DISCOVERY_TRACE] [53,"focus",3,1333,1333,true,2,false,true,false]
09-27 23:44:34.194 31093 31178 I ReactNativeJS: [USKOCI_DISCOVERY_TRACE] [54,"restore-check",true,false,true,1333,false,true,0,0]
09-27 23:44:34.534 31093 31178 I ReactNativeJS: [USKOCI_DISCOVERY_TRACE] [55,"blur",4,1333,1333,true,2,false,true,false]
09-27 23:44:34.743 31093 31178 I ReactNativeJS: [USKOCI_DISCOVERY_TRACE] [56,"content",false,624,0,0,-1]
09-27 23:44:34.745 31093 31178 I ReactNativeJS: [USKOCI_DISCOVERY_TRACE] [57,"layout",false,576,0,0,-1]
09-27 23:44:34.745 31093 31178 I ReactNativeJS: [USKOCI_DISCOVERY_TRACE] [58,"scroll0",false,false,-1,-1,false,1333,true,true,false,false]
09-27 23:44:34.745 31093 31178 I ReactNativeJS: [USKOCI_DISCOVERY_TRACE] [59,"scroll-reject",0,true,false,false,false]
09-27 23:44:34.745 31093 31178 I ReactNativeJS: [USKOCI_DISCOVERY_TRACE] [60,"ready",true,2,false,-1,1333,71.2,true,false,false,0,0,624,2,-1,true]
09-27 23:44:34.746 31093 31178 I ReactNativeJS: [USKOCI_DISCOVERY_TRACE] [61,"ready",true,2,false,-1,1333,71.2,true,false,false,0,0,624,2,-1,true]
09-27 23:44:34.821 31093 31178 I ReactNativeJS: [USKOCI_DISCOVERY_TRACE] [62,"ready",true,2,false,-1,1333,71.2,false,true,true,0,0,624,2,-1,true]
09-27 23:44:45.094 31093 31178 I ReactNativeJS: [USKOCI_DISCOVERY_TRACE] [63,"seed",5,1333,1333,false,true,2]
09-27 23:44:45.254 31093 31178 I ReactNativeJS: [USKOCI_DISCOVERY_TRACE] [64,"focus",5,1333,1333,true,2,false,true,false]
09-27 23:44:45.254 31093 31178 I ReactNativeJS: [USKOCI_DISCOVERY_TRACE] [65,"restore-check",true,false,false,1333,false,true,0,0]
09-27 23:44:45.937 31093 31178 I ReactNativeJS: [USKOCI_DISCOVERY_TRACE] [66,"route-focus",1333,2]
09-27 23:44:46.136 31093 31178 I ReactNativeJS: [USKOCI_DISCOVERY_TRACE] [67,"layout",true,624,0,0,1333]
09-27 23:44:46.139 31093 31178 I ReactNativeJS: [USKOCI_DISCOVERY_TRACE] [68,"ready",false,0,true,1333,1333,923.4,true,true,true,576,624,624,-1,-1,false]
09-27 23:44:46.549 31093 31178 I ReactNativeJS: [USKOCI_DISCOVERY_TRACE] [69,"ready",true,2,true,1333,1333,71.2,true,true,true,576,624,624,2,-1,true]
09-27 23:44:48.047 31093 31178 I ReactNativeJS: [USKOCI_DISCOVERY_TRACE] [70,"focus",5,1333,1333,true,2,true,false,false]
09-27 23:44:48.106 31093 31178 I ReactNativeJS: [USKOCI_DISCOVERY_TRACE] [71,"request",1333,1300.6,1924.6,624]
09-27 23:44:48.225 31093 31178 I ReactNativeJS: [USKOCI_MAP_LOAD] ["map-mounted",90]
09-27 23:44:51.639 31093 31178 I ReactNativeJS: [USKOCI_DISCOVERY_TRACE] [72,"focus",5,1333,1333,true,2,true,false,false]
09-27 23:44:51.639 31093 31178 I ReactNativeJS: [USKOCI_DISCOVERY_TRACE] [73,"request",1333,1300.6,1924.6,624]
09-27 23:44:51.840 31093 31178 I ReactNativeJS: [USKOCI_DISCOVERY_TRACE] [74,"ready",true,2,true,1333,1333,71.2,true,true,true,576,1924.6,624,2,-1,true]
09-27 23:44:51.845 31093 31178 I ReactNativeJS: [USKOCI_DISCOVERY_TRACE] [75,"request",1333,1333,2801.9,624]
09-27 23:44:52.172 31093 31178 I ReactNativeJS: [USKOCI_DISCOVERY_TRACE] [76,"ready",true,2,true,1333,1333,71.2,true,true,true,576,2801.9,624,2,-1,true]
09-27 23:44:52.301 31093 31178 I ReactNativeJS: [USKOCI_DISCOVERY_TRACE] [77,"ack",1333,1333,1333]
09-27 23:44:52.335 31093 31178 I ReactNativeJS: [USKOCI_DISCOVERY_TRACE] [78,"ready",true,2,true,-1,1333,71.2,true,true,true,576,2801.9,624,2,1333,true]
09-27 23:44:53.509 31093 31178 I ReactNativeJS: [USKOCI_DISCOVERY_TRACE] [79,"write-offset",1333,1333]
09-27 23:44:58.456 31093 31178 I ReactNativeJS: [USKOCI_MAP_LOAD] ["frame-fully",10321]
09-27 23:44:58.457 31093 31178 I ReactNativeJS: [USKOCI_MAP_LOAD] ["map-loaded",10322]
