PUBLIC NORMALIZED LOG COPY - credential values redacted where detected.
Original raw log retained outside Git in the workspace evidence archive.
Original SHA256: 166504caead5282d6a37051c9de32b43f5ee505128a584ae48e30de62ecfa7a1

APP_START returncode=0 stdout=Starting: Intent { cmp=rs.uskoci.n04proof/.MainActivity }
Status: ok
LaunchState: COLD
Activity: rs.uskoci.n04proof/.MainActivity
TotalTime: 1877
WaitTime: 1887
Complete
 stderr=
CHECKPOINT SIGNED_OUT_AUTH_NO_PRIVATE_TABS
CHECKPOINT AUTH_SHEET_OPEN attempt=1
CHECKPOINT UI_TEXT_ENTERED field=0 attempt=1
CHECKPOINT UI_TEXT_ENTERED field=1 attempt=1
EVIDENCE INBOX_requester_one_event
EVIDENCE INBOX_role_empty
EVIDENCE INBOX_requester_read_all
EVIDENCE INBOX_bell_zero
APP_START returncode=0 stdout=Starting: Intent { cmp=rs.uskoci.n04proof/.MainActivity }
Status: ok
LaunchState: COLD
Activity: rs.uskoci.n04proof/.MainActivity
TotalTime: 1632
WaitTime: 1640
Complete
 stderr=
CHECKPOINT SIGNED_OUT_AUTH_NO_PRIVATE_TABS
CHECKPOINT AUTH_SHEET_OPEN attempt=1
CHECKPOINT UI_TEXT_ENTERED field=0 attempt=1
CHECKPOINT UI_TEXT_ENTERED field=1 attempt=1
EVIDENCE INBOX_worker_selection_unread
EVIDENCE INBOX_selection_opens_real_agreement
EVIDENCE INBOX_selection_read_confirmed
EVIDENCE INBOX_next_page_available
EVIDENCE INBOX_second_page_loaded
EVIDENCE INBOX_worker_read_all
CHECKPOINT GATES_UNCHANGED {'publication_policy_bundles': '0', 'publication_decisions': '0', 'preselection_questions': '0', 'preselection_answers': '0', 'preselection_policy': '0', 'preselection_materiality': '0', 'preselection_commands': '0', 'fastest_needs': '0', 'autofill_selections': '0'}
PASS N04_PHYSICAL_INBOX two_real_auth event_read role_empty pagination bell agreement_target no_push
PASS NAV_LOCAL_FIXTURE extra_open_need original_N04_fixture_preserved production_not_touched
START PHYSICAL_INTENT_SHELL_JOURNEY
APP_START returncode=0 stdout=Starting: Intent { cmp=rs.uskoci.n04proof/.MainActivity }
Status: ok
LaunchState: COLD
Activity: rs.uskoci.n04proof/.MainActivity
TotalTime: 2559
WaitTime: 2601
Complete
 stderr=
CHECKPOINT SIGNED_OUT_AUTH_NO_PRIVATE_TABS
EVIDENCE ENTRY_welcome
CHECKPOINT AUTH_SHEET_OPEN attempt=1
EVIDENCE ENTRY_login
EVIDENCE ENTRY_empty_error
EVIDENCE ENTRY_recovery_gated
EVIDENCE ENTRY_registration
EVIDENCE ENTRY_back_to_welcome
APP_START returncode=0 stdout=Starting: Intent { cmp=rs.uskoci.n04proof/.MainActivity }
Status: ok
LaunchState: COLD
Activity: rs.uskoci.n04proof/.MainActivity
TotalTime: 1449
WaitTime: 1473
Complete
 stderr=
CHECKPOINT SIGNED_OUT_AUTH_NO_PRIVATE_TABS
EVIDENCE ENTRY_reduced_motion_welcome
PASS SPOJ_ENTRY_PHYSICAL welcome login empty_error recovery_gated registration back os_reduced_motion_welcome_reachable
APP_START returncode=0 stdout=Starting: Intent { cmp=rs.uskoci.n04proof/.MainActivity }
Status: ok
LaunchState: COLD
Activity: rs.uskoci.n04proof/.MainActivity
TotalTime: 1772
WaitTime: 1778
Complete
 stderr=
CHECKPOINT SIGNED_OUT_AUTH_NO_PRIVATE_TABS
CHECKPOINT AUTH_SHEET_OPEN attempt=1
CHECKPOINT UI_TEXT_ENTERED field=0 attempt=1
CHECKPOINT UI_TEXT_ENTERED field=1 attempt=1
CHECKPOINT THREE_ZONES intent=requester labels=('Zadaci', 'Novi Zadatak', 'Dogovori')
EVIDENCE NAV_requester_tasks
CHECKPOINT LOCAL_AI_CONVERSATION_OPEN account=edc61d5b-87c2-4aad-b467-bcb498dae343 before=0 after=1 no_message_no_publication
EVIDENCE NAV_requester_new_task
CHECKPOINT THREE_ZONES intent=requester labels=('Zadaci', 'Novi Zadatak', 'Dogovori')
CHECKPOINT THREE_ZONES intent=requester labels=('Zadaci', 'Novi Zadatak', 'Dogovori')
CHECKPOINT AGREEMENT_METADATA_VISIBLE intent=requester full_schedule full_amount within_card_and_screen bounds={'title': (87, 441, 790, 499), 'schedule': (142, 616, 311, 664), 'amount': (764, 616, 931, 664)}
EVIDENCE NAV_requester_agreements
CHECKPOINT OWN_PROFILE account=edc61d5b-87c2-4aad-b467-bcb498dae343 kind=REQUESTER actual_name_city no_dummy_trust
EVIDENCE NAV_requester_profile
CHECKPOINT THREE_ZONES intent=requester labels=('Zadaci', 'Novi Zadatak', 'Dogovori')
EVIDENCE NAV_profile_back
EVIDENCE NAV_inbox
CHECKPOINT THREE_ZONES intent=requester labels=('Zadaci', 'Novi Zadatak', 'Dogovori')
EVIDENCE NAV_inbox_back
CHECKPOINT THREE_ZONES intent=worker labels=('Prijave', 'Zadaci', 'Dogovori')
EVIDENCE NAV_same_account_worker_discovery
CHECKPOINT OWN_PROFILE account=edc61d5b-87c2-4aad-b467-bcb498dae343 kind=WORKER actual_name_city no_dummy_trust
EVIDENCE NAV_same_account_worker_profile
CHECKPOINT SIGNED_OUT_AUTH_NO_PRIVATE_TABS
EVIDENCE NAV_signed_out
CHECKPOINT SIGNED_OUT_AUTH_NO_PRIVATE_TABS
CHECKPOINT UI_TEXT_ENTERED field=0 attempt=1
CHECKPOINT UI_TEXT_ENTERED field=1 attempt=1
CHECKPOINT THREE_ZONES intent=requester labels=('Zadaci', 'Novi Zadatak', 'Dogovori')
EVIDENCE NAV_second_account_requester_empty
CHECKPOINT OWN_PROFILE account=9a956706-89b2-4639-8bab-6965461480d0 kind=REQUESTER actual_name_city no_dummy_trust
EVIDENCE NAV_second_account_profile
CHECKPOINT THREE_ZONES intent=worker labels=('Prijave', 'Zadaci', 'Dogovori')
EVIDENCE NAV_second_account_worker_discovery
EVIDENCE NAV_task_detail
CHECKPOINT THREE_ZONES intent=worker labels=('Prijave', 'Zadaci', 'Dogovori')
EVIDENCE NAV_task_detail_back
CHECKPOINT THREE_ZONES intent=worker labels=('Prijave', 'Zadaci', 'Dogovori')
EVIDENCE NAV_worker_applications
CHECKPOINT THREE_ZONES intent=worker labels=('Prijave', 'Zadaci', 'Dogovori')
CHECKPOINT AGREEMENT_METADATA_VISIBLE intent=worker full_schedule full_amount within_card_and_screen bounds={'title': (87, 441, 790, 499), 'schedule': (142, 664, 311, 712), 'amount': (764, 664, 931, 712)}
EVIDENCE NAV_worker_agreements
CHECKPOINT GATES_UNCHANGED {'publication_policy_bundles': '0', 'publication_decisions': '0', 'preselection_questions': '0', 'preselection_answers': '0', 'preselection_policy': '0', 'preselection_materiality': '0', 'preselection_commands': '0', 'fastest_needs': '0', 'autofill_selections': '0'}
PASS PHYSICAL_INTENT_SHELL two_intents three_zones real_profiles inbox_back detail_back ui_logout different_account_no_clear no_fake_map no_application_selection_mutation no_push
