09-28 00:45:27.040  1912  2099 I ReactNativeJS: [USKOCI_DISCOVERY_TRACE] [1,"seed",1,0,0,false,false,1]
09-28 00:45:27.972  1912  2099 I ReactNativeJS: [USKOCI_DISCOVERY_TRACE] [2,"focus",1,0,0,false,1,false,true,false]
09-28 00:45:27.993  1912  2099 I ReactNativeJS: [USKOCI_DISCOVERY_TRACE] [3,"geometry",0,124,124,76,56,false,1,0,0]
09-28 00:45:27.993  1912  2099 I ReactNativeJS: [USKOCI_DISCOVERY_TRACE] [4,"reanimated-settled-flag",false]
09-28 00:45:27.993  1912  2099 I ReactNativeJS: [USKOCI_DISCOVERY_TRACE] [5,"route-trace",0,-1]
09-28 00:45:28.292  1912  2099 I ReactNativeJS: [USKOCI_DISCOVERY_TRACE] [6,"route-focus",0,-1]
09-28 00:45:29.541  1912  2099 I ReactNativeJS: [USKOCI_DISCOVERY_TRACE] [7,"layout",true,563.4,0,0,-1]
09-28 00:45:29.546  1912  2099 I ReactNativeJS: [USKOCI_DISCOVERY_TRACE] [8,"content",true,563.4,0,563.4,-1]
09-28 00:45:29.546  1912  2099 I ReactNativeJS: [USKOCI_DISCOVERY_TRACE] [9,"layout",true,515.4,563.4,563.4,-1]
09-28 00:45:29.818  1912  2099 I ReactNativeJS: [USKOCI_DISCOVERY_TRACE] [10,"focus",1,0,0,false,1,false,true,false]
09-28 00:45:29.828  1912  2099 I ReactNativeJS: [USKOCI_DISCOVERY_TRACE] [11,"geometry",821,135,135,72,65,false,1,515.4,563.4]
09-28 00:45:29.947  1912  2099 I ReactNativeJS: [USKOCI_DISCOVERY_TRACE] [12,"ready",false,0,true,-1,0,923.4,true,true,true,515.4,563.4,0,-1,-1,false]
09-28 00:45:29.954  1912  2099 I ReactNativeJS: [USKOCI_DISCOVERY_TRACE] [13,"layout",true,614.1,515.4,563.4,-1]
09-28 00:45:29.954  1912  2099 I ReactNativeJS: [USKOCI_DISCOVERY_TRACE] [14,"content",true,614.1,563.4,614.1,-1]
09-28 00:45:29.954  1912  2099 I ReactNativeJS: [USKOCI_DISCOVERY_TRACE] [15,"layout",true,566.1,614.1,614.1,-1]
09-28 00:45:30.169  1912  2099 I ReactNativeJS: [USKOCI_DISCOVERY_TRACE] [16,"focus",1,0,0,false,1,false,true,false]
09-28 00:45:30.170  1912  2099 I ReactNativeJS: [USKOCI_DISCOVERY_TRACE] [17,"geometry",767,135,135,72,65,false,1,566.1,614.1]
09-28 00:45:33.824  1912  2099 I ReactNativeJS: [USKOCI_DISCOVERY_TRACE] [18,"ready",false,0,true,-1,0,923.4,true,true,true,566.1,614.1,560,-1,-1,false]
09-28 00:45:33.882  1912  2099 I ReactNativeJS: [USKOCI_DISCOVERY_TRACE] [19,"layout",true,560,566.1,614.1,-1]
09-28 00:45:34.200  1912  2099 I ReactNativeJS: [USKOCI_DISCOVERY_TRACE] [20,"content",true,563.4,614.1,560,-1]
09-28 00:45:34.438  1912  2099 I ReactNativeJS: [USKOCI_DISCOVERY_TRACE] [21,"layout",true,515.4,560,563.4,-1]
09-28 00:45:41.225  1912  2099 I ReactNativeJS: [USKOCI_DISCOVERY_TRACE] [22,"index",1,1,true]
09-28 00:45:41.263  1912  2099 I ReactNativeJS: [USKOCI_DISCOVERY_TRACE] [23,"ready",false,1,true,-1,0,383.2,true,true,true,515.4,563.4,560,1,-1,false]
09-28 00:45:44.223  1912  2099 I ReactNativeJS: [USKOCI_DISCOVERY_TRACE] [24,"focus",1,0,0,false,1,false,false,true]
09-28 00:45:44.263  1912  2099 I ReactNativeJS: [USKOCI_DISCOVERY_TRACE] [25,"content",true,560,563.4,515.4,-1]
09-28 00:45:44.263  1912  2099 I ReactNativeJS: [USKOCI_DISCOVERY_TRACE] [26,"layout",true,512,515.4,560,-1]
09-28 00:46:26.204  1912  2099 I ReactNativeJS: [USKOCI_DISCOVERY_TRACE] [27,"refresh",true,-1]
09-28 00:46:26.840  1912  2099 I ReactNativeJS: [USKOCI_DISCOVERY_TRACE] [28,"focus",1,0,0,false,1,false,true,false]
09-28 00:46:27.094  1912  2099 I ReactNativeJS: [USKOCI_DISCOVERY_TRACE] [29,"content",true,563.4,560,512,-1]
09-28 00:46:27.148  1912  2099 I ReactNativeJS: [USKOCI_DISCOVERY_TRACE] [30,"layout",true,515.4,512,563.4,-1]
09-28 00:46:33.841  1912  2099 I ReactNativeJS: [USKOCI_DISCOVERY_TRACE] [31,"route-view",true,0,0,0]
09-28 00:46:33.841  1912  2099 I ReactNativeJS: [USKOCI_DISCOVERY_TRACE] [32,"focus",1,0,0,false,1,true,false,false]
09-28 00:46:33.995  1912  2099 I ReactNativeJS: [USKOCI_DISCOVERY_TRACE] [33,"focus",1,0,0,false,0,true,false,false]
09-28 00:46:34.001  1912  2099 I ReactNativeJS: [USKOCI_DISCOVERY_TRACE] [34,"geometry",767,135,135,72,65,false,0,515.4,0]
09-28 00:46:34.166  1912  2099 I ReactNativeJS: [USKOCI_DISCOVERY_TRACE] [35,"content",true,1876.6,0,515.4,-1]
09-28 00:46:34.389  1912  2099 I ReactNativeJS: [USKOCI_DISCOVERY_TRACE] [36,"geometry",767,135,135,72,64,false,0,515.4,1876.6]
09-28 00:46:34.617  1912  2099 I ReactNativeJS: [USKOCI_DISCOVERY_TRACE] [37,"ready",false,1,true,-1,0,383.2,true,true,true,515.4,1876.6,560,-1,-1,false]
09-28 00:46:36.122  1912  2099 I ReactNativeJS: [USKOCI_DISCOVERY_TRACE] [38,"focus",1,0,0,false,0,true,false,false]
09-28 00:46:36.481  1912  2099 I ReactNativeJS: [USKOCI_DISCOVERY_TRACE] [39,"content",true,1744.8,1876.6,515.4,-1]
09-28 00:46:37.380  1912  2099 I ReactNativeJS: [USKOCI_DISCOVERY_TRACE] [40,"content",true,2259.4,1744.8,515.4,-1]
09-28 00:46:51.288  1912  2099 I ReactNativeJS: [USKOCI_DISCOVERY_TRACE] [41,"ready",false,1,true,-1,0,690,true,true,true,515.4,2259.4,560,-1,-1,false]
09-28 00:46:52.311  1912  2099 I ReactNativeJS: [USKOCI_DISCOVERY_TRACE] [42,"index",0,0,true]
09-28 00:46:52.439  1912  2099 I ReactNativeJS: [USKOCI_DISCOVERY_TRACE] [43,"ready",false,1,true,-1,0,695.2,true,true,true,515.4,2259.4,560,0,-1,false]
09-28 00:46:52.463  1912  2099 I ReactNativeJS: [USKOCI_DISCOVERY_TRACE] [44,"content",true,2496.8,2259.4,515.4,-1]
09-28 00:47:06.350  1912  2099 I ReactNativeJS: [USKOCI_DISCOVERY_TRACE] [45,"route-view",true,0,0,0]
09-28 00:47:27.873  1912  2099 I ReactNativeJS: [USKOCI_DISCOVERY_TRACE] [46,"route-view",true,0,0,2]
09-28 00:47:27.874  1912  2099 I ReactNativeJS: [USKOCI_DISCOVERY_TRACE] [47,"focus",1,0,0,false,2,true,false,false]
09-28 00:47:27.874  1912  2099 I ReactNativeJS: [USKOCI_DISCOVERY_TRACE] [48,"geometry",767,135,135,72,64,false,2,515.4,2496.8]
09-28 00:47:27.923  1912  2099 I ReactNativeJS: [USKOCI_DISCOVERY_TRACE] [49,"content",true,2544.8,2496.8,515.4,-1]
09-28 00:47:28.145  1912  2099 I ReactNativeJS: [USKOCI_DISCOVERY_TRACE] [50,"ready",false,1,true,-1,0,553.4,true,true,true,515.4,2544.8,560,-1,-1,false]
09-28 00:47:32.775  1912  2099 I ReactNativeJS: [USKOCI_DISCOVERY_TRACE] [51,"index",2,2,true]
09-28 00:47:32.775  1912  2099 I ReactNativeJS: [USKOCI_DISCOVERY_TRACE] [52,"ready",true,2,true,-1,0,135.2,true,true,true,515.4,2544.8,560,2,-1,true]
09-28 00:47:54.224  1912  2099 I ReactNativeJS: [USKOCI_DISCOVERY_TRACE] [53,"drag",true,true,-1,0]
09-28 00:47:54.234  1912  2099 I ReactNativeJS: [USKOCI_DISCOVERY_TRACE] [54,"ready",true,2,true,-1,0,135.2,true,true,true,515.4,2544.8,560,2,-1,false]
09-28 00:47:54.261  1912  2099 I ReactNativeJS: [USKOCI_DISCOVERY_TRACE] [55,"ready",true,2,true,-1,0,135.2,true,true,true,515.4,2544.8,560,-1,-1,false]
09-28 00:47:54.288  1912  2099 I ReactNativeJS: [USKOCI_DISCOVERY_TRACE] [56,"scroll",52.6,0,false]
09-28 00:47:54.306  1912  2099 I ReactNativeJS: [USKOCI_DISCOVERY_TRACE] [57,"fold",true,52.6,560,2544.8,64]
09-28 00:47:54.405  1912  2099 I ReactNativeJS: [USKOCI_DISCOVERY_TRACE] [58,"geometry",767,135,135,72,64,true,2,515.4,2544.8]
09-28 00:47:55.799  1912  2099 I ReactNativeJS: [USKOCI_DISCOVERY_TRACE] [59,"focus",1,0,52.6,true,2,true,false,false]
09-28 00:47:55.799  1912  2099 I ReactNativeJS: [USKOCI_DISCOVERY_TRACE] [60,"geometry",767,71,71,72,64,true,2,515.4,2544.8]
09-28 00:47:55.964  1912  2099 I ReactNativeJS: [USKOCI_DISCOVERY_TRACE] [61,"scroll-reject",91.4,true,true,true,true]
09-28 00:47:56.039  1912  2099 I ReactNativeJS: [USKOCI_DISCOVERY_TRACE] [62,"layout",true,624,515.4,2544.8,-1]
09-28 00:47:56.040  1912  2099 I ReactNativeJS: [USKOCI_DISCOVERY_TRACE] [63,"ready",true,2,true,-1,52.6,135.2,true,true,true,624,2544.8,560,2,-1,false]
09-28 00:47:56.040  1912  2099 I ReactNativeJS: [USKOCI_DISCOVERY_TRACE] [64,"ready",true,2,true,-1,52.6,135.2,true,true,true,624,2544.8,560,2,91.4,true]
09-28 00:47:56.040  1912  2099 I ReactNativeJS: [USKOCI_DISCOVERY_TRACE] [65,"ready",true,2,true,-1,52.6,135.2,true,true,true,624,2544.8,560,2,-1,false]
09-28 00:47:56.040  1912  2099 I ReactNativeJS: [USKOCI_DISCOVERY_TRACE] [66,"write-offset",0,53]
09-28 00:47:56.040  1912  2099 I ReactNativeJS: [USKOCI_DISCOVERY_TRACE] [67,"route-view",true,0,53,2]
09-28 00:47:56.040  1912  2099 I ReactNativeJS: [USKOCI_DISCOVERY_TRACE] [68,"ready",true,2,true,-1,52.6,135.2,true,true,true,624,2544.8,560,2,-1,true]
09-28 00:47:56.041  1912  2099 I ReactNativeJS: [USKOCI_DISCOVERY_TRACE] [69,"ready",false,1,true,-1,52.6,135.2,true,true,true,624,2544.8,624,-1,-1,false]
09-28 00:47:56.461  1912  2099 I ReactNativeJS: [USKOCI_DISCOVERY_TRACE] [70,"content",true,2801.9,2544.8,624,-1]
09-28 00:48:10.174  1912  2099 I ReactNativeJS: [USKOCI_DISCOVERY_TRACE] [71,"ready",true,2,true,-1,52.6,71.2,true,true,true,624,2801.9,624,2,-1,true]
