09-28 00:05:59.266 I/ReactNativeJS(32546): [USKOCI_DISCOVERY_TRACE] [1,"seed",1,0,0,false,false,1]
09-28 00:06:00.148 I/ReactNativeJS(32546): [USKOCI_DISCOVERY_TRACE] [2,"focus",1,0,0,false,1,false,true,false]
09-28 00:06:00.148 I/ReactNativeJS(32546): [USKOCI_DISCOVERY_TRACE] [3,"geometry",0,124,124,76,56,false,1,0,0]
09-28 00:06:00.148 I/ReactNativeJS(32546): [USKOCI_DISCOVERY_TRACE] [4,"route-trace",0,-1]
09-28 00:06:00.284 I/ReactNativeJS(32546): [USKOCI_DISCOVERY_TRACE] [5,"route-focus",0,-1]
09-28 00:06:00.950 I/ReactNativeJS(32546): [USKOCI_DISCOVERY_TRACE] [6,"layout",true,563.4,0,0,-1]
09-28 00:06:00.950 I/ReactNativeJS(32546): [USKOCI_DISCOVERY_TRACE] [7,"content",true,563.4,0,563.4,-1]
09-28 00:06:00.950 I/ReactNativeJS(32546): [USKOCI_DISCOVERY_TRACE] [8,"layout",true,515.4,563.4,563.4,-1]
09-28 00:06:01.106 I/ReactNativeJS(32546): [USKOCI_DISCOVERY_TRACE] [9,"focus",1,0,0,false,1,false,true,false]
09-28 00:06:01.112 I/ReactNativeJS(32546): [USKOCI_DISCOVERY_TRACE] [10,"geometry",821,135,135,72,65,false,1,515.4,563.4]
09-28 00:06:01.474 I/ReactNativeJS(32546): [USKOCI_DISCOVERY_TRACE] [11,"layout",true,614.1,515.4,563.4,-1]
09-28 00:06:01.474 I/ReactNativeJS(32546): [USKOCI_DISCOVERY_TRACE] [12,"content",true,614.1,563.4,614.1,-1]
09-28 00:06:01.474 I/ReactNativeJS(32546): [USKOCI_DISCOVERY_TRACE] [13,"layout",true,566.1,614.1,614.1,-1]
09-28 00:06:01.540 I/ReactNativeJS(32546): [USKOCI_DISCOVERY_TRACE] [14,"focus",1,0,0,false,1,false,true,false]
09-28 00:06:01.540 I/ReactNativeJS(32546): [USKOCI_DISCOVERY_TRACE] [15,"geometry",767,135,135,72,65,false,1,566.1,614.1]
09-28 00:06:01.983 I/ReactNativeJS(32546): [USKOCI_DISCOVERY_TRACE] [16,"ready",false,0,true,-1,0,923.4,true,true,true,566.1,614.1,560,-1,-1,false]
09-28 00:06:01.983 I/ReactNativeJS(32546): [USKOCI_DISCOVERY_TRACE] [17,"layout",true,560,566.1,614.1,-1]
09-28 00:06:01.984 I/ReactNativeJS(32546): [USKOCI_DISCOVERY_TRACE] [18,"content",true,563.4,614.1,560,-1]
09-28 00:06:01.984 I/ReactNativeJS(32546): [USKOCI_DISCOVERY_TRACE] [19,"layout",true,515.4,560,563.4,-1]
09-28 00:06:12.071 I/ReactNativeJS(32546): [USKOCI_DISCOVERY_TRACE] [20,"route-view",true,0,0,0]
09-28 00:06:12.071 I/ReactNativeJS(32546): [USKOCI_DISCOVERY_TRACE] [21,"focus",1,0,0,false,1,true,false,false]
09-28 00:06:12.113 I/ReactNativeJS(32546): [USKOCI_DISCOVERY_TRACE] [22,"focus",1,0,0,false,0,true,false,false]
09-28 00:06:12.113 I/ReactNativeJS(32546): [USKOCI_DISCOVERY_TRACE] [23,"geometry",767,135,135,72,65,false,0,515.4,0]
09-28 00:06:12.168 I/ReactNativeJS(32546): [USKOCI_DISCOVERY_TRACE] [24,"index",1,1,true]
09-28 00:06:12.169 I/ReactNativeJS(32546): [USKOCI_DISCOVERY_TRACE] [25,"ready",false,1,true,-1,0,394.2,true,true,true,515.4,0,560,1,-1,false]
09-28 00:06:12.169 I/ReactNativeJS(32546): [USKOCI_DISCOVERY_TRACE] [26,"content",true,1876.6,0,515.4,-1]
09-28 00:06:12.229 I/ReactNativeJS(32546): [USKOCI_DISCOVERY_TRACE] [27,"geometry",767,135,135,72,64,false,0,515.4,1876.6]
09-28 00:06:12.233 I/ReactNativeJS(32546): [USKOCI_DISCOVERY_TRACE] [28,"ready",false,1,true,-1,0,394.2,true,true,true,515.4,1876.6,560,-1,-1,false]
09-28 00:06:12.365 I/ReactNativeJS(32546): [USKOCI_MAP_LOAD] ["map-mounted",60]
09-28 00:06:13.223 I/ReactNativeJS(32546): [USKOCI_DISCOVERY_TRACE] [29,"focus",1,0,0,false,0,true,false,false]
09-28 00:06:13.246 I/ReactNativeJS(32546): [USKOCI_DISCOVERY_TRACE] [30,"content",true,1744.8,1876.6,515.4,-1]
09-28 00:06:14.131 I/ReactNativeJS(32546): [USKOCI_DISCOVERY_TRACE] [31,"content",true,2259.4,1744.8,515.4,-1]
09-28 00:06:22.011 I/ReactNativeJS(32546): [USKOCI_DISCOVERY_TRACE] [32,"ready",false,1,true,-1,0,694.3,true,true,true,515.4,2259.4,560,-1,-1,false]
09-28 00:06:22.928 I/ReactNativeJS(32546): [USKOCI_DISCOVERY_TRACE] [33,"index",0,0,true]
09-28 00:06:22.929 I/ReactNativeJS(32546): [USKOCI_DISCOVERY_TRACE] [34,"ready",false,1,true,-1,0,695.2,true,true,true,515.4,2259.4,560,0,-1,false]
09-28 00:06:22.940 I/ReactNativeJS(32546): [USKOCI_DISCOVERY_TRACE] [35,"content",true,2496.8,2259.4,515.4,-1]
09-28 00:06:27.425 I/ReactNativeJS(32546): [USKOCI_MAP_LOAD] ["deadline",15120]
09-28 00:06:36.704 I/ReactNativeJS(32546): [USKOCI_MAP_LOAD] ["frame-fully",24399]
09-28 00:06:36.704 I/ReactNativeJS(32546): [USKOCI_MAP_LOAD] ["map-loaded",24399]
09-28 00:06:38.780 I/ReactNativeJS(32546): [USKOCI_DISCOVERY_TRACE] [36,"route-view",true,0,0,0]
09-28 00:07:32.884 I/ReactNativeJS(32546): [USKOCI_DISCOVERY_TRACE] [37,"route-view",true,0,0,2]
09-28 00:07:32.893 I/ReactNativeJS(32546): [USKOCI_DISCOVERY_TRACE] [38,"focus",1,0,0,false,2,true,false,false]
09-28 00:07:32.893 I/ReactNativeJS(32546): [USKOCI_DISCOVERY_TRACE] [39,"geometry",767,135,135,72,64,false,2,515.4,2496.8]
09-28 00:07:32.910 I/ReactNativeJS(32546): [USKOCI_DISCOVERY_TRACE] [40,"content",true,2544.8,2496.8,515.4,-1]
09-28 00:07:33.157 I/ReactNativeJS(32546): [USKOCI_DISCOVERY_TRACE] [41,"ready",false,1,true,-1,0,695.2,true,true,true,515.4,2544.8,560,-1,-1,false]
09-28 00:07:35.986 I/ReactNativeJS(32546): [USKOCI_DISCOVERY_TRACE] [42,"index",2,2,true]
09-28 00:07:36.202 I/ReactNativeJS(32546): [USKOCI_DISCOVERY_TRACE] [43,"ready",true,2,true,-1,0,135.2,true,true,true,515.4,2544.8,560,2,-1,true]
09-28 00:08:03.992 I/ReactNativeJS(32546): [USKOCI_DISCOVERY_TRACE] [44,"drag",true,true,-1,0]
09-28 00:08:03.993 I/ReactNativeJS(32546): [USKOCI_DISCOVERY_TRACE] [45,"ready",true,2,true,-1,0,135.2,true,true,true,515.4,2544.8,560,2,-1,false]
09-28 00:08:03.993 I/ReactNativeJS(32546): [USKOCI_DISCOVERY_TRACE] [46,"ready",true,2,true,-1,0,135.2,true,true,true,515.4,2544.8,560,-1,-1,false]
09-28 00:08:04.031 I/ReactNativeJS(32546): [USKOCI_DISCOVERY_TRACE] [47,"scroll",130.3,0,false]
09-28 00:08:04.031 I/ReactNativeJS(32546): [USKOCI_DISCOVERY_TRACE] [48,"fold",true,130.3,560,2544.8,64]
09-28 00:08:04.121 I/ReactNativeJS(32546): [USKOCI_DISCOVERY_TRACE] [49,"geometry",767,135,135,72,64,true,2,515.4,2544.8]
09-28 00:08:05.441 I/ReactNativeJS(32546): [USKOCI_DISCOVERY_TRACE] [50,"focus",1,0,130.3,true,2,true,false,false]
09-28 00:08:05.441 I/ReactNativeJS(32546): [USKOCI_DISCOVERY_TRACE] [51,"geometry",767,71,71,72,64,true,2,515.4,2544.8]
09-28 00:08:05.597 I/ReactNativeJS(32546): [USKOCI_DISCOVERY_TRACE] [52,"scroll-reject",173.3,true,true,true,true]
09-28 00:08:05.602 I/ReactNativeJS(32546): [USKOCI_DISCOVERY_TRACE] [53,"layout",true,624,515.4,2544.8,-1]
09-28 00:08:05.607 I/ReactNativeJS(32546): [USKOCI_DISCOVERY_TRACE] [54,"scroll",249.9,0,true]
09-28 00:08:05.607 I/ReactNativeJS(32546): [USKOCI_DISCOVERY_TRACE] [55,"scroll",344,0,true]
09-28 00:08:05.608 I/ReactNativeJS(32546): [USKOCI_DISCOVERY_TRACE] [56,"scroll",409.5,0,true]
09-28 00:08:05.608 I/ReactNativeJS(32546): [USKOCI_DISCOVERY_TRACE] [57,"ready",true,2,true,-1,409.5,135.2,true,true,true,624,2544.8,560,2,-1,false]
09-28 00:08:05.619 I/ReactNativeJS(32546): [USKOCI_DISCOVERY_TRACE] [58,"ready",true,2,true,-1,409.5,135.2,true,true,true,624,2544.8,560,2,-1,true]
09-28 00:08:05.623 I/ReactNativeJS(32546): [USKOCI_DISCOVERY_TRACE] [59,"ready",true,2,true,-1,409.5,135.2,true,true,true,624,2544.8,560,2,-1,false]
09-28 00:08:05.625 I/ReactNativeJS(32546): [USKOCI_DISCOVERY_TRACE] [60,"ready",true,2,true,-1,409.5,135.2,true,true,true,624,2544.8,560,2,-1,true]
09-28 00:08:05.626 I/ReactNativeJS(32546): [USKOCI_DISCOVERY_TRACE] [61,"drag",true,true,-1,409.5]
09-28 00:08:05.626 I/ReactNativeJS(32546): [USKOCI_DISCOVERY_TRACE] [62,"ready",true,2,true,-1,409.5,135.2,true,true,true,624,2544.8,560,2,-1,false]
09-28 00:08:05.631 I/ReactNativeJS(32546): [USKOCI_DISCOVERY_TRACE] [63,"ready",true,2,true,-1,409.5,135.2,true,true,true,624,2544.8,560,-1,-1,false]
09-28 00:08:05.631 I/ReactNativeJS(32546): [USKOCI_DISCOVERY_TRACE] [64,"scroll",438.5,0,true]
09-28 00:08:05.632 I/ReactNativeJS(32546): [USKOCI_DISCOVERY_TRACE] [65,"scroll",506.3,0,true]
09-28 00:08:05.632 I/ReactNativeJS(32546): [USKOCI_DISCOVERY_TRACE] [66,"scroll",603.4,0,true]
09-28 00:08:06.340 I/ReactNativeJS(32546): [USKOCI_DISCOVERY_TRACE] [67,"content",true,2801.9,2544.8,624,-1]
09-28 00:08:06.547 I/ReactNativeJS(32546): [USKOCI_DISCOVERY_TRACE] [68,"ready",false,1,true,-1,657.5,135.2,true,true,true,624,2801.9,624,-1,-1,false]
09-28 00:08:06.730 I/ReactNativeJS(32546): [USKOCI_DISCOVERY_TRACE] [69,"write-offset",0,658]
09-28 00:08:06.731 I/ReactNativeJS(32546): [USKOCI_DISCOVERY_TRACE] [70,"route-view",true,0,658,2]
09-28 00:08:08.888 I/ReactNativeJS(32546): [USKOCI_DISCOVERY_TRACE] [71,"ready",true,2,true,-1,657.5,71.2,true,true,true,624,2801.9,624,2,-1,true]
09-28 00:08:08.974 I/ReactNativeJS(32546): [USKOCI_DISCOVERY_TRACE] [72,"drag",true,true,-1,657.5]
09-28 00:08:08.985 I/ReactNativeJS(32546): [USKOCI_DISCOVERY_TRACE] [73,"ready",true,2,true,-1,657.5,71.2,true,true,true,624,2801.9,624,2,-1,false]
09-28 00:08:08.985 I/ReactNativeJS(32546): [USKOCI_DISCOVERY_TRACE] [74,"ready",true,2,true,-1,657.5,71.2,true,true,true,624,2801.9,624,-1,-1,false]
09-28 00:08:09.151 I/ReactNativeJS(32546): [USKOCI_DISCOVERY_TRACE] [75,"ready",true,2,true,-1,248.4,71.2,true,true,true,624,2801.9,624,2,-1,false]
09-28 00:08:09.153 I/ReactNativeJS(32546): [USKOCI_DISCOVERY_TRACE] [76,"ready",true,2,true,-1,248.4,71.2,true,true,true,624,2801.9,624,2,248.4,true]
09-28 00:08:09.169 I/ReactNativeJS(32546): [USKOCI_DISCOVERY_TRACE] [77,"ready",true,2,true,-1,248.4,71.2,true,true,true,624,2801.9,624,2,-1,false]
09-28 00:08:09.524 I/ReactNativeJS(32546): [USKOCI_DISCOVERY_TRACE] [78,"write-offset",658,248]
09-28 00:08:09.524 I/ReactNativeJS(32546): [USKOCI_DISCOVERY_TRACE] [79,"route-view",true,658,248,2]
09-28 00:08:11.157 I/ReactNativeJS(32546): [USKOCI_DISCOVERY_TRACE] [80,"ready",true,2,true,-1,248.4,71.2,true,true,true,624,2801.9,624,2,248.4,true]
09-28 00:08:37.721 I/ReactNativeJS(32546): [USKOCI_DISCOVERY_TRACE] [81,"route-blur",248,2]
09-28 00:08:37.723 I/ReactNativeJS(32546): [USKOCI_DISCOVERY_TRACE] [82,"seed",1,248,248.4,false,true,2]
09-28 00:08:38.013 I/ReactNativeJS(32546): [USKOCI_MAP_LOAD] ["retired",145708]
09-28 00:08:38.055 I/ReactNativeJS(32546): [USKOCI_DISCOVERY_TRACE] [83,"focus",1,248,248,true,2,false,true,false]
09-28 00:08:38.554 I/ReactNativeJS(32546): [USKOCI_DISCOVERY_TRACE] [84,"blur",2,248,248,true,2,false,true,false]
09-28 00:08:38.836 I/ReactNativeJS(32546): [USKOCI_DISCOVERY_TRACE] [85,"ready",true,2,false,-1,248,71.2,true,false,false,0,0,624,2,-1,true]
09-28 00:08:38.846 I/ReactNativeJS(32546): [USKOCI_DISCOVERY_TRACE] [86,"ready",true,2,false,-1,248,71.2,true,false,false,0,0,624,2,-1,true]
09-28 00:08:39.089 I/ReactNativeJS(32546): [USKOCI_DISCOVERY_TRACE] [87,"ready",true,2,false,-1,248,71.2,false,true,true,0,0,624,2,-1,true]
09-28 00:09:25.222 I/ReactNativeJS(32546): [USKOCI_DISCOVERY_TRACE] [88,"seed",3,248,248,false,true,2]
09-28 00:09:25.484 I/ReactNativeJS(32546): [USKOCI_DISCOVERY_TRACE] [89,"focus",3,248,248,true,2,false,true,false]
09-28 00:09:25.485 I/ReactNativeJS(32546): [USKOCI_DISCOVERY_TRACE] [90,"route-focus",248,2]
09-28 00:09:25.750 I/ReactNativeJS(32546): [USKOCI_DISCOVERY_TRACE] [91,"ready",false,0,true,248,248,923.4,true,true,true,576,624,624,-1,-1,false]
09-28 00:09:26.087 I/ReactNativeJS(32546): [USKOCI_DISCOVERY_TRACE] [92,"ready",true,2,true,248,248,71.2,true,true,true,576,624,624,2,-1,true]
09-28 00:09:29.006 I/ReactNativeJS(32546): [USKOCI_DISCOVERY_TRACE] [93,"focus",3,248,248,true,2,true,false,false]
09-28 00:09:29.139 I/ReactNativeJS(32546): [USKOCI_DISCOVERY_TRACE] [94,"request",248,248,1924.6,624]
09-28 00:09:29.756 I/ReactNativeJS(32546): [USKOCI_MAP_LOAD] ["map-mounted",609]
09-28 00:09:30.138 I/ReactNativeJS(32546): [USKOCI_DISCOVERY_TRACE] [95,"ack",248,248,248]
09-28 00:09:30.163 I/ReactNativeJS(32546): [USKOCI_DISCOVERY_TRACE] [96,"ready",true,2,true,-1,248,71.2,true,true,true,576,1924.6,624,2,248,true]
09-28 00:09:33.959 I/ReactNativeJS(32546): [USKOCI_DISCOVERY_TRACE] [97,"focus",3,248,248,true,2,true,false,false]
09-28 00:09:34.695 I/ReactNativeJS(32546): [USKOCI_DISCOVERY_TRACE] [98,"write-offset",248,248]
09-28 00:09:38.340 I/ReactNativeJS(32546): [USKOCI_DISCOVERY_TRACE] [99,"ready",true,2,true,-1,248,71.2,true,true,true,576,2801.9,624,2,-1,true]
09-28 00:09:44.865 I/ReactNativeJS(32546): [USKOCI_MAP_LOAD] ["deadline",15718]
09-28 00:09:46.172 I/ReactNativeJS(32546): [USKOCI_MAP_LOAD] ["frame-fully",17025]
09-28 00:09:46.174 I/ReactNativeJS(32546): [USKOCI_MAP_LOAD] ["map-loaded",17026]
