BEGIN
DO
SET
              set_config              
--------------------------------------
 ca5630d8-50b2-4e9e-b10e-4e0b3d8b877a
(1 row)

  set_config   
---------------
 authenticated
(1 row)

                                set_config                                
--------------------------------------------------------------------------
 {"sub": "ca5630d8-50b2-4e9e-b10e-4e0b3d8b877a", "role": "authenticated"}
(1 row)

DO
RESET
SET
 set_config 
------------
 
(1 row)

  set_config  
--------------
 service_role
(1 row)

       set_config        
-------------------------
 {"role":"service_role"}
(1 row)

DO
RESET
ROLLBACK
DO
                                           proof_result                                            
---------------------------------------------------------------------------------------------------
 PASS RU2_V2_SERVICE_SUPERSESSION repeated_key one_live_fact service_cannot_bind_need zero_residue
(1 row)

