BEGIN
DO
SET
              set_config              
--------------------------------------
 422290ff-ed46-400f-b60e-e601c5f19085
(1 row)

 set_config 
------------
 
(1 row)

DO
RESET
SET
DO
RESET
SET
              set_config              
--------------------------------------
 422290ff-ed46-400f-b60e-e601c5f19085
(1 row)

 set_config 
------------
 
(1 row)

DO
DO
RESET
SET
DO
RESET
SET
              set_config              
--------------------------------------
 422290ff-ed46-400f-b60e-e601c5f19085
(1 row)

 set_config 
------------
 
(1 row)

DO
              set_config              
--------------------------------------
 61574bb2-8469-4c10-8cee-51cfae696dcf
(1 row)

 set_config 
------------
 
(1 row)

DO
RESET
ROLLBACK
DO
                                                       proof_result                                                        
---------------------------------------------------------------------------------------------------------------------------
 PASS RU2_RUNTIME owner_attacker_service typed_correction review draft idempotency legacy_coexistence privacy zero_residue
(1 row)

