START_CHECK PREDECESSOR_REPEATED_SEND_CREATES_DISTINCT_MESSAGES_AND_EVENTS
PASS_CHECK PREDECESSOR_REPEATED_SEND_CREATES_DISTINCT_MESSAGES_AND_EVENTS
START_CHECK EXACT_FORWARD_APPLY_PRESERVES_ALL85_HISTORY_AND_OLD_MESSAGE_ROWS
PASS_CHECK EXACT_FORWARD_APPLY_PRESERVES_ALL85_HISTORY_AND_OLD_MESSAGE_ROWS
START_CHECK AUTHENTICATED_OWNER_COUNTERPART_OUTSIDER_AND_TOKEN_SWITCH_BOUNDARIES
PASS_CHECK AUTHENTICATED_OWNER_COUNTERPART_OUTSIDER_AND_TOKEN_SWITCH_BOUNDARIES
START_CHECK STRICT_KEY_BODY_AND_UNICODE_BOUNDARIES_RETAIN_NO_FAILED_COMMAND
PASS_CHECK STRICT_KEY_BODY_AND_UNICODE_BOUNDARIES_RETAIN_NO_FAILED_COMMAND
START_CHECK SAME_IMMUTABLE_COMMAND_ACKNOWLEDGES_ONCE_FOR_BOTH_PARTICIPANTS
PASS_CHECK SAME_IMMUTABLE_COMMAND_ACKNOWLEDGES_ONCE_FOR_BOTH_PARTICIPANTS
START_CHECK GLOBAL_SENDER_KEY_REJECTS_CHANGED_BODY_OR_AGREEMENT
PASS_CHECK GLOBAL_SENDER_KEY_REJECTS_CHANGED_BODY_OR_AGREEMENT
START_CHECK TRUE_CONCURRENT_RETRIES_ONE_MESSAGE_DISTINCT_PAYLOAD_ONE_WINNER
PASS_CHECK TRUE_CONCURRENT_RETRIES_ONE_MESSAGE_DISTINCT_PAYLOAD_ONE_WINNER
START_CHECK EVENT_FAILURE_ROLLS_BACK_MESSAGE_KEY_AND_DELIVERY_THEN_RETRY_SUCCEEDS
PASS_CHECK EVENT_FAILURE_ROLLS_BACK_MESSAGE_KEY_AND_DELIVERY_THEN_RETRY_SUCCEEDS
START_CHECK MESSAGE_FIRST_SERIALIZES_LIFECYCLE_THEN_TERMINAL_REPLAY_ACKNOWLEDGES
PASS_CHECK MESSAGE_FIRST_SERIALIZES_LIFECYCLE_THEN_TERMINAL_REPLAY_ACKNOWLEDGES
START_CHECK LIFECYCLE_FIRST_BLOCKS_NEW_MESSAGE_UNTIL_READ_ONLY_STATE_IS_VISIBLE
PASS_CHECK LIFECYCLE_FIRST_BLOCKS_NEW_MESSAGE_UNTIL_READ_ONLY_STATE_IS_VISIBLE
START_CHECK FINAL_DML_RLS_FUNCTION_HISTORY_AND_GATES_PRESERVED
PASS_CHECK FINAL_DML_RLS_FUNCTION_HISTORY_AND_GATES_PRESERVED
PASS D03_MESSAGE_RETRY
