17:29:22 device <serial withheld> physical HONOR VKP-NX9 android 16 arm64-v8a (1264, 2728) app 1.0.0 35 dfd6130034be992c
17:29:22 PASS INSTALLED_APK_IS_THE_BUILT_ARTIFACT {"installed": "dfd6130034be992cffb5314b845e14a78339d7b150d83c7dd3818918dbed5fc3", "expected": "dfd6130034be992cffb5314b845e14a78339d7b150d83c7dd3818918dbed5fc3"}
17:30:18 PASS LIST_SHOWS_CARDS_AND_A_COUNT {"cards": 5, "count": 7, "note": "identical labels collapse; the count line is the truth"}
17:30:28 map state: sheet (0, 2125, 1264, 2377) cards 0 list-count button True
17:30:31 markers on screen 0 not yet tried 0
17:30:31 FAIL MAP_HAS_A_TASK_BUCKET_TO_TIME {"tried": 0}
17:30:48 PASS PAN_SETTLES_TO_A_READ {"settled": ["OWN_MOVE"]}
17:30:48 PASS PAN_KEEPS_THE_TOP_LINE_AND_SHOWS_NO_ERROR {}
17:30:59 PASS ZOOM_OUT_SETTLES_TO_A_READ {"settled": ["OWN_MOVE"]}
17:30:59 PASS ZOOM_OUT_KEEPS_THE_TOP_LINE_AND_SHOWS_NO_ERROR {}
17:31:11 PASS ZOOM_IN_SETTLES_TO_A_READ {"settled": ["OWN_MOVE"]}
17:31:11 PASS ZOOM_IN_KEEPS_THE_TOP_LINE_AND_SHOWS_NO_ERROR {}
17:31:59 PASS LIST_SHOWS_CARDS_AND_A_COUNT {"cards": 5, "count": 7, "note": "identical labels collapse; the count line is the truth"}
17:32:13 PASS LIST_SURVIVES_FLINGS_WITH_ITS_TOP_LINE {"errors": []}
17:36:46 PASS EVERY_CYCLE_OPENED_AND_RETURNED {"returns": 20}
17:36:46 PASS APP_PROCESS_SURVIVED_CYCLES {"pids": ["14972"]}
17:36:46 PASS NO_MEMORY_ACCUMULATION_OVER_THE_CYCLES {"baseline_kb": 537640, "warm_kb": 632235, "peak_kb": 637474, "final_kb": 537562}
17:36:51 PASS NO_ANR_OR_CRASH {"anr": 0, "fatal": 0, "died": 0, "exitInfoAnr": 0, "exitInfoCrash": 0, "daveyOver700ms": 0, "daveyMaxMs": 0, "reanimatedDeadTagLines": 16558, "p6ReadFailed": 0, "viewToBitmapErrors": 0}
17:36:51 PASS NO_P6_READ_FAILURE_IN_THE_LOG {"count": 0}
17:36:54 PASS P6_READER_IS_RUNNING {"p6TraceLines": 50}
17:36:55 RESULT FAIL
