FAIL outputs/audit-20260924/client-voice-draft.repro.test.tsx (49.595 s)
  ● AUDIT CF01: successful held speech preserves a different unsent typed draft

    expect(received).toBe(expected) // Object.is equality

    Expected: "Već ukucano."
    Received: ""

      190 |   expect(mockSend.mock.calls[0][1]).toBe('Treba mi prevoz.');
      191 |   expect(await aiTurnIntentJournal.load(mockSession.user.id)).toBeNull();
    > 192 |   expect(input().value).toBe('Već ukucano.');
          |                         ^
      193 | });
      194 | it('AUDIT CF01: recovery of a successful held speech turn preserves the unsent typed draft', async () => {
      195 |   await render(); await type('Već ukucano.');

      at Object.toBe (outputs/audit-20260924/client-voice-draft.repro.test.tsx:192:25)
      at asyncGeneratorStep (node_modules/@babel/runtime/helpers/asyncToGenerator.js:3:17)
      at _next (node_modules/@babel/runtime/helpers/asyncToGenerator.js:17:9)

  ● AUDIT CF01: recovery of a successful held speech turn preserves the unsent typed draft

    expect(received).toBe(expected) // Object.is equality

    Expected: "Već ukucano."
    Received: ""

      201 |   await act(async () => button('Proveri ishod').onPress());
      202 |   expect(mockSend).toHaveBeenCalledTimes(1);
    > 203 |   expect(input().value).toBe('Već ukucano.');
          |                         ^
      204 | });

      at Object.toBe (outputs/audit-20260924/client-voice-draft.repro.test.tsx:203:25)
      at asyncGeneratorStep (node_modules/@babel/runtime/helpers/asyncToGenerator.js:3:17)
      at _next (node_modules/@babel/runtime/helpers/asyncToGenerator.js:17:9)

FAIL outputs/audit-20260924/client-terminal-photos.repro.test.tsx (16.687 s)
  ● AUDIT CF02: closing an Agreement keeps cancellation of its unsent photo reachable

    expect(received).toBeGreaterThan(expected)

    Expected: > 0
    Received:   0

      57 |   // It is correct to remove the NEW message composer; cancellation of this already prepared upload is still allowed.
      58 |   expect(tree.root.findAllByProps({ accessibilityLabel: 'Napiši poruku' })).toHaveLength(0);
    > 59 |   expect(tree.root.findAllByProps({ accessibilityLabel: 'Ukloni pripremljenu fotografiju 1' }).length).toBeGreaterThan(0);
         |                                                                                                        ^
      60 | });

      at Object.toBeGreaterThan (outputs/audit-20260924/client-terminal-photos.repro.test.tsx:59:104)
      at asyncGeneratorStep (node_modules/@babel/runtime/helpers/asyncToGenerator.js:3:17)
      at _next (node_modules/@babel/runtime/helpers/asyncToGenerator.js:17:9)

Test Suites: 2 failed, 2 total
Tests:       3 failed, 3 total
Snapshots:   0 total
Time:        72.579 s
Ran all test suites within paths "outputs/audit-20260924/client-voice-draft.repro.test.tsx", "outputs/audit-20260924/client-terminal-photos.repro.test.tsx".
Test results written to: outputs\audit-20260924\client-bc127755-result.json
