START_CHECK PREDECESSOR_AUTHENTICATED_INVALID_TIMEZONE_ROLLS_BACK_COUNTERPART_MESSAGE
PASS_CHECK PREDECESSOR_AUTHENTICATED_INVALID_TIMEZONE_ROLLS_BACK_COUNTERPART_MESSAGE
START_CHECK CANDIDATE_ABORTS_ON_INVALID_LEGACY_ROW_WITHOUT_PARTIAL_DDL
PASS_CHECK CANDIDATE_ABORTS_ON_INVALID_LEGACY_ROW_WITHOUT_PARTIAL_DDL
START_CHECK PREDECESSOR_RECOVERS_AFTER_OWNER_REMOVES_INVALID_PREFERENCE
PASS_CHECK PREDECESSOR_RECOVERS_AFTER_OWNER_REMOVES_INVALID_PREFERENCE
PASS N08_PREDECESSOR_REPRODUCTION
START_CHECK EXACT_FORWARD_FILE_PRESERVES_VALID_LEGACY_ROW_AND_ORIGINAL84_HISTORY
PASS_CHECK EXACT_FORWARD_FILE_PRESERVES_VALID_LEGACY_ROW_AND_ORIGINAL84_HISTORY
START_CHECK OWNER_DEFAULT_READ_HAS_NO_WRITE_OR_OPT_IN
PASS_CHECK OWNER_DEFAULT_READ_HAS_NO_WRITE_OR_OPT_IN
START_CHECK AUTH_ROLE_PAYLOAD_TIMEZONE_AND_TIME_INVARIANTS
PASS_CHECK AUTH_ROLE_PAYLOAD_TIMEZONE_AND_TIME_INVARIANTS
START_CHECK EXPECTED_ACTOR_REJECTS_OLD_ACCOUNT_INTENT_WITH_NEW_ACCOUNT_JWT
PASS_CHECK EXPECTED_ACTOR_REJECTS_OLD_ACCOUNT_INTENT_WITH_NEW_ACCOUNT_JWT
START_CHECK FIRST_WRITE_COMPLETE_PAYLOAD_RETRY_AND_REVOCATION_BOUNDARIES
PASS_CHECK FIRST_WRITE_COMPLETE_PAYLOAD_RETRY_AND_REVOCATION_BOUNDARIES
START_CHECK CONCURRENT_DISTINCT_COMMANDS_ONE_WINNER_IDENTICAL_COMMANDS_ONE_REVISION
PASS_CHECK CONCURRENT_DISTINCT_COMMANDS_ONE_WINNER_IDENTICAL_COMMANDS_ONE_REVISION
START_CHECK DIRECT_DML_OTHER_ACCOUNT_AND_SERVICE_REVISION_BOUNDARIES
PASS_CHECK DIRECT_DML_OTHER_ACCOUNT_AND_SERVICE_REVISION_BOUNDARIES
START_CHECK REAL_COUNTERPART_MESSAGES_RESPECT_PREFERENCES_AND_KEEP_INBOX_TRUTH
PASS_CHECK REAL_COUNTERPART_MESSAGES_RESPECT_PREFERENCES_AND_KEEP_INBOX_TRUTH
START_CHECK FINAL_PRIVILEGES_FINGERPRINTS_HISTORY_AND_FORBIDDEN_ACTIVATION
PASS_CHECK FINAL_PRIVILEGES_FINGERPRINTS_HISTORY_AND_FORBIDDEN_ACTIVATION
PASS N08_NOTIFICATION_PREFERENCES
