16:18:15 device HONOR-VKP-NX9 physical HONOR VKP-NX9 android 16 arm64-v8a (1264, 2728) app 1.0.0 35 3e933f37096a9f0e
16:19:02 PASS LIST_SHOWS_CARDS_AND_A_COUNT {"cards": 5, "count": 7, "note": "identical labels collapse; the count line is the truth"}
16:19:02 SKIP PIN_TIMING_MEASURED legacy reader: the build has no P6 trace lines
16:19:02 SKIP PEEK_DOES_NOT_MOVE_AFTER_IT_APPEARS legacy reader: the build has no P6 trace lines
16:19:21 SKIP PAN_SETTLES_TO_A_READ legacy reader: the build has no P6 trace lines
16:19:21 PASS PAN_KEEPS_THE_TOP_LINE_AND_SHOWS_NO_ERROR {}
16:19:33 SKIP ZOOM_OUT_SETTLES_TO_A_READ legacy reader: the build has no P6 trace lines
16:19:33 PASS ZOOM_OUT_KEEPS_THE_TOP_LINE_AND_SHOWS_NO_ERROR {}
16:19:44 SKIP ZOOM_IN_SETTLES_TO_A_READ legacy reader: the build has no P6 trace lines
16:19:44 PASS ZOOM_IN_KEEPS_THE_TOP_LINE_AND_SHOWS_NO_ERROR {}
16:20:33 PASS LIST_SHOWS_CARDS_AND_A_COUNT {"cards": 5, "count": 7, "note": "identical labels collapse; the count line is the truth"}
16:20:48 PASS LIST_SURVIVES_FLINGS_WITH_ITS_TOP_LINE {"errors": []}
16:22:49 FAIL CYCLE_10_DETAIL_OPENED {"title": "Privatni časovi matematike za dete", "tapped": [297, 2014], "card": [74, 1967, 1191, 2377]}
16:23:02 FAIL CYCLE_11_HAS_CARDS {}
16:23:13 FAIL EVERY_CYCLE_OPENED_AND_RETURNED {"returns": 9}
16:23:13 PASS APP_PROCESS_SURVIVED_CYCLES {"pids": ["15169"]}
16:23:13 PASS NO_MEMORY_ACCUMULATION_OVER_THE_CYCLES {"baseline_kb": 496468, "warm_kb": 614078, "peak_kb": 614078, "final_kb": 474236}
16:23:13 PASS NO_ANR_OR_CRASH {"anr": 0, "fatal": 0, "died": 0, "exitInfoAnr": 0, "exitInfoCrash": 0, "daveyOver700ms": 0, "daveyMaxMs": 0, "reanimatedDeadTagLines": 2031, "p6ReadFailed": 0, "viewToBitmapErrors": 0}
16:23:13 PASS NO_P6_READ_FAILURE_IN_THE_LOG {"count": 0}
16:23:15 RESULT FAIL
