         1790455055.870 16722 16798 I ReactNativeJS: [USKOCI_DISCOVERY_TRACE] [1,"seed",1,0,0,true,false,1]
         1790455057.644 16722 16798 I ReactNativeJS: [USKOCI_DISCOVERY_TRACE] [2,"content",true,1562.3,0,1562.3,-1]
         1790455060.901 16722 16798 I ReactNativeJS: [USKOCI_DISCOVERY_TRACE] [3,"ready",false,0,true,-1,0,923.4,true,true,true,1562.3,1562.3,0,-1,-1,false]
         1790455061.842 16722 16798 I ReactNativeJS: [USKOCI_DISCOVERY_TRACE] [4,"content",true,3005.3,1562.3,654.9,-1]
         1790455068.953 16722 16798 I ReactNativeJS: [USKOCI_DISCOVERY_TRACE] [5,"ready",false,0,true,-1,0,923.4,true,true,true,577.1,3005.3,577,-1,-1,false]
         1790455071.057 16722 16798 I ReactNativeJS: [USKOCI_DISCOVERY_TRACE] [6,"ready",false,1,true,-1,0,724.2,true,true,true,577.1,3005.3,577,0,-1,false]
         1790455340.340 17113 17133 I ReactNativeJS: [USKOCI_DISCOVERY_TRACE] [1,"seed",1,0,0,true,false,1]
         1790455343.806 17113 17133 I ReactNativeJS: [USKOCI_DISCOVERY_TRACE] [2,"content",true,1562.3,0,1562.3,-1]
         1790455347.866 17113 17133 I ReactNativeJS: [USKOCI_DISCOVERY_TRACE] [3,"content",true,3005.3,1562.3,654.9,-1]
         1790455351.136 17113 17133 I ReactNativeJS: [USKOCI_DISCOVERY_TRACE] [4,"ready",false,0,true,-1,0,923.4,true,true,true,654.9,3005.3,0,-1,-1,false]
         1790455354.620 17113 17133 I ReactNativeJS: [USKOCI_DISCOVERY_TRACE] [5,"ready",false,0,true,-1,0,923.4,true,true,true,577.1,3005.3,577,-1,-1,false]
         1790455356.286 17113 17133 I ReactNativeJS: [USKOCI_DISCOVERY_TRACE] [6,"ready",false,1,true,-1,0,724.2,true,true,true,577.1,3005.3,577,0,-1,false]
         1790455495.269 17113 17133 I ReactNativeJS: [USKOCI_DISCOVERY_TRACE] [7,"content",true,3067.4,3005.3,577.1,-1]
         1790455496.615 17113 17133 I ReactNativeJS: [USKOCI_DISCOVERY_TRACE] [8,"ready",false,1,true,-1,0,724.2,true,true,true,577.1,3067.4,577,0,-1,false]
         1790455496.615 17113 17133 I ReactNativeJS: [USKOCI_DISCOVERY_TRACE] [9,"content",true,3075,3067.4,577.1,-1]
         1790455497.215 17113 17133 I ReactNativeJS: [USKOCI_DISCOVERY_TRACE] [10,"ready",false,1,true,-1,0,723.9,true,true,true,577.1,3075,577,-1,-1,false]
         1790455498.636 17113 17133 I ReactNativeJS: [USKOCI_DISCOVERY_TRACE] [11,"ready",true,2,true,-1,0,147.2,true,true,true,577.1,3075,577,2,-1,true]
         1790455560.556 17113 17133 I ReactNativeJS: [USKOCI_DISCOVERY_TRACE] [12,"content",true,3053.3,3075,577.1,-1]
         1790455561.471 17113 17133 I ReactNativeJS: [USKOCI_DISCOVERY_TRACE] [13,"ready",true,2,true,-1,0,147.2,true,true,true,577.1,3053.3,577,2,-1,true]
         1790455599.086 17113 17133 I ReactNativeJS: [USKOCI_DISCOVERY_TRACE] [14,"ready",true,2,true,-1,0,147.2,true,true,true,577.1,3053.3,577,2,-1,false]
         1790455599.116 17113 17133 I ReactNativeJS: [USKOCI_DISCOVERY_TRACE] [15,"ready",true,2,true,-1,0,147.2,true,true,true,577.1,3053.3,577,-1,-1,false]
         1790455602.240 17113 17133 I ReactNativeJS: [USKOCI_DISCOVERY_TRACE] [16,"ready",true,2,true,-1,198.9,147.2,true,true,true,577.1,3053.3,577,2,-1,false]
         1790455602.241 17113 17133 I ReactNativeJS: [USKOCI_DISCOVERY_TRACE] [17,"ready",true,2,true,-1,198.9,147.2,true,true,true,577.1,3053.3,577,2,329.1,true]
         1790455602.241 17113 17133 I ReactNativeJS: [USKOCI_DISCOVERY_TRACE] [18,"ready",true,2,true,-1,198.9,147.2,true,true,true,577.1,3053.3,577,2,-1,false]
         1790455602.305 17113 17133 I ReactNativeJS: [USKOCI_DISCOVERY_TRACE] [19,"ready",true,2,true,-1,648.4,147.2,true,true,true,641.1,3053.3,577,-1,-1,false]
         1790455602.306 17113 17133 I ReactNativeJS: [USKOCI_DISCOVERY_TRACE] [20,"ready",true,2,true,-1,1040.4,147.2,true,true,true,641.1,3053.3,577,2,-1,false]
         1790455602.307 17113 17133 I ReactNativeJS: [USKOCI_DISCOVERY_TRACE] [21,"ready",true,2,true,-1,1040.4,147.2,true,true,true,641.1,3053.3,577,2,-1,true]
         1790455602.307 17113 17133 I ReactNativeJS: [USKOCI_DISCOVERY_TRACE] [22,"ready",true,2,true,-1,1040.4,147.2,true,true,true,641.1,3053.3,577,2,-1,false]
         1790455602.307 17113 17133 I ReactNativeJS: [USKOCI_DISCOVERY_TRACE] [23,"ready",true,2,true,-1,1040.4,147.2,true,true,true,641.1,3053.3,577,-1,-1,false]
         1790455602.310 17113 17133 I ReactNativeJS: [USKOCI_DISCOVERY_TRACE] [24,"ready",true,2,true,-1,1289.5,147.2,true,true,true,641.1,3053.3,577,2,-1,false]
         1790455602.310 17113 17133 I ReactNativeJS: [USKOCI_DISCOVERY_TRACE] [25,"ready",true,2,true,-1,1289.5,147.2,true,true,true,641.1,3053.3,577,2,-1,true]
         1790455602.310 17113 17133 I ReactNativeJS: [USKOCI_DISCOVERY_TRACE] [26,"ready",true,2,true,-1,1289.5,147.2,true,true,true,641.1,3053.3,577,2,-1,false]
         1790455602.310 17113 17133 I ReactNativeJS: [USKOCI_DISCOVERY_TRACE] [27,"ready",true,2,true,-1,1289.5,147.2,true,true,true,641.1,3053.3,577,2,-1,true]
         1790455603.936 17113 17133 I ReactNativeJS: [USKOCI_DISCOVERY_TRACE] [28,"ready",false,1,true,-1,1289.5,146.4,true,true,true,641.1,3053.3,641,-1,-1,false]
         1790455603.951 17113 17133 I ReactNativeJS: [USKOCI_DISCOVERY_TRACE] [29,"content",true,4053.7,3053.3,641.1,-1]
         1790455603.958 17113 17133 I ReactNativeJS: [USKOCI_DISCOVERY_TRACE] [30,"ready",false,1,true,-1,1289.5,146.4,true,true,true,641.1,4053.7,641,-1,-1,false]
         1790455605.179 17113 17133 I ReactNativeJS: [USKOCI_DISCOVERY_TRACE] [31,"ready",false,1,true,-1,1289.5,83.2,true,true,true,641.1,4053.7,641,-1,-1,false]
         1790455605.179 17113 17133 I ReactNativeJS: [USKOCI_DISCOVERY_TRACE] [32,"ready",true,2,true,-1,1289.5,83.2,true,true,true,641.1,4053.7,641,-1,-1,false]
         1790455605.731 17113 17133 I ReactNativeJS: [USKOCI_DISCOVERY_TRACE] [33,"ready",true,2,true,-1,1512.4,83.2,true,true,true,641.1,4053.7,641,2,-1,false]
         1790455605.732 17113 17133 I ReactNativeJS: [USKOCI_DISCOVERY_TRACE] [34,"ready",true,2,true,-1,1512.4,83.2,true,true,true,641.1,4053.7,641,2,1512.4,true]
         1790455605.733 17113 17133 I ReactNativeJS: [USKOCI_DISCOVERY_TRACE] [35,"ready",true,2,true,-1,1512.4,83.2,true,true,true,641.1,4053.7,641,2,-1,false]
         1790455605.734 17113 17133 I ReactNativeJS: [USKOCI_DISCOVERY_TRACE] [36,"content",true,4318.5,4053.7,641.1,-1]
         1790455605.748 17113 17133 I ReactNativeJS: [USKOCI_DISCOVERY_TRACE] [37,"ready",true,2,true,-1,1512.4,83.2,true,true,true,641.1,4318.5,641,2,1512.4,true]
         1790455606.167 17113 17133 I ReactNativeJS: [USKOCI_DISCOVERY_TRACE] [38,"ready",true,2,true,-1,1512.4,83.2,true,true,true,641.1,4318.5,641,2,-1,false]
         1790455606.168 17113 17133 I ReactNativeJS: [USKOCI_DISCOVERY_TRACE] [39,"ready",true,2,true,-1,1512.4,83.2,true,true,true,641.1,4318.5,641,-1,-1,false]
         1790455606.380 17113 17133 I ReactNativeJS: [USKOCI_DISCOVERY_TRACE] [40,"ready",true,2,true,-1,1660.2,83.2,true,true,true,641.1,4318.5,641,2,-1,false]
         1790455606.384 17113 17133 I ReactNativeJS: [USKOCI_DISCOVERY_TRACE] [41,"ready",true,2,true,-1,1660.2,83.2,true,true,true,641.1,4318.5,641,2,1660.2,true]
         1790455606.384 17113 17133 I ReactNativeJS: [USKOCI_DISCOVERY_TRACE] [42,"ready",true,2,true,-1,1660.2,83.2,true,true,true,641.1,4318.5,641,2,-1,false]
         1790455606.607 17113 17133 I ReactNativeJS: [USKOCI_DISCOVERY_TRACE] [43,"ready",true,2,true,-1,1660.2,83.2,true,true,true,641.1,4318.5,641,2,1660.2,true]
         1790455607.269 17113 17133 I ReactNativeJS: [USKOCI_DISCOVERY_TRACE] [44,"ready",true,2,true,-1,1660.2,83.2,true,true,true,641.1,4318.5,641,2,-1,false]
         1790455607.302 17113 17133 I ReactNativeJS: [USKOCI_DISCOVERY_TRACE] [45,"ready",true,2,true,-1,1660.2,83.2,true,true,true,641.1,4318.5,641,-1,-1,false]
         1790455607.550 17113 17133 I ReactNativeJS: [USKOCI_DISCOVERY_TRACE] [46,"ready",true,2,true,-1,1930.7,83.2,true,true,true,641.1,4318.5,641,2,-1,false]
         1790455607.552 17113 17133 I ReactNativeJS: [USKOCI_DISCOVERY_TRACE] [47,"ready",true,2,true,-1,1930.7,83.2,true,true,true,641.1,4318.5,641,2,1930.7,true]
         1790455607.559 17113 17133 I ReactNativeJS: [USKOCI_DISCOVERY_TRACE] [48,"ready",true,2,true,-1,1930.7,83.2,true,true,true,641.1,4318.5,641,2,-1,false]
         1790455608.409 17113 17133 I ReactNativeJS: [USKOCI_DISCOVERY_TRACE] [49,"ready",true,2,true,-1,1930.7,83.2,true,true,true,641.1,4318.5,641,2,1930.7,true]
         1790455608.455 17113 17133 I ReactNativeJS: [USKOCI_DISCOVERY_TRACE] [50,"content",true,4824,4318.5,641.1,-1]
         1790455608.460 17113 17133 I ReactNativeJS: [USKOCI_DISCOVERY_TRACE] [51,"ready",true,2,true,-1,1930.7,83.2,true,true,true,641.1,4824,641,2,-1,false]
         1790455608.460 17113 17133 I ReactNativeJS: [USKOCI_DISCOVERY_TRACE] [52,"ready",true,2,true,-1,1930.7,83.2,true,true,true,641.1,4824,641,-1,-1,false]
         1790455609.236 17113 17133 I ReactNativeJS: [USKOCI_DISCOVERY_TRACE] [53,"ready",true,2,true,-1,2291.8,83.2,true,true,true,641.1,4824,641,2,-1,false]
         1790455609.236 17113 17133 I ReactNativeJS: [USKOCI_DISCOVERY_TRACE] [54,"ready",true,2,true,-1,2291.8,83.2,true,true,true,641.1,4824,641,2,2291.8,true]
         1790455609.244 17113 17133 I ReactNativeJS: [USKOCI_DISCOVERY_TRACE] [55,"ready",true,2,true,-1,2291.8,83.2,true,true,true,641.1,4824,641,2,-1,false]
         1790455609.245 17113 17133 I ReactNativeJS: [USKOCI_DISCOVERY_TRACE] [56,"ready",true,2,true,-1,2291.8,83.2,true,true,true,641.1,4824,641,2,2291.8,true]
         1790455609.566 17113 17133 I ReactNativeJS: [USKOCI_DISCOVERY_TRACE] [57,"content",true,5044.2,4824,641.1,-1]
         1790455609.569 17113 17133 I ReactNativeJS: [USKOCI_DISCOVERY_TRACE] [58,"ready",true,2,true,-1,2291.8,83.2,true,true,true,641.1,5044.2,641,2,-1,false]
         1790455609.570 17113 17133 I ReactNativeJS: [USKOCI_DISCOVERY_TRACE] [59,"ready",true,2,true,-1,2291.8,83.2,true,true,true,641.1,5044.2,641,-1,-1,false]
         1790455610.219 17113 17133 I ReactNativeJS: [USKOCI_DISCOVERY_TRACE] [60,"ready",true,2,true,-1,2640,83.2,true,true,true,641.1,5044.2,641,2,-1,false]
         1790455610.221 17113 17133 I ReactNativeJS: [USKOCI_DISCOVERY_TRACE] [61,"ready",true,2,true,-1,2640,83.2,true,true,true,641.1,5044.2,641,2,2640,true]
         1790455610.221 17113 17133 I ReactNativeJS: [USKOCI_DISCOVERY_TRACE] [62,"ready",true,2,true,-1,2640,83.2,true,true,true,641.1,5044.2,641,2,-1,false]
         1790455610.223 17113 17133 I ReactNativeJS: [USKOCI_DISCOVERY_TRACE] [63,"ready",true,2,true,-1,2640,83.2,true,true,true,641.1,5044.2,641,2,2640,true]
         1790455610.857 17113 17133 I ReactNativeJS: [USKOCI_DISCOVERY_TRACE] [64,"content",true,5335.2,5044.2,641.1,-1]
         1790455610.867 17113 17133 I ReactNativeJS: [USKOCI_DISCOVERY_TRACE] [65,"ready",true,2,true,-1,2640,83.2,true,true,true,641.1,5335.2,641,2,-1,false]
         1790455610.867 17113 17133 I ReactNativeJS: [USKOCI_DISCOVERY_TRACE] [66,"ready",true,2,true,-1,2640,83.2,true,true,true,641.1,5335.2,641,-1,-1,false]
         1790455611.514 17113 17133 I ReactNativeJS: [USKOCI_DISCOVERY_TRACE] [67,"ready",true,2,true,-1,2990.5,83.2,true,true,true,641.1,5335.2,641,2,-1,false]
         1790455611.515 17113 17133 I ReactNativeJS: [USKOCI_DISCOVERY_TRACE] [68,"ready",true,2,true,-1,2990.5,83.2,true,true,true,641.1,5335.2,641,2,2990.5,true]
         1790455611.515 17113 17133 I ReactNativeJS: [USKOCI_DISCOVERY_TRACE] [69,"ready",true,2,true,-1,2990.5,83.2,true,true,true,641.1,5335.2,641,2,-1,false]
         1790455611.537 17113 17133 I ReactNativeJS: [USKOCI_DISCOVERY_TRACE] [70,"content",true,5593.9,5335.2,641.1,-1]
         1790455611.539 17113 17133 I ReactNativeJS: [USKOCI_DISCOVERY_TRACE] [71,"ready",true,2,true,-1,2990.5,83.2,true,true,true,641.1,5593.9,641,2,2990.5,true]
         1790455612.553 17113 17133 I ReactNativeJS: [USKOCI_DISCOVERY_TRACE] [72,"ready",true,2,true,-1,2990.5,83.2,true,true,true,641.1,5593.9,641,2,-1,false]
         1790455612.555 17113 17133 I ReactNativeJS: [USKOCI_DISCOVERY_TRACE] [73,"ready",true,2,true,-1,2990.5,83.2,true,true,true,641.1,5593.9,641,-1,-1,false]
         1790455612.600 17113 17133 I ReactNativeJS: [USKOCI_DISCOVERY_TRACE] [74,"content",true,5859,5593.9,641.1,-1]
         1790455612.606 17113 17133 I ReactNativeJS: [USKOCI_DISCOVERY_TRACE] [75,"ready",true,2,true,-1,3178.3,83.2,true,true,true,641.1,5859,641,2,-1,false]
         1790455612.606 17113 17133 I ReactNativeJS: [USKOCI_DISCOVERY_TRACE] [76,"ready",true,2,true,-1,3178.3,83.2,true,true,true,641.1,5859,641,2,3178.3,true]
         1790455612.607 17113 17133 I ReactNativeJS: [USKOCI_DISCOVERY_TRACE] [77,"ready",true,2,true,-1,3178.3,83.2,true,true,true,641.1,5859,641,2,-1,false]
         1790455612.608 17113 17133 I ReactNativeJS: [USKOCI_DISCOVERY_TRACE] [78,"ready",true,2,true,-1,3178.3,83.2,true,true,true,641.1,5859,641,2,3178.3,true]
         1790455613.380 17113 17133 I ReactNativeJS: [USKOCI_DISCOVERY_TRACE] [79,"ready",true,2,true,-1,3178.3,83.2,true,true,true,641.1,5859,641,2,-1,false]
         1790455613.381 17113 17133 I ReactNativeJS: [USKOCI_DISCOVERY_TRACE] [80,"ready",true,2,true,-1,3178.3,83.2,true,true,true,641.1,5859,641,-1,-1,false]
         1790455613.399 17113 17133 I ReactNativeJS: [USKOCI_DISCOVERY_TRACE] [81,"ready",true,2,true,-1,3422.5,83.2,true,true,true,641.1,5859,641,2,-1,false]
         1790455613.400 17113 17133 I ReactNativeJS: [USKOCI_DISCOVERY_TRACE] [82,"ready",true,2,true,-1,3422.5,83.2,true,true,true,641.1,5859,641,2,3422.5,true]
         1790455613.400 17113 17133 I ReactNativeJS: [USKOCI_DISCOVERY_TRACE] [83,"ready",true,2,true,-1,3422.5,83.2,true,true,true,641.1,5859,641,2,-1,false]
         1790455614.123 17113 17133 I ReactNativeJS: [USKOCI_DISCOVERY_TRACE] [84,"ready",true,2,true,-1,3422.5,83.2,true,true,true,641.1,5859,641,2,3422.5,true]
         1790455614.129 17113 17133 I ReactNativeJS: [USKOCI_DISCOVERY_TRACE] [85,"content",true,6079.2,5859,641.1,-1]
         1790455614.858 17113 17133 I ReactNativeJS: [USKOCI_DISCOVERY_TRACE] [86,"ready",true,2,true,-1,3422.5,83.2,true,true,true,641.1,6079.2,641,2,-1,false]
         1790455614.858 17113 17133 I ReactNativeJS: [USKOCI_DISCOVERY_TRACE] [87,"ready",true,2,true,-1,3422.5,83.2,true,true,true,641.1,6079.2,641,-1,-1,false]
         1790455614.858 17113 17133 I ReactNativeJS: [USKOCI_DISCOVERY_TRACE] [88,"ready",true,2,true,-1,3570.7,83.2,true,true,true,641.1,6079.2,641,2,-1,false]
         1790455614.858 17113 17133 I ReactNativeJS: [USKOCI_DISCOVERY_TRACE] [89,"ready",true,2,true,-1,3570.7,83.2,true,true,true,641.1,6079.2,641,2,3570.7,true]
         1790455614.858 17113 17133 I ReactNativeJS: [USKOCI_DISCOVERY_TRACE] [90,"ready",true,2,true,-1,3570.7,83.2,true,true,true,641.1,6079.2,641,2,-1,false]
         1790455615.322 17113 17133 I ReactNativeJS: [USKOCI_DISCOVERY_TRACE] [91,"ready",true,2,true,-1,3570.7,83.2,true,true,true,641.1,6079.2,641,2,3570.7,true]
         1790455615.346 17113 17133 I ReactNativeJS: [USKOCI_DISCOVERY_TRACE] [92,"content",true,6315.4,6079.2,641.1,-1]
         1790455615.348 17113 17133 I ReactNativeJS: [USKOCI_DISCOVERY_TRACE] [93,"ready",true,2,true,-1,3570.7,83.2,true,true,true,641.1,6315.4,641,2,-1,false]
         1790455615.348 17113 17133 I ReactNativeJS: [USKOCI_DISCOVERY_TRACE] [94,"ready",true,2,true,-1,3570.7,83.2,true,true,true,641.1,6315.4,641,-1,-1,false]
         1790455615.988 17113 17133 I ReactNativeJS: [USKOCI_DISCOVERY_TRACE] [95,"ready",true,2,true,-1,3987.8,83.2,true,true,true,641.1,6315.4,641,2,-1,false]
         1790455615.995 17113 17133 I ReactNativeJS: [USKOCI_DISCOVERY_TRACE] [96,"ready",true,2,true,-1,3987.8,83.2,true,true,true,641.1,6315.4,641,2,3987.8,true]
         1790455615.995 17113 17133 I ReactNativeJS: [USKOCI_DISCOVERY_TRACE] [97,"ready",true,2,true,-1,3987.8,83.2,true,true,true,641.1,6315.4,641,2,-1,false]
         1790455616.554 17113 17133 I ReactNativeJS: [USKOCI_DISCOVERY_TRACE] [98,"ready",true,2,true,-1,3987.8,83.2,true,true,true,641.1,6315.4,641,2,3987.8,true]
         1790455616.559 17113 17133 I ReactNativeJS: [USKOCI_DISCOVERY_TRACE] [99,"content",true,6849.1,6315.4,641.1,-1]
         1790455617.248 17113 17133 I ReactNativeJS: [USKOCI_DISCOVERY_TRACE] [100,"ready",true,2,true,-1,3987.8,83.2,true,true,true,641.1,6849.1,641,2,-1,false]
         1790455617.272 17113 17133 I ReactNativeJS: [USKOCI_DISCOVERY_TRACE] [101,"ready",true,2,true,-1,3987.8,83.2,true,true,true,641.1,6849.1,641,-1,-1,false]
         1790455617.299 17113 17133 I ReactNativeJS: [USKOCI_DISCOVERY_TRACE] [102,"ready",true,2,true,-1,4114.7,83.2,true,true,true,641.1,6849.1,641,2,-1,false]
         1790455617.315 17113 17133 I ReactNativeJS: [USKOCI_DISCOVERY_TRACE] [103,"ready",true,2,true,-1,4114.7,83.2,true,true,true,641.1,6849.1,641,2,4114.7,true]
         1790455617.315 17113 17133 I ReactNativeJS: [USKOCI_DISCOVERY_TRACE] [104,"ready",true,2,true,-1,4114.7,83.2,true,true,true,641.1,6849.1,641,2,-1,false]
         1790455617.483 17113 17133 I ReactNativeJS: [USKOCI_DISCOVERY_TRACE] [105,"ready",true,2,true,-1,4114.7,83.2,true,true,true,641.1,6849.1,641,2,4114.7,true]
         1790455617.924 17113 17133 I ReactNativeJS: [USKOCI_DISCOVERY_TRACE] [106,"ready",true,2,true,-1,4114.7,83.2,true,true,true,641.1,6849.1,641,2,-1,false]
         1790455617.949 17113 17133 I ReactNativeJS: [USKOCI_DISCOVERY_TRACE] [107,"ready",true,2,true,-1,4114.7,83.2,true,true,true,641.1,6849.1,641,-1,-1,false]
         1790455618.428 17113 17133 I ReactNativeJS: [USKOCI_DISCOVERY_TRACE] [108,"ready",true,2,true,-1,4394.7,83.2,true,true,true,641.1,6849.1,641,2,-1,false]
         1790455618.430 17113 17133 I ReactNativeJS: [USKOCI_DISCOVERY_TRACE] [109,"ready",true,2,true,-1,4394.7,83.2,true,true,true,641.1,6849.1,641,2,4394.7,true]
         1790455618.430 17113 17133 I ReactNativeJS: [USKOCI_DISCOVERY_TRACE] [110,"ready",true,2,true,-1,4394.7,83.2,true,true,true,641.1,6849.1,641,2,-1,false]
         1790455618.493 17113 17133 I ReactNativeJS: [USKOCI_DISCOVERY_TRACE] [111,"content",true,7085.3,6849.1,641.1,-1]
         1790455619.034 17113 17133 I ReactNativeJS: [USKOCI_DISCOVERY_TRACE] [112,"ready",true,2,true,-1,4394.7,83.2,true,true,true,641.1,7085.3,641,-1,-1,false]
         1790455620.029 17113 17133 I ReactNativeJS: [USKOCI_DISCOVERY_TRACE] [113,"ready",true,2,true,-1,4694.5,83.2,true,true,true,641.1,7085.3,641,2,4694.5,true]
         1790455620.042 17113 17133 I ReactNativeJS: [USKOCI_DISCOVERY_TRACE] [114,"ready",true,2,true,-1,4694.5,83.2,true,true,true,641.1,7085.3,641,2,-1,false]
         1790455620.045 17113 17133 I ReactNativeJS: [USKOCI_DISCOVERY_TRACE] [115,"content",true,7586.7,7085.3,641.1,-1]
         1790455620.087 17113 17133 I ReactNativeJS: [USKOCI_DISCOVERY_TRACE] [116,"ready",true,2,true,-1,4694.5,83.2,true,true,true,641.1,7586.7,641,2,4694.5,true]
         1790455620.973 17113 17133 I ReactNativeJS: [USKOCI_DISCOVERY_TRACE] [117,"ready",true,2,true,-1,4694.5,83.2,true,true,true,641.1,7586.7,641,2,-1,false]
         1790455620.980 17113 17133 I ReactNativeJS: [USKOCI_DISCOVERY_TRACE] [118,"ready",true,2,true,-1,4694.5,83.2,true,true,true,641.1,7586.7,641,-1,-1,false]
         1790455620.981 17113 17133 I ReactNativeJS: [USKOCI_DISCOVERY_TRACE] [119,"ready",true,2,true,-1,4982.5,83.2,true,true,true,641.1,7586.7,641,2,-1,false]
         1790455620.984 17113 17133 I ReactNativeJS: [USKOCI_DISCOVERY_TRACE] [120,"ready",true,2,true,-1,4982.5,83.2,true,true,true,641.1,7586.7,641,2,4982.5,true]
