PUBLIC NORMALIZED LOG COPY - credential values redacted where detected.
Original raw log retained outside Git in the workspace evidence archive.
Original SHA256: 302a00d26afbda9121597058466b13ac5dec9cfa657418f7d35df576274b081c

RECOVERED known_system_anr via Wait
APP_START returncode=0 stdout=Starting: Intent { cmp=rs.uskoci.n04proof/.MainActivity }
Status: ok
LaunchState: COLD
Activity: rs.uskoci.n04proof/.MainActivity
TotalTime: 1737
WaitTime: 1759
Complete
 stderr=
CHECKPOINT SIGNED_OUT_AUTH_NO_PRIVATE_TABS
CHECKPOINT AUTH_SHEET_OPEN attempt=1
CHECKPOINT UI_TEXT_ENTERED field=0 attempt=1
CHECKPOINT UI_TEXT_ENTERED field=1 attempt=1
EVIDENCE INBOX_requester_one_event
EVIDENCE INBOX_role_empty
EVIDENCE INBOX_requester_read_all
EVIDENCE INBOX_bell_zero
APP_START returncode=0 stdout=Starting: Intent { cmp=rs.uskoci.n04proof/.MainActivity }
Status: ok
LaunchState: COLD
Activity: rs.uskoci.n04proof/.MainActivity
TotalTime: 1936
WaitTime: 1938
Complete
 stderr=
CHECKPOINT SIGNED_OUT_AUTH_NO_PRIVATE_TABS
CHECKPOINT AUTH_SHEET_OPEN attempt=1
CHECKPOINT UI_TEXT_ENTERED field=0 attempt=1
CHECKPOINT UI_TEXT_ENTERED field=1 attempt=1
EVIDENCE INBOX_worker_selection_unread
EVIDENCE INBOX_selection_opens_real_agreement
EVIDENCE INBOX_selection_read_confirmed
EVIDENCE INBOX_next_page_available
EVIDENCE INBOX_second_page_loaded
EVIDENCE INBOX_worker_read_all
CHECKPOINT GATES_UNCHANGED {'publication_policy_bundles': '0', 'publication_decisions': '0', 'preselection_questions': '0', 'preselection_answers': '0', 'preselection_policy': '0', 'preselection_materiality': '0', 'preselection_commands': '0', 'fastest_needs': '0', 'autofill_selections': '0'}
PASS N04_PHYSICAL_INBOX two_real_auth event_read role_empty pagination bell agreement_target no_push
